Component: ARM Compiler 5.06 update 5 (build 528) Tool: armlink [4d35e2]

==============================================================================

Section Cross References

    startup_stm32f103xe.o(STACK) refers (Special) to heapauxi.o(.text) for __use_two_region_memory
    startup_stm32f103xe.o(HEAP) refers (Special) to heapauxi.o(.text) for __use_two_region_memory
    startup_stm32f103xe.o(RESET) refers (Special) to heapauxi.o(.text) for __use_two_region_memory
    startup_stm32f103xe.o(RESET) refers to startup_stm32f103xe.o(STACK) for __initial_sp
    startup_stm32f103xe.o(RESET) refers to startup_stm32f103xe.o(.text) for Reset_Handler
    startup_stm32f103xe.o(RESET) refers to stm32f1xx_it.o(i.NMI_Handler) for NMI_Handler
    startup_stm32f103xe.o(RESET) refers to stm32f1xx_it.o(i.HardFault_Handler) for HardFault_Handler
    startup_stm32f103xe.o(RESET) refers to stm32f1xx_it.o(i.MemManage_Handler) for MemManage_Handler
    startup_stm32f103xe.o(RESET) refers to stm32f1xx_it.o(i.BusFault_Handler) for BusFault_Handler
    startup_stm32f103xe.o(RESET) refers to stm32f1xx_it.o(i.UsageFault_Handler) for UsageFault_Handler
    startup_stm32f103xe.o(RESET) refers to stm32f1xx_it.o(i.SVC_Handler) for SVC_Handler
    startup_stm32f103xe.o(RESET) refers to stm32f1xx_it.o(i.DebugMon_Handler) for DebugMon_Handler
    startup_stm32f103xe.o(RESET) refers to stm32f1xx_it.o(i.PendSV_Handler) for PendSV_Handler
    startup_stm32f103xe.o(RESET) refers to stm32f1xx_it.o(i.SysTick_Handler) for SysTick_Handler
    startup_stm32f103xe.o(RESET) refers to stm32f1xx_it.o(i.USB_LP_CAN1_RX0_IRQHandler) for USB_LP_CAN1_RX0_IRQHandler
    startup_stm32f103xe.o(.text) refers (Special) to heapauxi.o(.text) for __use_two_region_memory
    startup_stm32f103xe.o(.text) refers to system_stm32f1xx.o(i.SystemInit) for SystemInit
    startup_stm32f103xe.o(.text) refers to __main.o(!!!main) for __main
    startup_stm32f103xe.o(.text) refers to startup_stm32f103xe.o(HEAP) for Heap_Mem
    startup_stm32f103xe.o(.text) refers to startup_stm32f103xe.o(STACK) for Stack_Mem
    main.o(i.MX_GPIO_Init) refers to stm32f1xx_hal_gpio.o(i.HAL_GPIO_WritePin) for HAL_GPIO_WritePin
    main.o(i.MX_GPIO_Init) refers to stm32f1xx_hal_gpio.o(i.HAL_GPIO_Init) for HAL_GPIO_Init
    main.o(i.SystemClock_Config) refers to rt_memclr_w.o(.text) for __aeabi_memclr4
    main.o(i.SystemClock_Config) refers to stm32f1xx_hal_rcc.o(i.HAL_RCC_OscConfig) for HAL_RCC_OscConfig
    main.o(i.SystemClock_Config) refers to stm32f1xx_hal_rcc.o(i.HAL_RCC_ClockConfig) for HAL_RCC_ClockConfig
    main.o(i.SystemClock_Config) refers to stm32f1xx_hal_rcc_ex.o(i.HAL_RCCEx_PeriphCLKConfig) for HAL_RCCEx_PeriphCLKConfig
    main.o(i.main) refers to _printf_percent.o(.ARM.Collect$$_printf_percent$$00000000) for _printf_percent
    main.o(i.main) refers to _printf_d.o(.ARM.Collect$$_printf_percent$$00000009) for _printf_d
    main.o(i.main) refers to _printf_dec.o(.text) for _printf_int_dec
    main.o(i.main) refers to stm32f1xx_hal.o(i.HAL_Init) for HAL_Init
    main.o(i.main) refers to main.o(i.SystemClock_Config) for SystemClock_Config
    main.o(i.main) refers to main.o(i.MX_GPIO_Init) for MX_GPIO_Init
    main.o(i.main) refers to usb_device.o(i.MX_USB_DEVICE_Init) for MX_USB_DEVICE_Init
    main.o(i.main) refers to stm32f1xx_hal_dac.o(i.HAL_DAC_Init) for HAL_DAC_Init
    main.o(i.main) refers to stm32f1xx_hal_dac.o(i.HAL_DAC_ConfigChannel) for HAL_DAC_ConfigChannel
    main.o(i.main) refers to dwt_stm32_delay.o(i.DWT_Delay_Init) for DWT_Delay_Init
    main.o(i.main) refers to ad7606.o(i.AD7606_config) for AD7606_config
    main.o(i.main) refers to stm32f1xx_hal_dac.o(i.HAL_DAC_Start) for HAL_DAC_Start
    main.o(i.main) refers to usbd_cdc_if.o(i.VCP_retrieveInputData) for VCP_retrieveInputData
    main.o(i.main) refers to fflt_clz.o(x$fpl$ffltu) for __aeabi_ui2f
    main.o(i.main) refers to fdiv.o(x$fpl$fdiv) for __aeabi_fdiv
    main.o(i.main) refers to fmul.o(x$fpl$fmul) for __aeabi_fmul
    main.o(i.main) refers to ffixu.o(x$fpl$ffixu) for __aeabi_f2uiz
    main.o(i.main) refers to rt_memclr_w.o(.text) for __aeabi_memclr4
    main.o(i.main) refers to noretval__2sprintf.o(.text) for __2sprintf
    main.o(i.main) refers to strlen.o(.text) for strlen
    main.o(i.main) refers to usbd_cdc_if.o(i.CDC_Transmit_FS) for CDC_Transmit_FS
    main.o(i.main) refers to stm32f1xx_hal.o(i.HAL_Delay) for HAL_Delay
    main.o(i.main) refers to main.o(.bss) for .bss
    main.o(i.main) refers to main.o(.data) for .data
    stm32f1xx_it.o(i.SysTick_Handler) refers to stm32f1xx_hal.o(i.HAL_IncTick) for HAL_IncTick
    stm32f1xx_it.o(i.USB_LP_CAN1_RX0_IRQHandler) refers to stm32f1xx_hal_pcd.o(i.HAL_PCD_IRQHandler) for HAL_PCD_IRQHandler
    stm32f1xx_it.o(i.USB_LP_CAN1_RX0_IRQHandler) refers to usbd_conf.o(.bss) for hpcd_USB_FS
    stm32f1xx_hal_msp.o(i.HAL_DAC_MspDeInit) refers to stm32f1xx_hal_gpio.o(i.HAL_GPIO_DeInit) for HAL_GPIO_DeInit
[...]
    i.CDC_Receive_FS                         0x0800073c   Section        0  usbd_cdc_if.o(i.CDC_Receive_FS)
    CDC_Receive_FS                           0x0800073d   Thumb Code    60  usbd_cdc_if.o(i.CDC_Receive_FS)
    i.CDC_Transmit_FS                        0x08000784   Section        0  usbd_cdc_if.o(i.CDC_Transmit_FS)
    i.DWT_Delay_Init                         0x080007b0   Section        0  dwt_stm32_delay.o(i.DWT_Delay_Init)
    i.DebugMon_Handler                       0x080007f4   Section        0  stm32f1xx_it.o(i.DebugMon_Handler)
    i.Error_Handler                          0x080007f6   Section        0  main.o(i.Error_Handler)
    i.HAL_DAC_ConfigChannel                  0x080007fa   Section        0  stm32f1xx_hal_dac.o(i.HAL_DAC_ConfigChannel)
    i.HAL_DAC_Init                           0x08000840   Section        0  stm32f1xx_hal_dac.o(i.HAL_DAC_Init)
    i.HAL_DAC_MspInit                        0x08000868   Section        0  stm32f1xx_hal_msp.o(i.HAL_DAC_MspInit)
    i.HAL_DAC_Start                          0x080008c0   Section        0  stm32f1xx_hal_dac.o(i.HAL_DAC_Start)
    i.HAL_Delay                              0x0800091c   Section        0  stm32f1xx_hal.o(i.HAL_Delay)
    i.HAL_GPIO_Init                          0x08000940   Section        0  stm32f1xx_hal_gpio.o(i.HAL_GPIO_Init)
    i.HAL_GPIO_WritePin                      0x08000b38   Section        0  stm32f1xx_hal_gpio.o(i.HAL_GPIO_WritePin)
    i.HAL_GetTick                            0x08000b44   Section        0  stm32f1xx_hal.o(i.HAL_GetTick)
    i.HAL_IncTick                            0x08000b50   Section        0  stm32f1xx_hal.o(i.HAL_IncTick)
    i.HAL_Init                               0x08000b60   Section        0  stm32f1xx_hal.o(i.HAL_Init)
    i.HAL_InitTick                           0x08000b84   Section        0  stm32f1xx_hal.o(i.HAL_InitTick)
    i.HAL_MspInit                            0x08000bc4   Section        0  stm32f1xx_hal_msp.o(i.HAL_MspInit)
    i.HAL_NVIC_EnableIRQ                     0x08000c00   Section        0  stm32f1xx_hal_cortex.o(i.HAL_NVIC_EnableIRQ)
    i.HAL_NVIC_SetPriority                   0x08000c1c   Section        0  stm32f1xx_hal_cortex.o(i.HAL_NVIC_SetPriority)
    i.HAL_NVIC_SetPriorityGrouping           0x08000c5c   Section        0  stm32f1xx_hal_cortex.o(i.HAL_NVIC_SetPriorityGrouping)
    i.HAL_PCDEx_PMAConfig                    0x08000c80   Section        0  stm32f1xx_hal_pcd_ex.o(i.HAL_PCDEx_PMAConfig)
    i.HAL_PCDEx_SetConnectionState           0x08000cbc   Section        0  usbd_conf.o(i.HAL_PCDEx_SetConnectionState)
    i.HAL_PCD_DataInStageCallback            0x08000cbe   Section        0  usbd_conf.o(i.HAL_PCD_DataInStageCallback)
    i.HAL_PCD_DataOutStageCallback           0x08000cd0   Section        0  usbd_conf.o(i.HAL_PCD_DataOutStageCallback)
    i.HAL_PCD_EP_Close                       0x08000ce4   Section        0  stm32f1xx_hal_pcd.o(i.HAL_PCD_EP_Close)
    i.HAL_PCD_EP_ClrStall                    0x08000d30   Section        0  stm32f1xx_hal_pcd.o(i.HAL_PCD_EP_ClrStall)
    i.HAL_PCD_EP_DB_Receive                  0x08000d8c   Section        0  stm32f1xx_hal_pcd.o(i.HAL_PCD_EP_DB_Receive)
    HAL_PCD_EP_DB_Receive                    0x08000d8d   Thumb Code   230  stm32f1xx_hal_pcd.o(i.HAL_PCD_EP_DB_Receive)
    i.HAL_PCD_EP_DB_Transmit                 0x08000e72   Section        0  stm32f1xx_hal_pcd.o(i.HAL_PCD_EP_DB_Transmit)
    HAL_PCD_EP_DB_Transmit                   0x08000e73   Thumb Code   816  stm32f1xx_hal_pcd.o(i.HAL_PCD_EP_DB_Transmit)
    i.HAL_PCD_EP_GetRxCount                  0x080011a2   Section        0  stm32f1xx_hal_pcd.o(i.HAL_PCD_EP_GetRxCount)
    i.HAL_PCD_EP_Open                        0x080011b4   Section        0  stm32f1xx_hal_pcd.o(i.HAL_PCD_EP_Open)
    i.HAL_PCD_EP_Receive                     0x08001214   Section        0  stm32f1xx_hal_pcd.o(i.HAL_PCD_EP_Receive)
    i.HAL_PCD_EP_SetStall                    0x08001246   Section        0  stm32f1xx_hal_pcd.o(i.HAL_PCD_EP_SetStall)
    i.HAL_PCD_EP_Transmit                    0x080012b8   Section        0  stm32f1xx_hal_pcd.o(i.HAL_PCD_EP_Transmit)
    i.HAL_PCD_IRQHandler                     0x080012ec   Section        0  stm32f1xx_hal_pcd.o(i.HAL_PCD_IRQHandler)
    i.HAL_PCD_Init                           0x08001440   Section        0  stm32f1xx_hal_pcd.o(i.HAL_PCD_Init)
    i.HAL_PCD_MspInit                        0x0800151c   Section        0  usbd_conf.o(i.HAL_PCD_MspInit)
    i.HAL_PCD_ResetCallback                  0x08001558   Section        0  usbd_conf.o(i.HAL_PCD_ResetCallback)
    i.HAL_PCD_ResumeCallback                 0x0800157e   Section        0  usbd_conf.o(i.HAL_PCD_ResumeCallback)
    i.HAL_PCD_SOFCallback                    0x08001586   Section        0  usbd_conf.o(i.HAL_PCD_SOFCallback)
    i.HAL_PCD_SetAddress                     0x0800158e   Section        0  stm32f1xx_hal_pcd.o(i.HAL_PCD_SetAddress)
    i.HAL_PCD_SetupStageCallback             0x080015b6   Section        0  usbd_conf.o(i.HAL_PCD_SetupStageCallback)
    i.HAL_PCD_Start                          0x080015c4   Section        0  stm32f1xx_hal_pcd.o(i.HAL_PCD_Start)
    i.HAL_PCD_SuspendCallback                0x080015f8   Section        0  usbd_conf.o(i.HAL_PCD_SuspendCallback)
    i.HAL_RCCEx_PeriphCLKConfig              0x0800161c   Section        0  stm32f1xx_hal_rcc_ex.o(i.HAL_RCCEx_PeriphCLKConfig)
    i.HAL_RCC_ClockConfig                    0x08001708   Section        0  stm32f1xx_hal_rcc.o(i.HAL_RCC_ClockConfig)
    i.HAL_RCC_GetSysClockFreq                0x08001834   Section        0  stm32f1xx_hal_rcc.o(i.HAL_RCC_GetSysClockFreq)
    i.HAL_RCC_OscConfig                      0x080018a0   Section        0  stm32f1xx_hal_rcc.o(i.HAL_RCC_OscConfig)
    i.HAL_SYSTICK_Config                     0x08001bc0   Section        0  stm32f1xx_hal_cortex.o(i.HAL_SYSTICK_Config)
    i.HardFault_Handler                      0x08001be8   Section        0  stm32f1xx_it.o(i.HardFault_Handler)
    i.IntToUnicode                           0x08001bec   Section        0  usbd_desc.o(i.IntToUnicode)
    IntToUnicode                             0x08001bed   Thumb Code    56  usbd_desc.o(i.IntToUnicode)
    i.MX_GPIO_Init                           0x08001c24   Section        0  main.o(i.MX_GPIO_Init)
    MX_GPIO_Init                             0x08001c25   Thumb Code   226  main.o(i.MX_GPIO_Init)
    i.MX_USB_DEVICE_Init                     0x08001d1c   Section        0  usb_device.o(i.MX_USB_DEVICE_Init)
    i.MemManage_Handler                      0x08001d70   Section        0  stm32f1xx_it.o(i.MemManage_Handler)
    i.NMI_Handler                            0x08001d72   Section        0  stm32f1xx_it.o(i.NMI_Handler)
    i.PCD_EP_ISR_Handler                     0x08001d74   Section        0  stm32f1xx_hal_pcd.o(i.PCD_EP_ISR_Handler)
    PCD_EP_ISR_Handler                       0x08001d75   Thumb Code   788  stm32f1xx_hal_pcd.o(i.PCD_EP_ISR_Handler)
    i.PendSV_Handler                         0x08002088   Section        0  stm32f1xx_it.o(i.PendSV_Handler)
    i.SVC_Handler                            0x0800208a   Section        0  stm32f1xx_it.o(i.SVC_Handler)
    i.SysTick_Handler                        0x0800208c   Section        0  stm32f1xx_it.o(i.SysTick_Handler)
    i.SystemClock_Config                     0x08002090   Section        0  main.o(i.SystemClock_Config)
    i.SystemInit                             0x08002108   Section        0  system_stm32f1xx.o(i.SystemInit)
    i.USBD_CDC_DataIn                        0x0800210a   Section        0  usbd_cdc.o(i.USBD_CDC_DataIn)
    USBD_CDC_DataIn                          0x0800210b   Thumb Code    70  usbd_cdc.o(i.USBD_CDC_DataIn)
    i.USBD_CDC_DataOut                       0x08002150   Section        0  usbd_cdc.o(i.USBD_CDC_DataOut)
    USBD_CDC_DataOut                         0x08002151   Thumb Code    46  usbd_cdc.o(i.USBD_CDC_DataOut)
    i.USBD_CDC_DeInit                        0x0800217e   Section        0  usbd_cdc.o(i.USBD_CDC_DeInit)
    USBD_CDC_DeInit                          0x0800217f   Thumb Code    68  usbd_cdc.o(i.USBD_CDC_DeInit)
    i.USBD_CDC_EP0_RxReady                   0x080021c2   Section        0  usbd_cdc.o(i.USBD_CDC_EP0_RxReady)
    USBD_CDC_EP0_RxReady                     0x080021c3   Thumb Code    36  usbd_cdc.o(i.USBD_CDC_EP0_RxReady)
    i.USBD_CDC_GetDeviceQualifierDescriptor  0x080021e8   Section        0  usbd_cdc.o(i.USBD_CDC_GetDeviceQualifierDescriptor)
    i.USBD_CDC_GetFSCfgDesc                  0x080021f4   Section        0  usbd_cdc.o(i.USBD_CDC_GetFSCfgDesc)
    USBD_CDC_GetFSCfgDesc                    0x080021f5   Thumb Code     8  usbd_cdc.o(i.USBD_CDC_GetFSCfgDesc)
    i.USBD_CDC_GetHSCfgDesc                  0x08002200   Section        0  usbd_cdc.o(i.USBD_CDC_GetHSCfgDesc)
    USBD_CDC_GetHSCfgDesc                    0x08002201   Thumb Code     8  usbd_cdc.o(i.USBD_CDC_GetHSCfgDesc)
    i.USBD_CDC_GetOtherSpeedCfgDesc          0x0800220c   Section        0  usbd_cdc.o(i.USBD_CDC_GetOtherSpeedCfgDesc)
    USBD_CDC_GetOtherSpeedCfgDesc            0x0800220d   Thumb Code     8  usbd_cdc.o(i.USBD_CDC_GetOtherSpeedCfgDesc)
    i.USBD_CDC_Init                          0x08002218   Section        0  usbd_cdc.o(i.USBD_CDC_Init)
    USBD_CDC_Init                            0x08002219   Thumb Code   148  usbd_cdc.o(i.USBD_CDC_Init)
    i.USBD_CDC_ReceivePacket                 0x080022ac   Section        0  usbd_cdc.o(i.USBD_CDC_ReceivePacket)
    i.USBD_CDC_RegisterInterface             0x080022d4   Section        0  usbd_cdc.o(i.USBD_CDC_RegisterInterface)
    i.USBD_CDC_SetRxBuffer                   0x080022e4   Section        0  usbd_cdc.o(i.USBD_CDC_SetRxBuffer)
    i.USBD_CDC_SetTxBuffer                   0x080022f0   Section        0  usbd_cdc.o(i.USBD_CDC_SetTxBuffer)
    i.USBD_CDC_Setup                         0x08002300   Section        0  usbd_cdc.o(i.USBD_CDC_Setup)
    USBD_CDC_Setup                           0x08002301   Thumb Code   172  usbd_cdc.o(i.USBD_CDC_Setup)
    i.USBD_CDC_TransmitPacket                0x080023ac   Section        0  usbd_cdc.o(i.USBD_CDC_TransmitPacket)
    i.USBD_ClrClassConfig                    0x080023e2   Section        0  usbd_core.o(i.USBD_ClrClassConfig)
    i.USBD_CtlContinueRx                     0x080023f0   Section        0  usbd_ioreq.o(i.USBD_CtlContinueRx)
    i.USBD_CtlContinueSendData               0x08002400   Section        0  usbd_ioreq.o(i.USBD_CtlContinueSendData)
    i.USBD_CtlError                          0x08002410   Section        0  usbd_ctlreq.o(i.USBD_CtlError)
    i.USBD_CtlPrepareRx                      0x08002426   Section        0  usbd_ioreq.o(i.USBD_CtlPrepareRx)
    i.USBD_CtlReceiveStatus                  0x08002444   Section        0  usbd_ioreq.o(i.USBD_CtlReceiveStatus)
    i.USBD_CtlSendData                       0x0800245a   Section        0  usbd_ioreq.o(i.USBD_CtlSendData)
    i.USBD_CtlSendStatus                     0x08002474   Section        0  usbd_ioreq.o(i.USBD_CtlSendStatus)
    i.USBD_FS_ConfigStrDescriptor            0x0800248c   Section        0  usbd_desc.o(i.USBD_FS_ConfigStrDescriptor)
    i.USBD_FS_DeviceDescriptor               0x080024ac   Section        0  usbd_desc.o(i.USBD_FS_DeviceDescriptor)
    i.USBD_FS_InterfaceStrDescriptor         0x080024b8   Section        0  usbd_desc.o(i.USBD_FS_InterfaceStrDescriptor)
    i.USBD_FS_LangIDStrDescriptor            0x080024dc   Section        0  usbd_desc.o(i.USBD_FS_LangIDStrDescriptor)
    i.USBD_FS_ManufacturerStrDescriptor      0x080024e8   Section        0  usbd_desc.o(i.USBD_FS_ManufacturerStrDescriptor)
    i.USBD_FS_ProductStrDescriptor           0x08002510   Section        0  usbd_desc.o(i.USBD_FS_ProductStrDescriptor)
    i.USBD_FS_SerialStrDescriptor            0x0800253c   Section        0  usbd_desc.o(i.USBD_FS_SerialStrDescriptor)
    i.USBD_GetDescriptor                     0x08002574   Section        0  usbd_ctlreq.o(i.USBD_GetDescriptor)
    USBD_GetDescriptor                       0x08002575   Thumb Code   232  usbd_ctlreq.o(i.USBD_GetDescriptor)
    i.USBD_GetString                         0x0800265c   Section        0  usbd_ctlreq.o(i.USBD_GetString)
    i.USBD_Get_USB_Status                    0x080026a4   Section        0  usbd_conf.o(i.USBD_Get_USB_Status)
    USBD_Get_USB_Status                      0x080026a5   Thumb Code    24  usbd_conf.o(i.USBD_Get_USB_Status)
    i.USBD_Init                              0x080026bc   Section        0  usbd_core.o(i.USBD_Init)
    i.USBD_LL_ClearStallEP                   0x080026e6   Section        0  usbd_conf.o(i.USBD_LL_ClearStallEP)
    i.USBD_LL_CloseEP                        0x080026f8   Section        0  usbd_conf.o(i.USBD_LL_CloseEP)
    i.USBD_LL_DataInStage                    0x0800270a   Section        0  usbd_core.o(i.USBD_LL_DataInStage)
    i.USBD_LL_DataOutStage                   0x080027d0   Section        0  usbd_core.o(i.USBD_LL_DataOutStage)
    i.USBD_LL_GetRxDataSize                  0x08002852   Section        0  usbd_conf.o(i.USBD_LL_GetRxDataSize)
    i.USBD_LL_Init                           0x0800285c   Section        0  usbd_conf.o(i.USBD_LL_Init)
    i.USBD_LL_IsStallEP                      0x080028dc   Section        0  usbd_conf.o(i.USBD_LL_IsStallEP)
    i.USBD_LL_OpenEP                         0x080028fc   Section        0  usbd_conf.o(i.USBD_LL_OpenEP)
    i.USBD_LL_PrepareReceive                 0x08002914   Section        0  usbd_conf.o(i.USBD_LL_PrepareReceive)
    i.USBD_LL_Reset                          0x08002926   Section        0  usbd_core.o(i.USBD_LL_Reset)
    i.USBD_LL_Resume                         0x08002976   Section        0  usbd_core.o(i.USBD_LL_Resume)
    i.USBD_LL_SOF                            0x0800298a   Section        0  usbd_core.o(i.USBD_LL_SOF)
    i.USBD_LL_SetSpeed                       0x080029a2   Section        0  usbd_core.o(i.USBD_LL_SetSpeed)
    i.USBD_LL_SetUSBAddress                  0x080029a8   Section        0  usbd_conf.o(i.USBD_LL_SetUSBAddress)
    i.USBD_LL_SetupStage                     0x080029ba   Section        0  usbd_core.o(i.USBD_LL_SetupStage)
    i.USBD_LL_StallEP                        0x08002a14   Section        0  usbd_conf.o(i.USBD_LL_StallEP)
    i.USBD_LL_Start                          0x08002a26   Section        0  usbd_conf.o(i.USBD_LL_Start)
    i.USBD_LL_Suspend                        0x08002a38   Section        0  usbd_core.o(i.USBD_LL_Suspend)
    i.USBD_LL_Transmit                       0x08002a4a   Section        0  usbd_conf.o(i.USBD_LL_Transmit)
    i.USBD_ParseSetupRequest                 0x08002a5c   Section        0  usbd_ctlreq.o(i.USBD_ParseSetupRequest)
    i.USBD_RegisterClass                     0x08002a84   Section        0  usbd_core.o(i.USBD_RegisterClass)
    i.USBD_SetClassConfig                    0x08002a94   Section        0  usbd_core.o(i.USBD_SetClassConfig)
    i.USBD_SetConfig                         0x08002aac   Section        0  usbd_ctlreq.o(i.USBD_SetConfig)
    USBD_SetConfig                           0x08002aad   Thumb Code   128  usbd_ctlreq.o(i.USBD_SetConfig)
    i.USBD_Start                             0x08002b30   Section        0  usbd_core.o(i.USBD_Start)
    i.USBD_StdDevReq                         0x08002b3a   Section        0  usbd_ctlreq.o(i.USBD_StdDevReq)
    i.USBD_StdEPReq                          0x08002c4c   Section        0  usbd_ctlreq.o(i.USBD_StdEPReq)
    i.USBD_StdItfReq                         0x08002d9c   Section        0  usbd_ctlreq.o(i.USBD_StdItfReq)
    i.USBD_static_free                       0x08002dea   Section        0  usbd_conf.o(i.USBD_static_free)
    i.USBD_static_malloc                     0x08002dec   Section        0  usbd_conf.o(i.USBD_static_malloc)
    i.USB_ActivateEndpoint                   0x08002df4   Section        0  stm32f1xx_ll_usb.o(i.USB_ActivateEndpoint)
    i.USB_CoreInit                           0x0800304c   Section        0  stm32f1xx_ll_usb.o(i.USB_CoreInit)
    i.USB_DeactivateEndpoint                 0x08003050   Section        0  stm32f1xx_ll_usb.o(i.USB_DeactivateEndpoint)
    i.USB_DevConnect                         0x0800315e   Section        0  stm32f1xx_ll_usb.o(i.USB_DevConnect)
    i.USB_DevDisconnect                      0x08003162   Section        0  stm32f1xx_ll_usb.o(i.USB_DevDisconnect)
    i.USB_DevInit                            0x08003166   Section        0  stm32f1xx_ll_usb.o(i.USB_DevInit)
    i.USB_DisableGlobalInt                   0x08003178   Section        0  stm32f1xx_ll_usb.o(i.USB_DisableGlobalInt)
    i.USB_EP0_OutStart                       0x08003186   Section        0  stm32f1xx_ll_usb.o(i.USB_EP0_OutStart)
    i.USB_EPClearStall                       0x0800318a   Section        0  stm32f1xx_ll_usb.o(i.USB_EPClearStall)
    i.USB_EPSetStall                         0x08003202   Section        0  stm32f1xx_ll_usb.o(i.USB_EPSetStall)
    i.USB_EPStartXfer                        0x08003234   Section        0  stm32f1xx_ll_usb.o(i.USB_EPStartXfer)
    i.USB_EnableGlobalInt                    0x08003840   Section        0  stm32f1xx_ll_usb.o(i.USB_EnableGlobalInt)
    i.USB_LP_CAN1_RX0_IRQHandler             0x08003854   Section        0  stm32f1xx_it.o(i.USB_LP_CAN1_RX0_IRQHandler)
    i.USB_ReadInterrupts                     0x08003860   Section        0  stm32f1xx_ll_usb.o(i.USB_ReadInterrupts)
    i.USB_ReadPMA                            0x08003868   Section        0  stm32f1xx_ll_usb.o(i.USB_ReadPMA)
    i.USB_SetCurrentMode                     0x08003894   Section        0  stm32f1xx_ll_usb.o(i.USB_SetCurrentMode)
    i.USB_SetDevAddress                      0x08003898   Section        0  stm32f1xx_ll_usb.o(i.USB_SetDevAddress)
    i.USB_WritePMA                           0x080038a4   Section        0  stm32f1xx_ll_usb.o(i.USB_WritePMA)
    i.UsageFault_Handler                     0x080038ca   Section        0  stm32f1xx_it.o(i.UsageFault_Handler)
    i.VCP_retrieveInputData                  0x080038cc   Section        0  usbd_cdc_if.o(i.VCP_retrieveInputData)
    i.__NVIC_SetPriority                     0x08003918   Section        0  stm32f1xx_hal_cortex.o(i.__NVIC_SetPriority)
    __NVIC_SetPriority                       0x08003919   Thumb Code    32  stm32f1xx_hal_cortex.o(i.__NVIC_SetPriority)
    i.main                                   0x08003938   Section        0  main.o(i.main)
    x$fpl$fdiv                               0x08003a60   Section      388  fdiv.o(x$fpl$fdiv)
    _fdiv1                                   0x08003a61   Thumb Code     0  fdiv.o(x$fpl$fdiv)
    x$fpl$ffixu                              0x08003be4   Section       62  ffixu.o(x$fpl$ffixu)
    x$fpl$ffltu                              0x08003c24   Section       38  fflt_clz.o(x$fpl$ffltu)
    x$fpl$fmul                               0x08003c4c   Section      258  fmul.o(x$fpl$fmul)
    x$fpl$fnaninf                            0x08003d4e   Section      140  fnaninf.o(x$fpl$fnaninf)
    x$fpl$fretinf                            0x08003dda   Section       10  fretinf.o(x$fpl$fretinf)
    .constdata                               0x08003de4   Section       16  system_stm32f1xx.o(.constdata)
    x$fpl$usenofp                            0x08003de4   Section        0  usenofp.o(x$fpl$usenofp)
    .data                                    0x20000000   Section       20  main.o(.data)
    .data                                    0x20000014   Section       28  usbd_desc.o(.data)
    .data                                    0x20000030   Section       50  usbd_desc.o(.data)
    .data                                    0x20000064   Section       16  usbd_cdc_if.o(.data)
    .data                                    0x20000074   Section       12  stm32f1xx_hal.o(.data)
    .data                                    0x20000080   Section        4  system_stm32f1xx.o(.data)
    .data                                    0x20000084   Section        1  usbd_ctlreq.o(.data)
    cfgidx                                   0x20000084   Data           1  usbd_ctlreq.o(.data)
    .data                                    0x20000088   Section      215  usbd_cdc.o(.data)
    USBD_CDC_DeviceQualifierDesc             0x20000088   Data          10  usbd_cdc.o(.data)
    .data                                    0x20000160   Section       56  usbd_cdc.o(.data)
    .bss                                     0x20000198   Section     1140  main.o(.bss)
    .bss                                     0x2000060c   Section      708  usb_device.o(.bss)
    .bss                                     0x200008d0   Section      512  usbd_desc.o(.bss)
    .bss                                     0x20000ad0   Section     7016  usbd_cdc_if.o(.bss)
    s_RxBuffers                              0x20000ad0   Data        5016  usbd_cdc_if.o(.bss)
    .bss                                     0x20002638   Section     1292  usbd_conf.o(.bss)
    mem                                      0x20002638   Data         544  usbd_conf.o(.bss)
    .bss                                     0x20002b44   Section       96  libspace.o(.bss)
    HEAP                                     0x20002ba8   Section      512  startup_stm32f103xe.o(HEAP)
    Heap_Mem                                 0x20002ba8   Data         512  startup_stm32f103xe.o(HEAP)
    STACK                                    0x20002da8   Section     1024  startup_stm32f103xe.o(STACK)
    Stack_Mem                                0x20002da8   Data        1024  startup_stm32f103xe.o(STACK)
    __initial_sp                             0x200031a8   Data           0  startup_stm32f103xe.o(STACK)

    Global Symbols

    Symbol Name                              Value     Ov Type        Size  Object(Section)

    BuildAttributes$$THM_ISAv4$P$D$K$B$S$PE$A:L22UL41UL21$X:L11$S22US41US21$IEEE1$IW$USESV6$~STKCKD$USESV7$~SHL$OSPACE$ROPI$EBA8$UX$STANDARDLIB$REQ8$PRES8$EABIv2 0x00000000   Number         0  anon$$obj.o ABSOLUTE
    __ARM_use_no_argv                        0x00000000   Number         0  main.o ABSOLUTE
    __ARM_exceptions_init                     - Undefined Weak Reference
    __alloca_initialize                       - Undefined Weak Reference
    __arm_preinit_                            - Undefined Weak Reference
    __cpp_initialize__aeabi_                  - Undefined Weak Reference
    __cxa_finalize                            - Undefined Weak Reference
    __rt_locale                               - Undefined Weak Reference
    __sigvec_lookup                           - Undefined Weak Reference
    _atexit_init                              - Undefined Weak Reference
    _call_atexit_fns                          - Undefined Weak Reference
    _clock_init                               - Undefined Weak Reference
    _fp_trap_init                             - Undefined Weak Reference
    _fp_trap_shutdown                         - Undefined Weak Reference
    _get_lc_collate                           - Undefined Weak Reference
    _get_lc_ctype                             - Undefined Weak Reference
    _get_lc_monetary                          - Undefined Weak Reference
    _get_lc_numeric                           - Undefined Weak Reference
    _get_lc_time                              - Undefined Weak Reference
    _getenv_init                              - Undefined Weak Reference
    _handle_redirection                       - Undefined Weak Reference
    _init_alloc                               - Undefined Weak Reference
    _init_user_alloc                          - Undefined Weak Reference
    _initio                                   - Undefined Weak Reference
    _printf_post_padding                      - Undefined Weak Reference
    _printf_pre_padding                       - Undefined Weak Reference
    _printf_truncate_signed                   - Undefined Weak Reference
    _printf_truncate_unsigned                 - Undefined Weak Reference
    _rand_init                                - Undefined Weak Reference
    _signal_finish                            - Undefined Weak Reference
    _signal_init                              - Undefined Weak Reference
    _terminate_alloc                          - Undefined Weak Reference
    _terminate_user_alloc                     - Undefined Weak Reference
    _terminateio                              - Undefined Weak Reference
    __Vectors_Size                           0x00000130   Number         0  startup_stm32f103xe.o ABSOLUTE
    __Vectors                                0x08000000   Data           4  startup_stm32f103xe.o(RESET)
    __Vectors_End                            0x08000130   Data           0  startup_stm32f103xe.o(RESET)
    __main                                   0x08000131   Thumb Code     8  __main.o(!!!main)
    __scatterload                            0x08000139   Thumb Code     0  __scatter.o(!!!scatter)
    __scatterload_rt2                        0x08000139   Thumb Code    44  __scatter.o(!!!scatter)
    __scatterload_rt2_thumb_only             0x08000139   Thumb Code     0  __scatter.o(!!!scatter)
    __scatterload_null                       0x08000147   Thumb Code     0  __scatter.o(!!!scatter)
    __decompress                             0x0800016d   Thumb Code    90  __dczerorl2.o(!!dczerorl2)
    __decompress1                            0x0800016d   Thumb Code     0  __dczerorl2.o(!!dczerorl2)
    __scatterload_zeroinit                   0x080001c9   Thumb Code    28  __scatter_zi.o(!!handler_zi)
    _printf_d                                0x080001e5   Thumb Code     0  _printf_d.o(.ARM.Collect$$_printf_percent$$00000009)
    _printf_percent                          0x080001e5   Thumb Code     0  _printf_percent.o(.ARM.Collect$$_printf_percent$$00000000)
    _printf_percent_end                      0x080001eb   Thumb Code     0  _printf_percent_end.o(.ARM.Collect$$_printf_percent$$00000017)
    __rt_lib_init                            0x080001ef   Thumb Code     0  libinit.o(.ARM.Collect$$libinit$$00000000)
    __rt_lib_init_alloca_1                   0x080001f1   Thumb Code     0  libinit2.o(.ARM.Collect$$libinit$$0000002E)
    __rt_lib_init_argv_1                     0x080001f1   Thumb Code     0  libinit2.o(.ARM.Collect$$libinit$$0000002C)
    __rt_lib_init_atexit_1                   0x080001f1   Thumb Code     0  libinit2.o(.ARM.Collect$$libinit$$0000001B)
    __rt_lib_init_clock_1                    0x080001f1   Thumb Code     0  libinit2.o(.ARM.Collect$$libinit$$00000021)
    __rt_lib_init_cpp_1                      0x080001f1   Thumb Code     0  libinit2.o(.ARM.Collect$$libinit$$00000032)
    __rt_lib_init_exceptions_1               0x080001f1   Thumb Code     0  libinit2.o(.ARM.Collect$$libinit$$00000030)
    __rt_lib_init_fp_1                       0x080001f1   Thumb Code     0  libinit2.o(.ARM.Collect$$libinit$$00000002)
    __rt_lib_init_fp_trap_1                  0x080001f1   Thumb Code     0  libinit2.o(.ARM.Collect$$libinit$$0000001F)
    __rt_lib_init_getenv_1                   0x080001f1   Thumb Code     0  libinit2.o(.ARM.Collect$$libinit$$00000023)
    __rt_lib_init_heap_1                     0x080001f1   Thumb Code     0  libinit2.o(.ARM.Collect$$libinit$$0000000A)
    __rt_lib_init_lc_collate_1               0x080001f1   Thumb Code     0  libinit2.o(.ARM.Collect$$libinit$$00000011)
    __rt_lib_init_lc_ctype_1                 0x080001f1   Thumb Code     0  libinit2.o(.ARM.Collect$$libinit$$00000013)
    __rt_lib_init_lc_monetary_1              0x080001f1   Thumb Code     0  libinit2.o(.ARM.Collect$$libinit$$00000015)
    __rt_lib_init_lc_numeric_1               0x080001f1   Thumb Code     0  libinit2.o(.ARM.Collect$$libinit$$00000017)
    __rt_lib_init_lc_time_1                  0x080001f1   Thumb Code     0  libinit2.o(.ARM.Collect$$libinit$$00000019)
    __rt_lib_init_preinit_1                  0x080001f1   Thumb Code     0  libinit2.o(.ARM.Collect$$libinit$$00000004)
    __rt_lib_init_rand_1                     0x080001f1   Thumb Code     0  libinit2.o(.ARM.Collect$$libinit$$0000000E)
    __rt_lib_init_return                     0x080001f1   Thumb Code     0  libinit2.o(.ARM.Collect$$libinit$$00000033)
    __rt_lib_init_signal_1                   0x080001f1   Thumb Code     0  libinit2.o(.ARM.Collect$$libinit$$0000001D)
    __rt_lib_init_stdio_1                    0x080001f1   Thumb Code     0  libinit2.o(.ARM.Collect$$libinit$$00000025)
    __rt_lib_init_user_alloc_1               0x080001f1   Thumb Code     0  libinit2.o(.ARM.Collect$$libinit$$0000000C)
    __rt_lib_shutdown                        0x080001f3   Thumb Code     0  libshutdown.o(.ARM.Collect$$libshutdown$$00000000)
    __rt_lib_shutdown_cpp_1                  0x080001f5   Thumb Code     0  libshutdown2.o(.ARM.Collect$$libshutdown$$00000002)
    __rt_lib_shutdown_fp_trap_1              0x080001f5   Thumb Code     0  libshutdown2.o(.ARM.Collect$$libshutdown$$00000007)
    __rt_lib_shutdown_heap_1                 0x080001f5   Thumb Code     0  libshutdown2.o(.ARM.Collect$$libshutdown$$0000000F)
    __rt_lib_shutdown_return                 0x080001f5   Thumb Code     0  libshutdown2.o(.ARM.Collect$$libshutdown$$00000010)
    __rt_lib_shutdown_signal_1               0x080001f5   Thumb Code     0  libshutdown2.o(.ARM.Collect$$libshutdown$$0000000A)
    __rt_lib_shutdown_stdio_1                0x080001f5   Thumb Code     0  libshutdown2.o(.ARM.Collect$$libshutdown$$00000004)
    __rt_lib_shutdown_user_alloc_1           0x080001f5   Thumb Code     0  libshutdown2.o(.ARM.Collect$$libshutdown$$0000000C)
    __rt_entry                               0x080001f7   Thumb Code     0  __rtentry.o(.ARM.Collect$$rtentry$$00000000)
    __rt_entry_presh_1                       0x080001f7   Thumb Code     0  __rtentry2.o(.ARM.Collect$$rtentry$$00000002)
    __rt_entry_sh                            0x080001f7   Thumb Code     0  __rtentry4.o(.ARM.Collect$$rtentry$$00000004)
    __rt_entry_li                            0x080001fd   Thumb Code     0  __rtentry2.o(.ARM.Collect$$rtentry$$0000000A)
    __rt_entry_postsh_1                      0x080001fd   Thumb Code     0  __rtentry2.o(.ARM.Collect$$rtentry$$00000009)
    __rt_entry_main                          0x08000201   Thumb Code     0  __rtentry2.o(.ARM.Collect$$rtentry$$0000000D)
    __rt_entry_postli_1                      0x08000201   Thumb Code     0  __rtentry2.o(.ARM.Collect$$rtentry$$0000000C)
    __rt_exit                                0x08000209   Thumb Code     0  rtexit.o(.ARM.Collect$$rtexit$$00000000)
    __rt_exit_ls                             0x0800020b   Thumb Code     0  rtexit2.o(.ARM.Collect$$rtexit$$00000003)
    __rt_exit_prels_1                        0x0800020b   Thumb Code     0  rtexit2.o(.ARM.Collect$$rtexit$$00000002)
    __rt_exit_exit                           0x0800020f   Thumb Code     0  rtexit2.o(.ARM.Collect$$rtexit$$00000004)
    Reset_Handler                            0x08000215   Thumb Code     8  startup_stm32f103xe.o(.text)
    ADC1_2_IRQHandler                        0x0800022f   Thumb Code     0  startup_stm32f103xe.o(.text)
    ADC3_IRQHandler                          0x0800022f   Thumb Code     0  startup_stm32f103xe.o(.text)
    CAN1_RX1_IRQHandler                      0x0800022f   Thumb Code     0  startup_stm32f103xe.o(.text)
    CAN1_SCE_IRQHandler                      0x0800022f   Thumb Code     0  startup_stm32f103xe.o(.text)
    DMA1_Channel1_IRQHandler                 0x0800022f   Thumb Code     0  startup_stm32f103xe.o(.text)
    DMA1_Channel2_IRQHandler                 0x0800022f   Thumb Code     0  startup_stm32f103xe.o(.text)
    DMA1_Channel3_IRQHandler                 0x0800022f   Thumb Code     0  startup_stm32f103xe.o(.text)
    DMA1_Channel4_IRQHandler                 0x0800022f   Thumb Code     0  startup_stm32f103xe.o(.text)
    DMA1_Channel5_IRQHandler                 0x0800022f   Thumb Code     0  startup_stm32f103xe.o(.text)
    DMA1_Channel6_IRQHandler                 0x0800022f   Thumb Code     0  startup_stm32f103xe.o(.text)
    DMA1_Channel7_IRQHandler                 0x0800022f   Thumb Code     0  startup_stm32f103xe.o(.text)
    DMA2_Channel1_IRQHandler                 0x0800022f   Thumb Code     0  startup_stm32f103xe.o(.text)
    DMA2_Channel2_IRQHandler                 0x0800022f   Thumb Code     0  startup_stm32f103xe.o(.text)
    DMA2_Channel3_IRQHandler                 0x0800022f   Thumb Code     0  startup_stm32f103xe.o(.text)
    DMA2_Channel4_5_IRQHandler               0x0800022f   Thumb Code     0  startup_stm32f103xe.o(.text)
    EXTI0_IRQHandler                         0x0800022f   Thumb Code     0  startup_stm32f103xe.o(.text)
    EXTI15_10_IRQHandler                     0x0800022f   Thumb Code     0  startup_stm32f103xe.o(.text)
    EXTI1_IRQHandler                         0x0800022f   Thumb Code     0  startup_stm32f103xe.o(.text)
    EXTI2_IRQHandler                         0x0800022f   Thumb Code     0  startup_stm32f103xe.o(.text)
    EXTI3_IRQHandler                         0x0800022f   Thumb Code     0  startup_stm32f103xe.o(.text)
    EXTI4_IRQHandler                         0x0800022f   Thumb Code     0  startup_stm32f103xe.o(.text)
    EXTI9_5_IRQHandler                       0x0800022f   Thumb Code     0  startup_stm32f103xe.o(.text)
    FLASH_IRQHandler                         0x0800022f   Thumb Code     0  startup_stm32f103xe.o(.text)
    FSMC_IRQHandler                          0x0800022f   Thumb Code     0  startup_stm32f103xe.o(.text)
    I2C1_ER_IRQHandler                       0x0800022f   Thumb Code     0  startup_stm32f103xe.o(.text)
    I2C1_EV_IRQHandler                       0x0800022f   Thumb Code     0  startup_stm32f103xe.o(.text)
    I2C2_ER_IRQHandler                       0x0800022f   Thumb Code     0  startup_stm32f103xe.o(.text)
    I2C2_EV_IRQHandler                       0x0800022f   Thumb Code     0  startup_stm32f103xe.o(.text)
    PVD_IRQHandler                           0x0800022f   Thumb Code     0  startup_stm32f103xe.o(.text)
    RCC_IRQHandler                           0x0800022f   Thumb Code     0  startup_stm32f103xe.o(.text)
    RTC_Alarm_IRQHandler                     0x0800022f   Thumb Code     0  startup_stm32f103xe.o(.text)
    RTC_IRQHandler                           0x0800022f   Thumb Code     0  startup_stm32f103xe.o(.text)
    SDIO_IRQHandler                          0x0800022f   Thumb Code     0  startup_stm32f103xe.o(.text)
    SPI1_IRQHandler                          0x0800022f   Thumb Code     0  startup_stm32f103xe.o(.text)
    SPI2_IRQHandler                          0x0800022f   Thumb Code     0  startup_stm32f103xe.o(.text)
    SPI3_IRQHandler                          0x0800022f   Thumb Code     0  startup_stm32f103xe.o(.text)
    TAMPER_IRQHandler                        0x0800022f   Thumb Code     0  startup_stm32f103xe.o(.text)
    TIM1_BRK_IRQHandler                      0x0800022f   Thumb Code     0  startup_stm32f103xe.o(.text)
    TIM1_CC_IRQHandler                       0x0800022f   Thumb Code     0  startup_stm32f103xe.o(.text)
    TIM1_TRG_COM_IRQHandler                  0x0800022f   Thumb Code     0  startup_stm32f103xe.o(.text)
    TIM1_UP_IRQHandler                       0x0800022f   Thumb Code     0  startup_stm32f103xe.o(.text)
    TIM2_IRQHandler                          0x0800022f   Thumb Code     0  startup_stm32f103xe.o(.text)
    TIM3_IRQHandler                          0x0800022f   Thumb Code     0  startup_stm32f103xe.o(.text)
    TIM4_IRQHandler                          0x0800022f   Thumb Code     0  startup_stm32f103xe.o(.text)
    TIM5_IRQHandler                          0x0800022f   Thumb Code     0  startup_stm32f103xe.o(.text)
    TIM6_IRQHandler                          0x0800022f   Thumb Code     0  startup_stm32f103xe.o(.text)
    TIM7_IRQHandler                          0x0800022f   Thumb Code     0  startup_stm32f103xe.o(.text)
    TIM8_BRK_IRQHandler                      0x0800022f   Thumb Code     0  startup_stm32f103xe.o(.text)
    TIM8_CC_IRQHandler                       0x0800022f   Thumb Code     0  startup_stm32f103xe.o(.text)
    TIM8_TRG_COM_IRQHandler                  0x0800022f   Thumb Code     0  startup_stm32f103xe.o(.text)
    TIM8_UP_IRQHandler                       0x0800022f   Thumb Code     0  startup_stm32f103xe.o(.text)
    UART4_IRQHandler                         0x0800022f   Thumb Code     0  startup_stm32f103xe.o(.text)
    UART5_IRQHandler                         0x0800022f   Thumb Code     0  startup_stm32f103xe.o(.text)
    USART1_IRQHandler                        0x0800022f   Thumb Code     0  startup_stm32f103xe.o(.text)
    USART2_IRQHandler                        0x0800022f   Thumb Code     0  startup_stm32f103xe.o(.text)
    USART3_IRQHandler                        0x0800022f   Thumb Code     0  startup_stm32f103xe.o(.text)
    USBWakeUp_IRQHandler                     0x0800022f   Thumb Code     0  startup_stm32f103xe.o(.text)
    USB_HP_CAN1_TX_IRQHandler                0x0800022f   Thumb Code     0  startup_stm32f103xe.o(.text)
    WWDG_IRQHandler                          0x0800022f   Thumb Code     0  startup_stm32f103xe.o(.text)
    __user_initial_stackheap                 0x08000231   Thumb Code     0  startup_stm32f103xe.o(.text)
    __2sprintf                               0x08000255   Thumb Code    34  noretval__2sprintf.o(.text)
    __printf                                 0x0800027d   Thumb Code   104  __printf.o(.text)
    _printf_int_dec                          0x080002e5   Thumb Code   104  _printf_dec.o(.text)
    strlen                                   0x0800035d   Thumb Code    62  strlen.o(.text)
    __aeabi_memcpy                           0x0800039b   Thumb Code     0  rt_memcpy_v6.o(.text)
    __rt_memcpy                              0x0800039b   Thumb Code   138  rt_memcpy_v6.o(.text)
    _memcpy_lastbytes                        0x08000401   Thumb Code     0  rt_memcpy_v6.o(.text)
    __aeabi_memcpy4                          0x08000425   Thumb Code     0  rt_memcpy_w.o(.text)
    __aeabi_memcpy8                          0x08000425   Thumb Code     0  rt_memcpy_w.o(.text)
    __rt_memcpy_w                            0x08000425   Thumb Code   100  rt_memcpy_w.o(.text)
    _memcpy_lastbytes_aligned                0x0800046d   Thumb Code     0  rt_memcpy_w.o(.text)
    __aeabi_memclr4                          0x08000489   Thumb Code     0  rt_memclr_w.o(.text)
    __aeabi_memclr8                          0x08000489   Thumb Code     0  rt_memclr_w.o(.text)
    __rt_memclr_w                            0x08000489   Thumb Code    78  rt_memclr_w.o(.text)
    _memset_w                                0x0800048d   Thumb Code     0  rt_memclr_w.o(.text)
    __use_two_region_memory                  0x080004d7   Thumb Code     2  heapauxi.o(.text)
    __rt_heap_escrow$2region                 0x080004d9   Thumb Code     2  heapauxi.o(.text)
    __rt_heap_expand$2region                 0x080004db   Thumb Code     2  heapauxi.o(.text)
    _printf_int_common                       0x080004dd   Thumb Code   178  _printf_intcommon.o(.text)
    _printf_char_common                      0x0800059b   Thumb Code    32  _printf_char_common.o(.text)
    _sputc                                   0x080005c1   Thumb Code    10  _sputc.o(.text)
    __user_setup_stackheap                   0x080005cb   Thumb Code    74  sys_stackheap_outer.o(.text)
    exit                                     0x08000615   Thumb Code    18  exit.o(.text)
    __user_libspace                          0x08000629   Thumb Code     8  libspace.o(.text)
    __user_perproc_libspace                  0x08000629   Thumb Code     0  libspace.o(.text)
    __user_perthread_libspace                0x08000629   Thumb Code     0  libspace.o(.text)
    _sys_exit                                0x08000631   Thumb Code     8  sys_exit.o(.text)
    __I$use$semihosting                      0x0800063d   Thumb Code     0  use_no_semi.o(.text)
    __use_no_semihosting_swi                 0x0800063d   Thumb Code     2  use_no_semi.o(.text)
    __semihosting_library_function           0x0800063f   Thumb Code     0  indicate_semi.o(.text)
    AD7606_SampleRate                        0x08000641   Thumb Code   118  ad7606.o(i.AD7606_SampleRate)
    AD7606_config                            0x080006bd   Thumb Code    74  ad7606.o(i.AD7606_config)
    BusFault_Handler                         0x0800070d   Thumb Code     2  stm32f1xx_it.o(i.BusFault_Handler)
    CDC_Transmit_FS                          0x08000785   Thumb Code    38  usbd_cdc_if.o(i.CDC_Transmit_FS)
    DWT_Delay_Init                           0x080007b1   Thumb Code    58  dwt_stm32_delay.o(i.DWT_Delay_Init)
    DebugMon_Handler                         0x080007f5   Thumb Code     2  stm32f1xx_it.o(i.DebugMon_Handler)
    Error_Handler                            0x080007f7   Thumb Code     4  main.o(i.Error_Handler)
    HAL_DAC_ConfigChannel                    0x080007fb   Thumb Code    70  stm32f1xx_hal_dac.o(i.HAL_DAC_ConfigChannel)
    HAL_DAC_Init                             0x08000841   Thumb Code    40  stm32f1xx_hal_dac.o(i.HAL_DAC_Init)
    HAL_DAC_MspInit                          0x08000869   Thumb Code    76  stm32f1xx_hal_msp.o(i.HAL_DAC_MspInit)
    HAL_DAC_Start                            0x080008c1   Thumb Code    92  stm32f1xx_hal_dac.o(i.HAL_DAC_Start)
    HAL_Delay                                0x0800091d   Thumb Code    32  stm32f1xx_hal.o(i.HAL_Delay)
    HAL_GPIO_Init                            0x08000941   Thumb Code   462  stm32f1xx_hal_gpio.o(i.HAL_GPIO_Init)
    HAL_GPIO_WritePin                        0x08000b39   Thumb Code    10  stm32f1xx_hal_gpio.o(i.HAL_GPIO_WritePin)
    HAL_GetTick                              0x08000b45   Thumb Code     6  stm32f1xx_hal.o(i.HAL_GetTick)
    HAL_IncTick                              0x08000b51   Thumb Code    12  stm32f1xx_hal.o(i.HAL_IncTick)
    HAL_Init                                 0x08000b61   Thumb Code    32  stm32f1xx_hal.o(i.HAL_Init)
    HAL_InitTick                             0x08000b85   Thumb Code    54  stm32f1xx_hal.o(i.HAL_InitTick)
    HAL_MspInit                              0x08000bc5   Thumb Code    52  stm32f1xx_hal_msp.o(i.HAL_MspInit)
    HAL_NVIC_EnableIRQ                       0x08000c01   Thumb Code    26  stm32f1xx_hal_cortex.o(i.HAL_NVIC_EnableIRQ)
    HAL_NVIC_SetPriority                     0x08000c1d   Thumb Code    60  stm32f1xx_hal_cortex.o(i.HAL_NVIC_SetPriority)
    HAL_NVIC_SetPriorityGrouping             0x08000c5d   Thumb Code    26  stm32f1xx_hal_cortex.o(i.HAL_NVIC_SetPriorityGrouping)
    HAL_PCDEx_PMAConfig                      0x08000c81   Thumb Code    60  stm32f1xx_hal_pcd_ex.o(i.HAL_PCDEx_PMAConfig)
    HAL_PCDEx_SetConnectionState             0x08000cbd   Thumb Code     2  usbd_conf.o(i.HAL_PCDEx_SetConnectionState)
    HAL_PCD_DataInStageCallback              0x08000cbf   Thumb Code    18  usbd_conf.o(i.HAL_PCD_DataInStageCallback)
    HAL_PCD_DataOutStageCallback             0x08000cd1   Thumb Code    20  usbd_conf.o(i.HAL_PCD_DataOutStageCallback)
    HAL_PCD_EP_Close                         0x08000ce5   Thumb Code    76  stm32f1xx_hal_pcd.o(i.HAL_PCD_EP_Close)
    HAL_PCD_EP_ClrStall                      0x08000d31   Thumb Code    92  stm32f1xx_hal_pcd.o(i.HAL_PCD_EP_ClrStall)
    HAL_PCD_EP_GetRxCount                    0x080011a3   Thumb Code    18  stm32f1xx_hal_pcd.o(i.HAL_PCD_EP_GetRxCount)
    HAL_PCD_EP_Open                          0x080011b5   Thumb Code    96  stm32f1xx_hal_pcd.o(i.HAL_PCD_EP_Open)
    HAL_PCD_EP_Receive                       0x08001215   Thumb Code    50  stm32f1xx_hal_pcd.o(i.HAL_PCD_EP_Receive)
    HAL_PCD_EP_SetStall                      0x08001247   Thumb Code   114  stm32f1xx_hal_pcd.o(i.HAL_PCD_EP_SetStall)
    HAL_PCD_EP_Transmit                      0x080012b9   Thumb Code    52  stm32f1xx_hal_pcd.o(i.HAL_PCD_EP_Transmit)
    HAL_PCD_IRQHandler                       0x080012ed   Thumb Code   340  stm32f1xx_hal_pcd.o(i.HAL_PCD_IRQHandler)
    HAL_PCD_Init                             0x08001441   Thumb Code   218  stm32f1xx_hal_pcd.o(i.HAL_PCD_Init)
    HAL_PCD_MspInit                          0x0800151d   Thumb Code    50  usbd_conf.o(i.HAL_PCD_MspInit)
    HAL_PCD_ResetCallback                    0x08001559   Thumb Code    38  usbd_conf.o(i.HAL_PCD_ResetCallback)
    HAL_PCD_ResumeCallback                   0x0800157f   Thumb Code     8  usbd_conf.o(i.HAL_PCD_ResumeCallback)
    HAL_PCD_SOFCallback                      0x08001587   Thumb Code     8  usbd_conf.o(i.HAL_PCD_SOFCallback)
    HAL_PCD_SetAddress                       0x0800158f   Thumb Code    40  stm32f1xx_hal_pcd.o(i.HAL_PCD_SetAddress)
    HAL_PCD_SetupStageCallback               0x080015b7   Thumb Code    14  usbd_conf.o(i.HAL_PCD_SetupStageCallback)
    HAL_PCD_Start                            0x080015c5   Thumb Code    50  stm32f1xx_hal_pcd.o(i.HAL_PCD_Start)
    HAL_PCD_SuspendCallback                  0x080015f9   Thumb Code    30  usbd_conf.o(i.HAL_PCD_SuspendCallback)
    HAL_RCCEx_PeriphCLKConfig                0x0800161d   Thumb Code   224  stm32f1xx_hal_rcc_ex.o(i.HAL_RCCEx_PeriphCLKConfig)
    HAL_RCC_ClockConfig                      0x08001709   Thumb Code   280  stm32f1xx_hal_rcc.o(i.HAL_RCC_ClockConfig)
    HAL_RCC_GetSysClockFreq                  0x08001835   Thumb Code    74  stm32f1xx_hal_rcc.o(i.HAL_RCC_GetSysClockFreq)
    HAL_RCC_OscConfig                        0x080018a1   Thumb Code   778  stm32f1xx_hal_rcc.o(i.HAL_RCC_OscConfig)
    HAL_SYSTICK_Config                       0x08001bc1   Thumb Code    40  stm32f1xx_hal_cortex.o(i.HAL_SYSTICK_Config)
    HardFault_Handler                        0x08001be9   Thumb Code     2  stm32f1xx_it.o(i.HardFault_Handler)
    MX_USB_DEVICE_Init                       0x08001d1d   Thumb Code    66  usb_device.o(i.MX_USB_DEVICE_Init)
    MemManage_Handler                        0x08001d71   Thumb Code     2  stm32f1xx_it.o(i.MemManage_Handler)
    NMI_Handler                              0x08001d73   Thumb Code     2  stm32f1xx_it.o(i.NMI_Handler)
    PendSV_Handler                           0x08002089   Thumb Code     2  stm32f1xx_it.o(i.PendSV_Handler)
    SVC_Handler                              0x0800208b   Thumb Code     2  stm32f1xx_it.o(i.SVC_Handler)
    SysTick_Handler                          0x0800208d   Thumb Code     4  stm32f1xx_it.o(i.SysTick_Handler)
    SystemClock_Config                       0x08002091   Thumb Code   120  main.o(i.SystemClock_Config)
    SystemInit                               0x08002109   Thumb Code     2  system_stm32f1xx.o(i.SystemInit)
    USBD_CDC_GetDeviceQualifierDescriptor    0x080021e9   Thumb Code     8  usbd_cdc.o(i.USBD_CDC_GetDeviceQualifierDescriptor)
    USBD_CDC_ReceivePacket                   0x080022ad   Thumb Code    40  usbd_cdc.o(i.USBD_CDC_ReceivePacket)
    USBD_CDC_RegisterInterface               0x080022d5   Thumb Code    16  usbd_cdc.o(i.USBD_CDC_RegisterInterface)
    USBD_CDC_SetRxBuffer                     0x080022e5   Thumb Code    12  usbd_cdc.o(i.USBD_CDC_SetRxBuffer)
    USBD_CDC_SetTxBuffer                     0x080022f1   Thumb Code    16  usbd_cdc.o(i.USBD_CDC_SetTxBuffer)
    USBD_CDC_TransmitPacket                  0x080023ad   Thumb Code    54  usbd_cdc.o(i.USBD_CDC_TransmitPacket)
    USBD_ClrClassConfig                      0x080023e3   Thumb Code    14  usbd_core.o(i.USBD_ClrClassConfig)
    USBD_CtlContinueRx                       0x080023f1   Thumb Code    16  usbd_ioreq.o(i.USBD_CtlContinueRx)
    USBD_CtlContinueSendData                 0x08002401   Thumb Code    16  usbd_ioreq.o(i.USBD_CtlContinueSendData)
    USBD_CtlError                            0x08002411   Thumb Code    22  usbd_ctlreq.o(i.USBD_CtlError)
    USBD_CtlPrepareRx                        0x08002427   Thumb Code    30  usbd_ioreq.o(i.USBD_CtlPrepareRx)
    USBD_CtlReceiveStatus                    0x08002445   Thumb Code    22  usbd_ioreq.o(i.USBD_CtlReceiveStatus)
    USBD_CtlSendData                         0x0800245b   Thumb Code    26  usbd_ioreq.o(i.USBD_CtlSendData)
    USBD_CtlSendStatus                       0x08002475   Thumb Code    22  usbd_ioreq.o(i.USBD_CtlSendStatus)
    USBD_FS_ConfigStrDescriptor              0x0800248d   Thumb Code    16  usbd_desc.o(i.USBD_FS_ConfigStrDescriptor)
    USBD_FS_DeviceDescriptor                 0x080024ad   Thumb Code     8  usbd_desc.o(i.USBD_FS_DeviceDescriptor)
    USBD_FS_InterfaceStrDescriptor           0x080024b9   Thumb Code    16  usbd_desc.o(i.USBD_FS_InterfaceStrDescriptor)
    USBD_FS_LangIDStrDescriptor              0x080024dd   Thumb Code     8  usbd_desc.o(i.USBD_FS_LangIDStrDescriptor)
    USBD_FS_ManufacturerStrDescriptor        0x080024e9   Thumb Code    16  usbd_desc.o(i.USBD_FS_ManufacturerStrDescriptor)
    USBD_FS_ProductStrDescriptor             0x08002511   Thumb Code    16  usbd_desc.o(i.USBD_FS_ProductStrDescriptor)
    USBD_FS_SerialStrDescriptor              0x0800253d   Thumb Code    48  usbd_desc.o(i.USBD_FS_SerialStrDescriptor)
    USBD_GetString                           0x0800265d   Thumb Code    72  usbd_ctlreq.o(i.USBD_GetString)
    USBD_Init                                0x080026bd   Thumb Code    42  usbd_core.o(i.USBD_Init)
    USBD_LL_ClearStallEP                     0x080026e7   Thumb Code    18  usbd_conf.o(i.USBD_LL_ClearStallEP)
    USBD_LL_CloseEP                          0x080026f9   Thumb Code    18  usbd_conf.o(i.USBD_LL_CloseEP)
    USBD_LL_DataInStage                      0x0800270b   Thumb Code   198  usbd_core.o(i.USBD_LL_DataInStage)
    USBD_LL_DataOutStage                     0x080027d1   Thumb Code   130  usbd_core.o(i.USBD_LL_DataOutStage)
    USBD_LL_GetRxDataSize                    0x08002853   Thumb Code     8  usbd_conf.o(i.USBD_LL_GetRxDataSize)
    USBD_LL_Init                             0x0800285d   Thumb Code   118  usbd_conf.o(i.USBD_LL_Init)
    USBD_LL_IsStallEP                        0x080028dd   Thumb Code    32  usbd_conf.o(i.USBD_LL_IsStallEP)
    USBD_LL_OpenEP                           0x080028fd   Thumb Code    24  usbd_conf.o(i.USBD_LL_OpenEP)
    USBD_LL_PrepareReceive                   0x08002915   Thumb Code    18  usbd_conf.o(i.USBD_LL_PrepareReceive)
    USBD_LL_Reset                            0x08002927   Thumb Code    80  usbd_core.o(i.USBD_LL_Reset)
    USBD_LL_Resume                           0x08002977   Thumb Code    20  usbd_core.o(i.USBD_LL_Resume)
    USBD_LL_SOF                              0x0800298b   Thumb Code    24  usbd_core.o(i.USBD_LL_SOF)
    USBD_LL_SetSpeed                         0x080029a3   Thumb Code     6  usbd_core.o(i.USBD_LL_SetSpeed)
    USBD_LL_SetUSBAddress                    0x080029a9   Thumb Code    18  usbd_conf.o(i.USBD_LL_SetUSBAddress)
    USBD_LL_SetupStage                       0x080029bb   Thumb Code    90  usbd_core.o(i.USBD_LL_SetupStage)
    USBD_LL_StallEP                          0x08002a15   Thumb Code    18  usbd_conf.o(i.USBD_LL_StallEP)
    USBD_LL_Start                            0x08002a27   Thumb Code    18  usbd_conf.o(i.USBD_LL_Start)
    USBD_LL_Suspend                          0x08002a39   Thumb Code    18  usbd_core.o(i.USBD_LL_Suspend)
    USBD_LL_Transmit                         0x08002a4b   Thumb Code    18  usbd_conf.o(i.USBD_LL_Transmit)
    USBD_ParseSetupRequest                   0x08002a5d   Thumb Code    40  usbd_ctlreq.o(i.USBD_ParseSetupRequest)
    USBD_RegisterClass                       0x08002a85   Thumb Code    16  usbd_core.o(i.USBD_RegisterClass)
    USBD_SetClassConfig                      0x08002a95   Thumb Code    22  usbd_core.o(i.USBD_SetClassConfig)
    USBD_Start                               0x08002b31   Thumb Code    10  usbd_core.o(i.USBD_Start)
    USBD_StdDevReq                           0x08002b3b   Thumb Code   274  usbd_ctlreq.o(i.USBD_StdDevReq)
    USBD_StdEPReq                            0x08002c4d   Thumb Code   336  usbd_ctlreq.o(i.USBD_StdEPReq)
    USBD_StdItfReq                           0x08002d9d   Thumb Code    78  usbd_ctlreq.o(i.USBD_StdItfReq)
    USBD_static_free                         0x08002deb   Thumb Code     2  usbd_conf.o(i.USBD_static_free)
    USBD_static_malloc                       0x08002ded   Thumb Code     4  usbd_conf.o(i.USBD_static_malloc)
    USB_ActivateEndpoint                     0x08002df5   Thumb Code   600  stm32f1xx_ll_usb.o(i.USB_ActivateEndpoint)
    USB_CoreInit                             0x0800304d   Thumb Code     4  stm32f1xx_ll_usb.o(i.USB_CoreInit)
    USB_DeactivateEndpoint                   0x08003051   Thumb Code   270  stm32f1xx_ll_usb.o(i.USB_DeactivateEndpoint)
    USB_DevConnect                           0x0800315f   Thumb Code     4  stm32f1xx_ll_usb.o(i.USB_DevConnect)
    USB_DevDisconnect                        0x08003163   Thumb Code     4  stm32f1xx_ll_usb.o(i.USB_DevDisconnect)
    USB_DevInit                              0x08003167   Thumb Code    18  stm32f1xx_ll_usb.o(i.USB_DevInit)
    USB_DisableGlobalInt                     0x08003179   Thumb Code    14  stm32f1xx_ll_usb.o(i.USB_DisableGlobalInt)
    USB_EP0_OutStart                         0x08003187   Thumb Code     4  stm32f1xx_ll_usb.o(i.USB_EP0_OutStart)
    USB_EPClearStall                         0x0800318b   Thumb Code   120  stm32f1xx_ll_usb.o(i.USB_EPClearStall)
    USB_EPSetStall                           0x08003203   Thumb Code    50  stm32f1xx_ll_usb.o(i.USB_EPSetStall)
    USB_EPStartXfer                          0x08003235   Thumb Code  1548  stm32f1xx_ll_usb.o(i.USB_EPStartXfer)
    USB_EnableGlobalInt                      0x08003841   Thumb Code    18  stm32f1xx_ll_usb.o(i.USB_EnableGlobalInt)
    USB_LP_CAN1_RX0_IRQHandler               0x08003855   Thumb Code     6  stm32f1xx_it.o(i.USB_LP_CAN1_RX0_IRQHandler)
    USB_ReadInterrupts                       0x08003861   Thumb Code     6  stm32f1xx_ll_usb.o(i.USB_ReadInterrupts)
    USB_ReadPMA                              0x08003869   Thumb Code    44  stm32f1xx_ll_usb.o(i.USB_ReadPMA)
    USB_SetCurrentMode                       0x08003895   Thumb Code     4  stm32f1xx_ll_usb.o(i.USB_SetCurrentMode)
    USB_SetDevAddress                        0x08003899   Thumb Code    12  stm32f1xx_ll_usb.o(i.USB_SetDevAddress)
    USB_WritePMA                             0x080038a5   Thumb Code    38  stm32f1xx_ll_usb.o(i.USB_WritePMA)
    UsageFault_Handler                       0x080038cb   Thumb Code     2  stm32f1xx_it.o(i.UsageFault_Handler)
    VCP_retrieveInputData                    0x080038cd   Thumb Code    72  usbd_cdc_if.o(i.VCP_retrieveInputData)
    main                                     0x08003939   Thumb Code   234  main.o(i.main)
    __aeabi_fdiv                             0x08003a61   Thumb Code     0  fdiv.o(x$fpl$fdiv)
    _fdiv                                    0x08003a61   Thumb Code   384  fdiv.o(x$fpl$fdiv)
    __aeabi_f2uiz                            0x08003be5   Thumb Code     0  ffixu.o(x$fpl$ffixu)
    _ffixu                                   0x08003be5   Thumb Code    62  ffixu.o(x$fpl$ffixu)
    __aeabi_ui2f                             0x08003c25   Thumb Code     0  fflt_clz.o(x$fpl$ffltu)
    _ffltu                                   0x08003c25   Thumb Code    38  fflt_clz.o(x$fpl$ffltu)
    __aeabi_fmul                             0x08003c4d   Thumb Code     0  fmul.o(x$fpl$fmul)
    _fmul                                    0x08003c4d   Thumb Code   258  fmul.o(x$fpl$fmul)
    __fpl_fnaninf                            0x08003d4f   Thumb Code   140  fnaninf.o(x$fpl$fnaninf)
    __fpl_fretinf                            0x08003ddb   Thumb Code    10  fretinf.o(x$fpl$fretinf)
    AHBPrescTable                            0x08003de4   Data          16  system_stm32f1xx.o(.constdata)
    __I$use$fp                               0x08003de4   Number         0  usenofp.o(x$fpl$usenofp)
    Region$$Table$$Base                      0x08003df4   Number         0  anon$$obj.o(Region$$Table)
    Region$$Table$$Limit                     0x08003e14   Number         0  anon$$obj.o(Region$$Table)
    FRE                                      0x20000000   Data           4  main.o(.data)
    FRE1                                     0x20000004   Data           4  main.o(.data)
    FRE2                                     0x20000008   Data           4  main.o(.data)
    len                                      0x2000000c   Data           4  main.o(.data)
    t                                        0x20000010   Data           4  main.o(.data)
    FS_Desc                                  0x20000014   Data          28  usbd_desc.o(.data)
    USBD_LangIDDesc                          0x20000030   Data           4  usbd_desc.o(.data)
    USBD_FS_DeviceDesc                       0x20000034   Data          18  usbd_desc.o(.data)
    USBD_StringSerial                        0x20000048   Data          26  usbd_desc.o(.data)
    USBD_Interface_fops_FS                   0x20000064   Data          16  usbd_cdc_if.o(.data)
    uwTickFreq                               0x20000074   Data           1  stm32f1xx_hal.o(.data)
    uwTickPrio                               0x20000078   Data           4  stm32f1xx_hal.o(.data)
    uwTick                                   0x2000007c   Data           4  stm32f1xx_hal.o(.data)
    SystemCoreClock                          0x20000080   Data           4  system_stm32f1xx.o(.data)
    USBD_CDC_CfgHSDesc                       0x20000094   Data          67  usbd_cdc.o(.data)
    USBD_CDC_CfgFSDesc                       0x200000d8   Data          67  usbd_cdc.o(.data)
    USBD_CDC_OtherSpeedCfgDesc               0x2000011c   Data          67  usbd_cdc.o(.data)
    USBD_CDC                                 0x20000160   Data          56  usbd_cdc.o(.data)
    hdac                                     0x20000198   Data          20  main.o(.bss)
    data                                     0x200001ac   Data        1000  main.o(.bss)
    adc                                      0x20000594   Data          20  main.o(.bss)
    buffer                                   0x200005a8   Data         100  main.o(.bss)
    hUsbDeviceFS                             0x2000060c   Data         708  usb_device.o(.bss)
    USBD_StrDesc                             0x200008d0   Data         512  usbd_desc.o(.bss)
    UserRxBufferFS                           0x20001e68   Data        1000  usbd_cdc_if.o(.bss)
    UserTxBufferFS                           0x20002250   Data        1000  usbd_cdc_if.o(.bss)
    hpcd_USB_FS                              0x20002858   Data         748  usbd_conf.o(.bss)
    __libspace_start                         0x20002b44   Data          96  libspace.o(.bss)
    __temporary_stack_top$libspace           0x20002ba4   Data           0  libspace.o(.bss)



==============================================================================

Memory Map of the image

  Image Entry point : 0x08000131

  Load Region LR_IROM1 (Base: 0x08000000, Size: 0x00003fac, Max: 0x00040000, ABSOLUTE, COMPRESSED[0x00003ed4])

    Execution Region ER_IROM1 (Exec base: 0x08000000, Load base: 0x08000000, Size: 0x00003e14, Max: 0x00040000, ABSOLUTE)

    Exec Addr    Load Addr    Size         Type   Attr      Idx    E Section Name        Object

    0x08000000   0x08000000   0x00000130   Data   RO            3    RESET               startup_stm32f103xe.o
    0x08000130   0x08000130   0x00000008   Code   RO         2982  * !!!main             c_w.l(__main.o)
    0x08000138   0x08000138   0x00000034   Code   RO         3171    !!!scatter          c_w.l(__scatter.o)
    0x0800016c   0x0800016c   0x0000005a   Code   RO         3169    !!dczerorl2         c_w.l(__dczerorl2.o)
    0x080001c6   0x080001c6   0x00000002   PAD
    0x080001c8   0x080001c8   0x0000001c   Code   RO         3173    !!handler_zi        c_w.l(__scatter_zi.o)
    0x080001e4   0x080001e4   0x00000000   Code   RO         2971    .ARM.Collect$$_printf_percent$$00000000  c_w.l(_printf_percent.o)
    0x080001e4   0x080001e4   0x00000006   Code   RO         2970    .ARM.Collect$$_printf_percent$$00000009  c_w.l(_printf_d.o)
    0x080001ea   0x080001ea   0x00000004   Code   RO         3007    .ARM.Collect$$_printf_percent$$00000017  c_w.l(_printf_percent_end.o)
    0x080001ee   0x080001ee   0x00000002   Code   RO         3039    .ARM.Collect$$libinit$$00000000  c_w.l(libinit.o)
    0x080001f0   0x080001f0   0x00000000   Code   RO         3046    .ARM.Collect$$libinit$$00000002  c_w.l(libinit2.o)
    0x080001f0   0x080001f0   0x00000000   Code   RO         3048    .ARM.Collect$$libinit$$00000004  c_w.l(libinit2.o)
    0x080001f0   0x080001f0   0x00000000   Code   RO         3051    .ARM.Collect$$libinit$$0000000A  c_w.l(libinit2.o)
    0x080001f0   0x080001f0   0x00000000   Code   RO         3053    .ARM.Collect$$libinit$$0000000C  c_w.l(libinit2.o)
    0x080001f0   0x080001f0   0x00000000   Code   RO         3055    .ARM.Collect$$libinit$$0000000E  c_w.l(libinit2.o)
    0x080001f0   0x080001f0   0x00000000   Code   RO         3058    .ARM.Collect$$libinit$$00000011  c_w.l(libinit2.o)
    0x080001f0   0x080001f0   0x00000000   Code   RO         3060    .ARM.Collect$$libinit$$00000013  c_w.l(libinit2.o)
    0x080001f0   0x080001f0   0x00000000   Code   RO         3062    .ARM.Collect$$libinit$$00000015  c_w.l(libinit2.o)
    0x080001f0   0x080001f0   0x00000000   Code   RO         3064    .ARM.Collect$$libinit$$00000017  c_w.l(libinit2.o)
    0x080001f0   0x080001f0   0x00000000   Code   RO         3066    .ARM.Collect$$libinit$$00000019  c_w.l(libinit2.o)
    0x080001f0   0x080001f0   0x00000000   Code   RO         3068    .ARM.Collect$$libinit$$0000001B  c_w.l(libinit2.o)
    0x080001f0   0x080001f0   0x00000000   Code   RO         3070    .ARM.Collect$$libinit$$0000001D  c_w.l(libinit2.o)
    0x080001f0   0x080001f0   0x00000000   Code   RO         3072    .ARM.Collect$$libinit$$0000001F  c_w.l(libinit2.o)
    0x080001f0   0x080001f0   0x00000000   Code   RO         3074    .ARM.Collect$$libinit$$00000021  c_w.l(libinit2.o)
    0x080001f0   0x080001f0   0x00000000   Code   RO         3076    .ARM.Collect$$libinit$$00000023  c_w.l(libinit2.o)
    0x080001f0   0x080001f0   0x00000000   Code   RO         3078    .ARM.Collect$$libinit$$00000025  c_w.l(libinit2.o)
    0x080001f0   0x080001f0   0x00000000   Code   RO         3082    .ARM.Collect$$libinit$$0000002C  c_w.l(libinit2.o)
    0x080001f0   0x080001f0   0x00000000   Code   RO         3084    .ARM.Collect$$libinit$$0000002E  c_w.l(libinit2.o)
    0x080001f0   0x080001f0   0x00000000   Code   RO         3086    .ARM.Collect$$libinit$$00000030  c_w.l(libinit2.o)
    0x080001f0   0x080001f0   0x00000000   Code   RO         3088    .ARM.Collect$$libinit$$00000032  c_w.l(libinit2.o)
    0x080001f0   0x080001f0   0x00000002   Code   RO         3089    .ARM.Collect$$libinit$$00000033  c_w.l(libinit2.o)
    0x080001f2   0x080001f2   0x00000002   Code   RO         3109    .ARM.Collect$$libshutdown$$00000000  c_w.l(libshutdown.o)
    0x080001f4   0x080001f4   0x00000000   Code   RO         3122    .ARM.Collect$$libshutdown$$00000002  c_w.l(libshutdown2.o)
    0x080001f4   0x080001f4   0x00000000   Code   RO         3124    .ARM.Collect$$libshutdown$$00000004  c_w.l(libshutdown2.o)
    0x080001f4   0x080001f4   0x00000000   Code   RO         3127    .ARM.Collect$$libshutdown$$00000007  c_w.l(libshutdown2.o)
    0x080001f4   0x080001f4   0x00000000   Code   RO         3130    .ARM.Collect$$libshutdown$$0000000A  c_w.l(libshutdown2.o)
    0x080001f4   0x080001f4   0x00000000   Code   RO         3132    .ARM.Collect$$libshutdown$$0000000C  c_w.l(libshutdown2.o)
    0x080001f4   0x080001f4   0x00000000   Code   RO         3135    .ARM.Collect$$libshutdown$$0000000F  c_w.l(libshutdown2.o)
    0x080001f4   0x080001f4   0x00000002   Code   RO         3136    .ARM.Collect$$libshutdown$$00000010  c_w.l(libshutdown2.o)
    0x080001f6   0x080001f6   0x00000000   Code   RO         3000    .ARM.Collect$$rtentry$$00000000  c_w.l(__rtentry.o)
    0x080001f6   0x080001f6   0x00000000   Code   RO         3014    .ARM.Collect$$rtentry$$00000002  c_w.l(__rtentry2.o)
    0x080001f6   0x080001f6   0x00000006   Code   RO         3026    .ARM.Collect$$rtentry$$00000004  c_w.l(__rtentry4.o)
    0x080001fc   0x080001fc   0x00000000   Code   RO         3016    .ARM.Collect$$rtentry$$00000009  c_w.l(__rtentry2.o)
    0x080001fc   0x080001fc   0x00000004   Code   RO         3017    .ARM.Collect$$rtentry$$0000000A  c_w.l(__rtentry2.o)
    0x08000200   0x08000200   0x00000000   Code   RO         3019    .ARM.Collect$$rtentry$$0000000C  c_w.l(__rtentry2.o)
    0x08000200   0x08000200   0x00000008   Code   RO         3020    .ARM.Collect$$rtentry$$0000000D  c_w.l(__rtentry2.o)
    0x08000208   0x08000208   0x00000002   Code   RO         3043    .ARM.Collect$$rtexit$$00000000  c_w.l(rtexit.o)
    0x0800020a   0x0800020a   0x00000000   Code   RO         3091    .ARM.Collect$$rtexit$$00000002  c_w.l(rtexit2.o)
    0x0800020a   0x0800020a   0x00000004   Code   RO         3092    .ARM.Collect$$rtexit$$00000003  c_w.l(rtexit2.o)
    0x0800020e   0x0800020e   0x00000006   Code   RO         3093    .ARM.Collect$$rtexit$$00000004  c_w.l(rtexit2.o)
    0x08000214   0x08000214   0x00000040   Code   RO            4    .text               startup_stm32f103xe.o
    0x08000254   0x08000254   0x00000028   Code   RO         2944    .text               c_w.l(noretval__2sprintf.o)
    0x0800027c   0x0800027c   0x00000068   Code   RO         2946    .text               c_w.l(__printf.o)
    0x080002e4   0x080002e4   0x00000078   Code   RO         2948    .text               c_w.l(_printf_dec.o)
    0x0800035c   0x0800035c   0x0000003e   Code   RO         2972    .text               c_w.l(strlen.o)
    0x0800039a   0x0800039a   0x0000008a   Code   RO         2974    .text               c_w.l(rt_memcpy_v6.o)
    0x08000424   0x08000424   0x00000064   Code   RO         2976    .text               c_w.l(rt_memcpy_w.o)
    0x08000488   0x08000488   0x0000004e   Code   RO         2978    .text               c_w.l(rt_memclr_w.o)
    0x080004d6   0x080004d6   0x00000006   Code   RO         2980    .text               c_w.l(heapauxi.o)
    0x080004dc   0x080004dc   0x000000b2   Code   RO         3001    .text               c_w.l(_printf_intcommon.o)
    0x0800058e   0x0800058e   0x00000002   PAD
    0x08000590   0x08000590   0x00000030   Code   RO         3003    .text               c_w.l(_printf_char_common.o)
    0x080005c0   0x080005c0   0x0000000a   Code   RO         3005    .text               c_w.l(_sputc.o)
    0x080005ca   0x080005ca   0x0000004a   Code   RO         3030    .text               c_w.l(sys_stackheap_outer.o)
    0x08000614   0x08000614   0x00000012   Code   RO         3032    .text               c_w.l(exit.o)
    0x08000626   0x08000626   0x00000002   PAD
    0x08000628   0x08000628   0x00000008   Code   RO         3040    .text               c_w.l(libspace.o)
    0x08000630   0x08000630   0x0000000c   Code   RO         3101    .text               c_w.l(sys_exit.o)
    0x0800063c   0x0800063c   0x00000002   Code   RO         3112    .text               c_w.l(use_no_semi.o)
    0x0800063e   0x0800063e   0x00000000   Code   RO         3114    .text               c_w.l(indicate_semi.o)
    0x0800063e   0x0800063e   0x00000002   PAD
    0x08000640   0x08000640   0x0000007c   Code   RO         2879    i.AD7606_SampleRate  ad7606.o
    0x080006bc   0x080006bc   0x00000050   Code   RO         2880    i.AD7606_config     ad7606.o
    0x0800070c   0x0800070c   0x00000002   Code   RO          197    i.BusFault_Handler  stm32f1xx_it.o
    0x0800070e   0x0800070e   0x00000004   Code   RO          432    i.CDC_Control_FS    usbd_cdc_if.o
    0x08000712   0x08000712   0x00000004   Code   RO          433    i.CDC_DeInit_FS     usbd_cdc_if.o
    0x08000716   0x08000716   0x00000002   PAD
    0x08000718   0x08000718   0x00000024   Code   RO          434    i.CDC_Init_FS       usbd_cdc_if.o
    0x0800073c   0x0800073c   0x00000048   Code   RO          435    i.CDC_Receive_FS    usbd_cdc_if.o
    0x08000784   0x08000784   0x0000002c   Code   RO          436    i.CDC_Transmit_FS   usbd_cdc_if.o
    0x080007b0   0x080007b0   0x00000044   Code   RO         2854    i.DWT_Delay_Init    dwt_stm32_delay.o
    0x080007f4   0x080007f4   0x00000002   Code   RO          198    i.DebugMon_Handler  stm32f1xx_it.o
    0x080007f6   0x080007f6   0x00000004   Code   RO           13    i.Error_Handler     main.o
    0x080007fa   0x080007fa   0x00000046   Code   RO         2174    i.HAL_DAC_ConfigChannel  stm32f1xx_hal_dac.o
    0x08000840   0x08000840   0x00000028   Code   RO         2184    i.HAL_DAC_Init      stm32f1xx_hal_dac.o
    0x08000868   0x08000868   0x00000058   Code   RO          280    i.HAL_DAC_MspInit   stm32f1xx_hal_msp.o
    0x080008c0   0x080008c0   0x0000005c   Code   RO         2188    i.HAL_DAC_Start     stm32f1xx_hal_dac.o
    0x0800091c   0x0800091c   0x00000024   Code   RO         1203    i.HAL_Delay         stm32f1xx_hal.o
    0x08000940   0x08000940   0x000001f8   Code   RO         1511    i.HAL_GPIO_Init     stm32f1xx_hal_gpio.o
    0x08000b38   0x08000b38   0x0000000a   Code   RO         1515    i.HAL_GPIO_WritePin  stm32f1xx_hal_gpio.o
    0x08000b42   0x08000b42   0x00000002   PAD
    0x08000b44   0x08000b44   0x0000000c   Code   RO         1207    i.HAL_GetTick       stm32f1xx_hal.o
    0x08000b50   0x08000b50   0x00000010   Code   RO         1213    i.HAL_IncTick       stm32f1xx_hal.o
    0x08000b60   0x08000b60   0x00000024   Code   RO         1214    i.HAL_Init          stm32f1xx_hal.o
    0x08000b84   0x08000b84   0x00000040   Code   RO         1215    i.HAL_InitTick      stm32f1xx_hal.o
    0x08000bc4   0x08000bc4   0x0000003c   Code   RO          281    i.HAL_MspInit       stm32f1xx_hal_msp.o
    0x08000c00   0x08000c00   0x0000001a   Code   RO         1671    i.HAL_NVIC_EnableIRQ  stm32f1xx_hal_cortex.o
    0x08000c1a   0x08000c1a   0x00000002   PAD
    0x08000c1c   0x08000c1c   0x00000040   Code   RO         1677    i.HAL_NVIC_SetPriority  stm32f1xx_hal_cortex.o
    0x08000c5c   0x08000c5c   0x00000024   Code   RO         1678    i.HAL_NVIC_SetPriorityGrouping  stm32f1xx_hal_cortex.o
    0x08000c80   0x08000c80   0x0000003c   Code   RO          976    i.HAL_PCDEx_PMAConfig  stm32f1xx_hal_pcd_ex.o
    0x08000cbc   0x08000cbc   0x00000002   Code   RO          495    i.HAL_PCDEx_SetConnectionState  usbd_conf.o
    0x08000cbe   0x08000cbe   0x00000012   Code   RO          497    i.HAL_PCD_DataInStageCallback  usbd_conf.o
    0x08000cd0   0x08000cd0   0x00000014   Code   RO          498    i.HAL_PCD_DataOutStageCallback  usbd_conf.o
    0x08000ce4   0x08000ce4   0x0000004c   Code   RO          752    i.HAL_PCD_EP_Close  stm32f1xx_hal_pcd.o
    0x08000d30   0x08000d30   0x0000005c   Code   RO          753    i.HAL_PCD_EP_ClrStall  stm32f1xx_hal_pcd.o
    0x08000d8c   0x08000d8c   0x000000e6   Code   RO          754    i.HAL_PCD_EP_DB_Receive  stm32f1xx_hal_pcd.o
    0x08000e72   0x08000e72   0x00000330   Code   RO          755    i.HAL_PCD_EP_DB_Transmit  stm32f1xx_hal_pcd.o
    0x080011a2   0x080011a2   0x00000012   Code   RO          757    i.HAL_PCD_EP_GetRxCount  stm32f1xx_hal_pcd.o
    0x080011b4   0x080011b4   0x00000060   Code   RO          758    i.HAL_PCD_EP_Open   stm32f1xx_hal_pcd.o
    0x08001214   0x08001214   0x00000032   Code   RO          759    i.HAL_PCD_EP_Receive  stm32f1xx_hal_pcd.o
    0x08001246   0x08001246   0x00000072   Code   RO          760    i.HAL_PCD_EP_SetStall  stm32f1xx_hal_pcd.o
    0x080012b8   0x080012b8   0x00000034   Code   RO          761    i.HAL_PCD_EP_Transmit  stm32f1xx_hal_pcd.o
    0x080012ec   0x080012ec   0x00000154   Code   RO          763    i.HAL_PCD_IRQHandler  stm32f1xx_hal_pcd.o
    0x08001440   0x08001440   0x000000da   Code   RO          766    i.HAL_PCD_Init      stm32f1xx_hal_pcd.o
    0x0800151a   0x0800151a   0x00000002   PAD
    0x0800151c   0x0800151c   0x0000003c   Code   RO          503    i.HAL_PCD_MspInit   usbd_conf.o
    0x08001558   0x08001558   0x00000026   Code   RO          504    i.HAL_PCD_ResetCallback  usbd_conf.o
    0x0800157e   0x0800157e   0x00000008   Code   RO          505    i.HAL_PCD_ResumeCallback  usbd_conf.o
    0x08001586   0x08001586   0x00000008   Code   RO          506    i.HAL_PCD_SOFCallback  usbd_conf.o
    0x0800158e   0x0800158e   0x00000028   Code   RO          772    i.HAL_PCD_SetAddress  stm32f1xx_hal_pcd.o
    0x080015b6   0x080015b6   0x0000000e   Code   RO          507    i.HAL_PCD_SetupStageCallback  usbd_conf.o
    0x080015c4   0x080015c4   0x00000032   Code   RO          774    i.HAL_PCD_Start     stm32f1xx_hal_pcd.o
    0x080015f6   0x080015f6   0x00000002   PAD
    0x080015f8   0x080015f8   0x00000024   Code   RO          508    i.HAL_PCD_SuspendCallback  usbd_conf.o
    0x0800161c   0x0800161c   0x000000ec   Code   RO         1474    i.HAL_RCCEx_PeriphCLKConfig  stm32f1xx_hal_rcc_ex.o
    0x08001708   0x08001708   0x0000012c   Code   RO         1371    i.HAL_RCC_ClockConfig  stm32f1xx_hal_rcc.o
    0x08001834   0x08001834   0x0000006c   Code   RO         1380    i.HAL_RCC_GetSysClockFreq  stm32f1xx_hal_rcc.o
    0x080018a0   0x080018a0   0x00000320   Code   RO         1383    i.HAL_RCC_OscConfig  stm32f1xx_hal_rcc.o
    0x08001bc0   0x08001bc0   0x00000028   Code   RO         1682    i.HAL_SYSTICK_Config  stm32f1xx_hal_cortex.o
    0x08001be8   0x08001be8   0x00000002   Code   RO          199    i.HardFault_Handler  stm32f1xx_it.o
    0x08001bea   0x08001bea   0x00000002   PAD
    0x08001bec   0x08001bec   0x00000038   Code   RO          346    i.IntToUnicode      usbd_desc.o
    0x08001c24   0x08001c24   0x000000f8   Code   RO           14    i.MX_GPIO_Init      main.o
    0x08001d1c   0x08001d1c   0x00000054   Code   RO          315    i.MX_USB_DEVICE_Init  usb_device.o
    0x08001d70   0x08001d70   0x00000002   Code   RO          200    i.MemManage_Handler  stm32f1xx_it.o
    0x08001d72   0x08001d72   0x00000002   Code   RO          201    i.NMI_Handler       stm32f1xx_it.o
    0x08001d74   0x08001d74   0x00000314   Code   RO          778    i.PCD_EP_ISR_Handler  stm32f1xx_hal_pcd.o
    0x08002088   0x08002088   0x00000002   Code   RO          202    i.PendSV_Handler    stm32f1xx_it.o
    0x0800208a   0x0800208a   0x00000002   Code   RO          203    i.SVC_Handler       stm32f1xx_it.o
    0x0800208c   0x0800208c   0x00000004   Code   RO          204    i.SysTick_Handler   stm32f1xx_it.o
    0x08002090   0x08002090   0x00000078   Code   RO           15    i.SystemClock_Config  main.o
    0x08002108   0x08002108   0x00000002   Code   RO         2448    i.SystemInit        system_stm32f1xx.o
    0x0800210a   0x0800210a   0x00000046   Code   RO         2748    i.USBD_CDC_DataIn   usbd_cdc.o
    0x08002150   0x08002150   0x0000002e   Code   RO         2749    i.USBD_CDC_DataOut  usbd_cdc.o
    0x0800217e   0x0800217e   0x00000044   Code   RO         2750    i.USBD_CDC_DeInit   usbd_cdc.o
    0x080021c2   0x080021c2   0x00000024   Code   RO         2751    i.USBD_CDC_EP0_RxReady  usbd_cdc.o
    0x080021e6   0x080021e6   0x00000002   PAD
    0x080021e8   0x080021e8   0x0000000c   Code   RO         2752    i.USBD_CDC_GetDeviceQualifierDescriptor  usbd_cdc.o
    0x080021f4   0x080021f4   0x0000000c   Code   RO         2753    i.USBD_CDC_GetFSCfgDesc  usbd_cdc.o
    0x08002200   0x08002200   0x0000000c   Code   RO         2754    i.USBD_CDC_GetHSCfgDesc  usbd_cdc.o
    0x0800220c   0x0800220c   0x0000000c   Code   RO         2755    i.USBD_CDC_GetOtherSpeedCfgDesc  usbd_cdc.o
    0x08002218   0x08002218   0x00000094   Code   RO         2756    i.USBD_CDC_Init     usbd_cdc.o
    0x080022ac   0x080022ac   0x00000028   Code   RO         2757    i.USBD_CDC_ReceivePacket  usbd_cdc.o
    0x080022d4   0x080022d4   0x00000010   Code   RO         2758    i.USBD_CDC_RegisterInterface  usbd_cdc.o
    0x080022e4   0x080022e4   0x0000000c   Code   RO         2759    i.USBD_CDC_SetRxBuffer  usbd_cdc.o
    0x080022f0   0x080022f0   0x00000010   Code   RO         2760    i.USBD_CDC_SetTxBuffer  usbd_cdc.o
    0x08002300   0x08002300   0x000000ac   Code   RO         2761    i.USBD_CDC_Setup    usbd_cdc.o
    0x080023ac   0x080023ac   0x00000036   Code   RO         2762    i.USBD_CDC_TransmitPacket  usbd_cdc.o
    0x080023e2   0x080023e2   0x0000000e   Code   RO         2485    i.USBD_ClrClassConfig  usbd_core.o
    0x080023f0   0x080023f0   0x00000010   Code   RO         2688    i.USBD_CtlContinueRx  usbd_ioreq.o
    0x08002400   0x08002400   0x00000010   Code   RO         2689    i.USBD_CtlContinueSendData  usbd_ioreq.o
    0x08002410   0x08002410   0x00000016   Code   RO         2623    i.USBD_CtlError     usbd_ctlreq.o
    0x08002426   0x08002426   0x0000001e   Code   RO         2690    i.USBD_CtlPrepareRx  usbd_ioreq.o
    0x08002444   0x08002444   0x00000016   Code   RO         2691    i.USBD_CtlReceiveStatus  usbd_ioreq.o
    0x0800245a   0x0800245a   0x0000001a   Code   RO         2692    i.USBD_CtlSendData  usbd_ioreq.o
    0x08002474   0x08002474   0x00000016   Code   RO         2693    i.USBD_CtlSendStatus  usbd_ioreq.o
    0x0800248a   0x0800248a   0x00000002   PAD
    0x0800248c   0x0800248c   0x00000020   Code   RO          347    i.USBD_FS_ConfigStrDescriptor  usbd_desc.o
    0x080024ac   0x080024ac   0x0000000c   Code   RO          348    i.USBD_FS_DeviceDescriptor  usbd_desc.o
    0x080024b8   0x080024b8   0x00000024   Code   RO          349    i.USBD_FS_InterfaceStrDescriptor  usbd_desc.o
    0x080024dc   0x080024dc   0x0000000c   Code   RO          350    i.USBD_FS_LangIDStrDescriptor  usbd_desc.o
    0x080024e8   0x080024e8   0x00000028   Code   RO          351    i.USBD_FS_ManufacturerStrDescriptor  usbd_desc.o
    0x08002510   0x08002510   0x0000002c   Code   RO          352    i.USBD_FS_ProductStrDescriptor  usbd_desc.o
    0x0800253c   0x0800253c   0x00000038   Code   RO          353    i.USBD_FS_SerialStrDescriptor  usbd_desc.o
    0x08002574   0x08002574   0x000000e8   Code   RO         2624    i.USBD_GetDescriptor  usbd_ctlreq.o
    0x0800265c   0x0800265c   0x00000048   Code   RO         2625    i.USBD_GetString    usbd_ctlreq.o
    0x080026a4   0x080026a4   0x00000018   Code   RO          509    i.USBD_Get_USB_Status  usbd_conf.o
    0x080026bc   0x080026bc   0x0000002a   Code   RO         2487    i.USBD_Init         usbd_core.o
    0x080026e6   0x080026e6   0x00000012   Code   RO          510    i.USBD_LL_ClearStallEP  usbd_conf.o
    0x080026f8   0x080026f8   0x00000012   Code   RO          511    i.USBD_LL_CloseEP   usbd_conf.o
    0x0800270a   0x0800270a   0x000000c6   Code   RO         2488    i.USBD_LL_DataInStage  usbd_core.o
    0x080027d0   0x080027d0   0x00000082   Code   RO         2489    i.USBD_LL_DataOutStage  usbd_core.o
    0x08002852   0x08002852   0x00000008   Code   RO          515    i.USBD_LL_GetRxDataSize  usbd_conf.o
    0x0800285a   0x0800285a   0x00000002   PAD
    0x0800285c   0x0800285c   0x00000080   Code   RO          516    i.USBD_LL_Init      usbd_conf.o
    0x080028dc   0x080028dc   0x00000020   Code   RO          517    i.USBD_LL_IsStallEP  usbd_conf.o
    0x080028fc   0x080028fc   0x00000018   Code   RO          518    i.USBD_LL_OpenEP    usbd_conf.o
    0x08002914   0x08002914   0x00000012   Code   RO          519    i.USBD_LL_PrepareReceive  usbd_conf.o
    0x08002926   0x08002926   0x00000050   Code   RO         2494    i.USBD_LL_Reset     usbd_core.o
    0x08002976   0x08002976   0x00000014   Code   RO         2495    i.USBD_LL_Resume    usbd_core.o
    0x0800298a   0x0800298a   0x00000018   Code   RO         2496    i.USBD_LL_SOF       usbd_core.o
    0x080029a2   0x080029a2   0x00000006   Code   RO         2497    i.USBD_LL_SetSpeed  usbd_core.o
    0x080029a8   0x080029a8   0x00000012   Code   RO          520    i.USBD_LL_SetUSBAddress  usbd_conf.o
    0x080029ba   0x080029ba   0x0000005a   Code   RO         2498    i.USBD_LL_SetupStage  usbd_core.o
    0x08002a14   0x08002a14   0x00000012   Code   RO          521    i.USBD_LL_StallEP   usbd_conf.o
    0x08002a26   0x08002a26   0x00000012   Code   RO          522    i.USBD_LL_Start     usbd_conf.o
    0x08002a38   0x08002a38   0x00000012   Code   RO         2499    i.USBD_LL_Suspend   usbd_core.o
    0x08002a4a   0x08002a4a   0x00000012   Code   RO          524    i.USBD_LL_Transmit  usbd_conf.o
    0x08002a5c   0x08002a5c   0x00000028   Code   RO         2626    i.USBD_ParseSetupRequest  usbd_ctlreq.o
    0x08002a84   0x08002a84   0x00000010   Code   RO         2500    i.USBD_RegisterClass  usbd_core.o
    0x08002a94   0x08002a94   0x00000016   Code   RO         2502    i.USBD_SetClassConfig  usbd_core.o
    0x08002aaa   0x08002aaa   0x00000002   PAD
    0x08002aac   0x08002aac   0x00000084   Code   RO         2627    i.USBD_SetConfig    usbd_ctlreq.o
    0x08002b30   0x08002b30   0x0000000a   Code   RO         2503    i.USBD_Start        usbd_core.o
    0x08002b3a   0x08002b3a   0x00000112   Code   RO         2628    i.USBD_StdDevReq    usbd_ctlreq.o
    0x08002c4c   0x08002c4c   0x00000150   Code   RO         2629    i.USBD_StdEPReq     usbd_ctlreq.o
    0x08002d9c   0x08002d9c   0x0000004e   Code   RO         2630    i.USBD_StdItfReq    usbd_ctlreq.o
    0x08002dea   0x08002dea   0x00000002   Code   RO          525    i.USBD_static_free  usbd_conf.o
    0x08002dec   0x08002dec   0x00000008   Code   RO          526    i.USBD_static_malloc  usbd_conf.o
    0x08002df4   0x08002df4   0x00000258   Code   RO         1016    i.USB_ActivateEndpoint  stm32f1xx_ll_usb.o
    0x0800304c   0x0800304c   0x00000004   Code   RO         1019    i.USB_CoreInit      stm32f1xx_ll_usb.o
    0x08003050   0x08003050   0x0000010e   Code   RO         1021    i.USB_DeactivateEndpoint  stm32f1xx_ll_usb.o
    0x0800315e   0x0800315e   0x00000004   Code   RO         1022    i.USB_DevConnect    stm32f1xx_ll_usb.o
    0x08003162   0x08003162   0x00000004   Code   RO         1023    i.USB_DevDisconnect  stm32f1xx_ll_usb.o
    0x08003166   0x08003166   0x00000012   Code   RO         1024    i.USB_DevInit       stm32f1xx_ll_usb.o
    0x08003178   0x08003178   0x0000000e   Code   RO         1025    i.USB_DisableGlobalInt  stm32f1xx_ll_usb.o
    0x08003186   0x08003186   0x00000004   Code   RO         1026    i.USB_EP0_OutStart  stm32f1xx_ll_usb.o
    0x0800318a   0x0800318a   0x00000078   Code   RO         1027    i.USB_EPClearStall  stm32f1xx_ll_usb.o
    0x08003202   0x08003202   0x00000032   Code   RO         1028    i.USB_EPSetStall    stm32f1xx_ll_usb.o
    0x08003234   0x08003234   0x0000060c   Code   RO         1029    i.USB_EPStartXfer   stm32f1xx_ll_usb.o
    0x08003840   0x08003840   0x00000012   Code   RO         1030    i.USB_EnableGlobalInt  stm32f1xx_ll_usb.o
    0x08003852   0x08003852   0x00000002   PAD
    0x08003854   0x08003854   0x0000000c   Code   RO          205    i.USB_LP_CAN1_RX0_IRQHandler  stm32f1xx_it.o
    0x08003860   0x08003860   0x00000006   Code   RO         1037    i.USB_ReadInterrupts  stm32f1xx_ll_usb.o
    0x08003866   0x08003866   0x00000002   PAD
    0x08003868   0x08003868   0x0000002c   Code   RO         1038    i.USB_ReadPMA       stm32f1xx_ll_usb.o
    0x08003894   0x08003894   0x00000004   Code   RO         1039    i.USB_SetCurrentMode  stm32f1xx_ll_usb.o
    0x08003898   0x08003898   0x0000000c   Code   RO         1040    i.USB_SetDevAddress  stm32f1xx_ll_usb.o
    0x080038a4   0x080038a4   0x00000026   Code   RO         1042    i.USB_WritePMA      stm32f1xx_ll_usb.o
    0x080038ca   0x080038ca   0x00000002   Code   RO          206    i.UsageFault_Handler  stm32f1xx_it.o
    0x080038cc   0x080038cc   0x0000004c   Code   RO          437    i.VCP_retrieveInputData  usbd_cdc_if.o
    0x08003918   0x08003918   0x00000020   Code   RO         1684    i.__NVIC_SetPriority  stm32f1xx_hal_cortex.o
    0x08003938   0x08003938   0x00000128   Code   RO           16    i.main              main.o
    0x08003a60   0x08003a60   0x00000184   Code   RO         2985    x$fpl$fdiv          fz_ws.l(fdiv.o)
    0x08003be4   0x08003be4   0x0000003e   Code   RO         2988    x$fpl$ffixu         fz_ws.l(ffixu.o)
    0x08003c22   0x08003c22   0x00000002   PAD
    0x08003c24   0x08003c24   0x00000026   Code   RO         2992    x$fpl$ffltu         fz_ws.l(fflt_clz.o)
    0x08003c4a   0x08003c4a   0x00000002   PAD
    0x08003c4c   0x08003c4c   0x00000102   Code   RO         2998    x$fpl$fmul          fz_ws.l(fmul.o)
    0x08003d4e   0x08003d4e   0x0000008c   Code   RO         3008    x$fpl$fnaninf       fz_ws.l(fnaninf.o)
    0x08003dda   0x08003dda   0x0000000a   Code   RO         3010    x$fpl$fretinf       fz_ws.l(fretinf.o)
    0x08003de4   0x08003de4   0x00000000   Code   RO         3012    x$fpl$usenofp       fz_ws.l(usenofp.o)
    0x08003de4   0x08003de4   0x00000010   Data   RO         2449    .constdata          system_stm32f1xx.o
    0x08003df4   0x08003df4   0x00000020   Data   RO         3167    Region$$Table       anon$$obj.o


    Execution Region RW_IRAM1 (Exec base: 0x20000000, Load base: 0x08003e14, Size: 0x000031a8, Max: 0x0000c000, ABSOLUTE, COMPRESSED[0x000000c0])

    Exec Addr    Load Addr    Size         Type   Attr      Idx    E Section Name        Object

    0x20000000   COMPRESSED   0x00000014   Data   RW           19    .data               main.o
    0x20000014   COMPRESSED   0x0000001c   Data   RW          355    .data               usbd_desc.o
    0x20000030   COMPRESSED   0x00000032   Data   RW          356    .data               usbd_desc.o
    0x20000062   COMPRESSED   0x00000002   PAD
    0x20000064   COMPRESSED   0x00000010   Data   RW          443    .data               usbd_cdc_if.o
    0x20000074   COMPRESSED   0x0000000c   Data   RW         1221    .data               stm32f1xx_hal.o
    0x20000080   COMPRESSED   0x00000004   Data   RW         2451    .data               system_stm32f1xx.o
    0x20000084   COMPRESSED   0x00000001   Data   RW         2631    .data               usbd_ctlreq.o
    0x20000085   COMPRESSED   0x00000003   PAD
    0x20000088   COMPRESSED   0x000000d7   Data   RW         2763    .data               usbd_cdc.o
    0x2000015f   COMPRESSED   0x00000001   PAD
    0x20000160   COMPRESSED   0x00000038   Data   RW         2764    .data               usbd_cdc.o
    0x20000198        -       0x00000474   Zero   RW           17    .bss                main.o
    0x2000060c        -       0x000002c4   Zero   RW          316    .bss                usb_device.o
    0x200008d0        -       0x00000200   Zero   RW          354    .bss                usbd_desc.o
    0x20000ad0        -       0x00001b68   Zero   RW          439    .bss                usbd_cdc_if.o
    0x20002638        -       0x0000050c   Zero   RW          527    .bss                usbd_conf.o
    0x20002b44        -       0x00000060   Zero   RW         3041    .bss                c_w.l(libspace.o)
    0x20002ba4   COMPRESSED   0x00000004   PAD
    0x20002ba8        -       0x00000200   Zero   RW            2    HEAP                startup_stm32f103xe.o
    0x20002da8        -       0x00000400   Zero   RW            1    STACK               startup_stm32f103xe.o


==============================================================================

Image component sizes


      Code (inc. data)   RO Data    RW Data    ZI Data      Debug   Object Name

       204         20          0          0          0       1076   ad7606.o
        68         10          0          0          0        537   dwt_stm32_delay.o
       668         84          0         20       1140     470223   main.o
        64         26        304          0       1536        804   startup_stm32f103xe.o
       164         28          0         12          0       6465   stm32f1xx_hal.o
       198         14          0          0          0      28903   stm32f1xx_hal_cortex.o
       202          0          0          0          0       2567   stm32f1xx_hal_dac.o
       514         42          0          0          0       2884   stm32f1xx_hal_gpio.o
       148         20          0          0          0       1524   stm32f1xx_hal_msp.o
      2980          0          0          0          0      13793   stm32f1xx_hal_pcd.o
        60          0          0          0          0       1162   stm32f1xx_hal_pcd_ex.o
      1208         76          0          0          0       4046   stm32f1xx_hal_rcc.o
       236         12          0          0          0       1372   stm32f1xx_hal_rcc_ex.o
        32          6          0          0          0       4263   stm32f1xx_it.o
      2758          0          0          0          0      16463   stm32f1xx_ll_usb.o
         2          0         16          4          0       1095   system_stm32f1xx.o
        84         18          0          0        708        780   usb_device.o
       726         16          0        271          0      12938   usbd_cdc.o
       236         34          0         16       7016       4761   usbd_cdc_if.o
       556         30          0          0       1292      14045   usbd_conf.o
       670          0          0          0          0       9375   usbd_core.o
      1186         28          0          1          0       7868   usbd_ctlreq.o
       288        104          0         78        512       5861   usbd_desc.o
       132          0          0          0          0       4280   usbd_ioreq.o

    ----------------------------------------------------------------------
     13408        568        352        408      12204     617085   Object Totals
         0          0         32          0          0          0   (incl. Generated)
        24          0          0          6          0          0   (incl. Padding)

    ----------------------------------------------------------------------

      Code (inc. data)   RO Data    RW Data    ZI Data      Debug   Library Member Name

        90          0          0          0          0          0   __dczerorl2.o
         8          0          0          0          0         68   __main.o
       104          0          0          0          0         84   __printf.o
         0          0          0          0          0          0   __rtentry.o
        12          0          0          0          0          0   __rtentry2.o
         6          0          0          0          0          0   __rtentry4.o
        52          8          0          0          0          0   __scatter.o
        28          0          0          0          0          0   __scatter_zi.o
        48          6          0          0          0         96   _printf_char_common.o
         6          0          0          0          0          0   _printf_d.o
       120         16          0          0          0         92   _printf_dec.o
       178          0          0          0          0         88   _printf_intcommon.o
         0          0          0          0          0          0   _printf_percent.o
         4          0          0          0          0          0   _printf_percent_end.o
        10          0          0          0          0         68   _sputc.o
        18          0          0          0          0         80   exit.o
         6          0          0          0          0        152   heapauxi.o
         0          0          0          0          0          0   indicate_semi.o
         2          0          0          0          0          0   libinit.o
         2          0          0          0          0          0   libinit2.o
         2          0          0          0          0          0   libshutdown.o
         2          0          0          0          0          0   libshutdown2.o
         8          4          0          0         96         68   libspace.o
        40          6          0          0          0         84   noretval__2sprintf.o
        78          0          0          0          0         80   rt_memclr_w.o
       138          0          0          0          0         68   rt_memcpy_v6.o
       100          0          0          0          0         80   rt_memcpy_w.o
         2          0          0          0          0          0   rtexit.o
        10          0          0          0          0          0   rtexit2.o
        62          0          0          0          0         76   strlen.o
        12          4          0          0          0         68   sys_exit.o
        74          0          0          0          0         80   sys_stackheap_outer.o
         2          0          0          0          0         68   use_no_semi.o
       388         76          0          0          0         96   fdiv.o
        62          4          0          0          0         84   ffixu.o
        38          0          0          0          0         68   fflt_clz.o
       258          4          0          0          0         84   fmul.o
       140          4          0          0          0         84   fnaninf.o
        10          0          0          0          0         68   fretinf.o
         0          0          0          0          0          0   usenofp.o

    ----------------------------------------------------------------------
      2132        132          0          0        100       1884   Library Totals
        12          0          0          0          4          0   (incl. Padding)

    ----------------------------------------------------------------------

      Code (inc. data)   RO Data    RW Data    ZI Data      Debug   Library Name

      1224         44          0          0         96       1400   c_w.l
       896         88          0          0          0        484   fz_ws.l

    ----------------------------------------------------------------------
      2132        132          0          0        100       1884   Library Totals

    ----------------------------------------------------------------------

==============================================================================


      Code (inc. data)   RO Data    RW Data    ZI Data      Debug   

     15540        700        352        408      12304     610437   Grand Totals
     15540        700        352        192      12304     610437   ELF Image Totals (compressed)
     15540        700        352        192          0          0   ROM Totals

==============================================================================

    Total RO  Size (Code + RO Data)                15892 (  15.52kB)
    Total RW  Size (RW Data + ZI Data)             12712 (  12.41kB)
    Total ROM Size (Code + RO Data + RW Data)      16084 (  15.71kB)

==============================================================================

