Component: ARM Compiler 5.06 update 5 (build 528) Tool: armlink [4d35e2]

==============================================================================

Section Cross References

    startup_stm32f103xe.o(STACK) refers (Special) to heapauxi.o(.text) for __use_two_region_memory
    startup_stm32f103xe.o(HEAP) refers (Special) to heapauxi.o(.text) for __use_two_region_memory
    startup_stm32f103xe.o(RESET) refers (Special) to heapauxi.o(.text) for __use_two_region_memory
    startup_stm32f103xe.o(RESET) refers to startup_stm32f103xe.o(STACK) for __initial_sp
    startup_stm32f103xe.o(RESET) refers to startup_stm32f103xe.o(.text) for Reset_Handler
    startup_stm32f103xe.o(RESET) refers to stm32f1xx_it.o(i.NMI_Handler) for NMI_Handler
    startup_stm32f103xe.o(RESET) refers to stm32f1xx_it.o(i.HardFault_Handler) for HardFault_Handler
    startup_stm32f103xe.o(RESET) refers to stm32f1xx_it.o(i.MemManage_Handler) for MemManage_Handler
    startup_stm32f103xe.o(RESET) refers to stm32f1xx_it.o(i.BusFault_Handler) for BusFault_Handler
    startup_stm32f103xe.o(RESET) refers to stm32f1xx_it.o(i.UsageFault_Handler) for UsageFault_Handler
    startup_stm32f103xe.o(RESET) refers to stm32f1xx_it.o(i.SVC_Handler) for SVC_Handler
    startup_stm32f103xe.o(RESET) refers to stm32f1xx_it.o(i.DebugMon_Handler) for DebugMon_Handler
    startup_stm32f103xe.o(RESET) refers to stm32f1xx_it.o(i.PendSV_Handler) for PendSV_Handler
    startup_stm32f103xe.o(RESET) refers to stm32f1xx_it.o(i.SysTick_Handler) for SysTick_Handler
    startup_stm32f103xe.o(RESET) refers to stm32f1xx_it.o(i.USB_LP_CAN1_RX0_IRQHandler) for USB_LP_CAN1_RX0_IRQHandler
    startup_stm32f103xe.o(.text) refers (Special) to heapauxi.o(.text) for __use_two_region_memory
    startup_stm32f103xe.o(.text) refers to system_stm32f1xx.o(i.SystemInit) for SystemInit
    startup_stm32f103xe.o(.text) refers to __main.o(!!!main) for __main
    startup_stm32f103xe.o(.text) refers to startup_stm32f103xe.o(HEAP) for Heap_Mem
    startup_stm32f103xe.o(.text) refers to startup_stm32f103xe.o(STACK) for Stack_Mem
    main.o(i.MX_GPIO_Init) refers to stm32f1xx_hal_gpio.o(i.HAL_GPIO_WritePin) for HAL_GPIO_WritePin
    main.o(i.MX_GPIO_Init) refers to stm32f1xx_hal_gpio.o(i.HAL_GPIO_Init) for HAL_GPIO_Init
    main.o(i.SystemClock_Config) refers to rt_memclr_w.o(.text) for __aeabi_memclr4
    main.o(i.SystemClock_Config) refers to stm32f1xx_hal_rcc.o(i.HAL_RCC_OscConfig) for HAL_RCC_OscConfig
    main.o(i.SystemClock_Config) refers to stm32f1xx_hal_rcc.o(i.HAL_RCC_ClockConfig) for HAL_RCC_ClockConfig
    main.o(i.SystemClock_Config) refers to stm32f1xx_hal_rcc_ex.o(i.HAL_RCCEx_PeriphCLKConfig) for HAL_RCCEx_PeriphCLKConfig
    main.o(i.main) refers to _printf_percent.o(.ARM.Collect$$_printf_percent$$00000000) for _printf_percent
    main.o(i.main) refers to _printf_d.o(.ARM.Collect$$_printf_percent$$00000009) for _printf_d
    main.o(i.main) refers to _printf_dec.o(.text) for _printf_int_dec
    main.o(i.main) refers to stm32f1xx_hal.o(i.HAL_Init) for HAL_Init
    main.o(i.main) refers to main.o(i.SystemClock_Config) for SystemClock_Config
    main.o(i.main) refers to main.o(i.MX_GPIO_Init) for MX_GPIO_Init
    main.o(i.main) refers to usb_device.o(i.MX_USB_DEVICE_Init) for MX_USB_DEVICE_Init
    main.o(i.main) refers to stm32f1xx_hal_dac.o(i.HAL_DAC_Init) for HAL_DAC_Init
    main.o(i.main) refers to stm32f1xx_hal_dac.o(i.HAL_DAC_ConfigChannel) for HAL_DAC_ConfigChannel
    main.o(i.main) refers to dwt_stm32_delay.o(i.DWT_Delay_Init) for DWT_Delay_Init
    main.o(i.main) refers to ad7606.o(i.AD7606_config) for AD7606_config
    main.o(i.main) refers to stm32f1xx_hal_dac.o(i.HAL_DAC_Start) for HAL_DAC_Start
    main.o(i.main) refers to usbd_cdc_if.o(i.VCP_retrieveInputData) for VCP_retrieveInputData
    main.o(i.main) refers to fflt_clz.o(x$fpl$ffltu) for __aeabi_ui2f
    main.o(i.main) refers to fdiv.o(x$fpl$fdiv) for __aeabi_fdiv
    main.o(i.main) refers to fmul.o(x$fpl$fmul) for __aeabi_fmul
    main.o(i.main) refers to ffixu.o(x$fpl$ffixu) for __aeabi_f2uiz
    main.o(i.main) refers to stm32f1xx_hal_dac.o(i.HAL_DAC_SetValue) for HAL_DAC_SetValue
    main.o(i.main) refers to rt_memclr_w.o(.text) for __aeabi_memclr4
    main.o(i.main) refers to ad7606.o(i.AD7606_readConversionValue) for AD7606_readConversionValue
    main.o(i.main) refers to noretval__2sprintf.o(.text) for __2sprintf
    main.o(i.main) refers to strlen.o(.text) for strlen
    main.o(i.main) refers to usbd_cdc_if.o(i.CDC_Transmit_FS) for CDC_Transmit_FS
    main.o(i.main) refers to stm32f1xx_hal.o(i.HAL_Delay) for HAL_Delay
    main.o(i.main) refers to main.o(.bss) for .bss
    main.o(i.main) refers to main.o(.data) for .data
    stm32f1xx_it.o(i.SysTick_Handler) refers to stm32f1xx_hal.o(i.HAL_IncTick) for HAL_IncTick
    stm32f1xx_it.o(i.USB_LP_CAN1_RX0_IRQHandler) refers to stm32f1xx_hal_pcd.o(i.HAL_PCD_IRQHandler) for HAL_PCD_IRQHandler
[...]
    i.HAL_NVIC_SetPriority                   0x08000f30   Section        0  stm32f1xx_hal_cortex.o(i.HAL_NVIC_SetPriority)
    i.HAL_NVIC_SetPriorityGrouping           0x08000f70   Section        0  stm32f1xx_hal_cortex.o(i.HAL_NVIC_SetPriorityGrouping)
    i.HAL_PCDEx_PMAConfig                    0x08000f94   Section        0  stm32f1xx_hal_pcd_ex.o(i.HAL_PCDEx_PMAConfig)
    i.HAL_PCDEx_SetConnectionState           0x08000fd0   Section        0  usbd_conf.o(i.HAL_PCDEx_SetConnectionState)
    i.HAL_PCD_DataInStageCallback            0x08000fd2   Section        0  usbd_conf.o(i.HAL_PCD_DataInStageCallback)
    i.HAL_PCD_DataOutStageCallback           0x08000fe4   Section        0  usbd_conf.o(i.HAL_PCD_DataOutStageCallback)
    i.HAL_PCD_EP_Close                       0x08000ff8   Section        0  stm32f1xx_hal_pcd.o(i.HAL_PCD_EP_Close)
    i.HAL_PCD_EP_ClrStall                    0x08001044   Section        0  stm32f1xx_hal_pcd.o(i.HAL_PCD_EP_ClrStall)
    i.HAL_PCD_EP_DB_Receive                  0x080010a0   Section        0  stm32f1xx_hal_pcd.o(i.HAL_PCD_EP_DB_Receive)
    HAL_PCD_EP_DB_Receive                    0x080010a1   Thumb Code   230  stm32f1xx_hal_pcd.o(i.HAL_PCD_EP_DB_Receive)
    i.HAL_PCD_EP_DB_Transmit                 0x08001186   Section        0  stm32f1xx_hal_pcd.o(i.HAL_PCD_EP_DB_Transmit)
    HAL_PCD_EP_DB_Transmit                   0x08001187   Thumb Code   816  stm32f1xx_hal_pcd.o(i.HAL_PCD_EP_DB_Transmit)
    i.HAL_PCD_EP_GetRxCount                  0x080014b6   Section        0  stm32f1xx_hal_pcd.o(i.HAL_PCD_EP_GetRxCount)
    i.HAL_PCD_EP_Open                        0x080014c8   Section        0  stm32f1xx_hal_pcd.o(i.HAL_PCD_EP_Open)
    i.HAL_PCD_EP_Receive                     0x08001528   Section        0  stm32f1xx_hal_pcd.o(i.HAL_PCD_EP_Receive)
    i.HAL_PCD_EP_SetStall                    0x0800155a   Section        0  stm32f1xx_hal_pcd.o(i.HAL_PCD_EP_SetStall)
    i.HAL_PCD_EP_Transmit                    0x080015cc   Section        0  stm32f1xx_hal_pcd.o(i.HAL_PCD_EP_Transmit)
    i.HAL_PCD_IRQHandler                     0x08001600   Section        0  stm32f1xx_hal_pcd.o(i.HAL_PCD_IRQHandler)
    i.HAL_PCD_Init                           0x08001754   Section        0  stm32f1xx_hal_pcd.o(i.HAL_PCD_Init)
    i.HAL_PCD_MspInit                        0x08001830   Section        0  usbd_conf.o(i.HAL_PCD_MspInit)
    i.HAL_PCD_ResetCallback                  0x0800186c   Section        0  usbd_conf.o(i.HAL_PCD_ResetCallback)
    i.HAL_PCD_ResumeCallback                 0x08001892   Section        0  usbd_conf.o(i.HAL_PCD_ResumeCallback)
    i.HAL_PCD_SOFCallback                    0x0800189a   Section        0  usbd_conf.o(i.HAL_PCD_SOFCallback)
    i.HAL_PCD_SetAddress                     0x080018a2   Section        0  stm32f1xx_hal_pcd.o(i.HAL_PCD_SetAddress)
    i.HAL_PCD_SetupStageCallback             0x080018ca   Section        0  usbd_conf.o(i.HAL_PCD_SetupStageCallback)
    i.HAL_PCD_Start                          0x080018d8   Section        0  stm32f1xx_hal_pcd.o(i.HAL_PCD_Start)
    i.HAL_PCD_SuspendCallback                0x0800190c   Section        0  usbd_conf.o(i.HAL_PCD_SuspendCallback)
    i.HAL_RCCEx_PeriphCLKConfig              0x08001930   Section        0  stm32f1xx_hal_rcc_ex.o(i.HAL_RCCEx_PeriphCLKConfig)
    i.HAL_RCC_ClockConfig                    0x08001a1c   Section        0  stm32f1xx_hal_rcc.o(i.HAL_RCC_ClockConfig)
    i.HAL_RCC_GetHCLKFreq                    0x08001b48   Section        0  stm32f1xx_hal_rcc.o(i.HAL_RCC_GetHCLKFreq)
    i.HAL_RCC_GetSysClockFreq                0x08001b54   Section        0  stm32f1xx_hal_rcc.o(i.HAL_RCC_GetSysClockFreq)
    i.HAL_RCC_OscConfig                      0x08001bc0   Section        0  stm32f1xx_hal_rcc.o(i.HAL_RCC_OscConfig)
    i.HAL_SYSTICK_Config                     0x08001ee0   Section        0  stm32f1xx_hal_cortex.o(i.HAL_SYSTICK_Config)
    i.HardFault_Handler                      0x08001f08   Section        0  stm32f1xx_it.o(i.HardFault_Handler)
    i.IntToUnicode                           0x08001f0c   Section        0  usbd_desc.o(i.IntToUnicode)
    IntToUnicode                             0x08001f0d   Thumb Code    56  usbd_desc.o(i.IntToUnicode)
    i.MX_GPIO_Init                           0x08001f44   Section        0  main.o(i.MX_GPIO_Init)
    MX_GPIO_Init                             0x08001f45   Thumb Code   226  main.o(i.MX_GPIO_Init)
    i.MX_USB_DEVICE_Init                     0x0800203c   Section        0  usb_device.o(i.MX_USB_DEVICE_Init)
    i.MemManage_Handler                      0x08002090   Section        0  stm32f1xx_it.o(i.MemManage_Handler)
    i.NMI_Handler                            0x08002092   Section        0  stm32f1xx_it.o(i.NMI_Handler)
    i.PCD_EP_ISR_Handler                     0x08002094   Section        0  stm32f1xx_hal_pcd.o(i.PCD_EP_ISR_Handler)
    PCD_EP_ISR_Handler                       0x08002095   Thumb Code   788  stm32f1xx_hal_pcd.o(i.PCD_EP_ISR_Handler)
    i.PendSV_Handler                         0x080023a8   Section        0  stm32f1xx_it.o(i.PendSV_Handler)
    i.SVC_Handler                            0x080023aa   Section        0  stm32f1xx_it.o(i.SVC_Handler)
    i.SysTick_Handler                        0x080023ac   Section        0  stm32f1xx_it.o(i.SysTick_Handler)
    i.SystemClock_Config                     0x080023b0   Section        0  main.o(i.SystemClock_Config)
    i.SystemInit                             0x08002428   Section        0  system_stm32f1xx.o(i.SystemInit)
    i.USBD_CDC_DataIn                        0x0800242a   Section        0  usbd_cdc.o(i.USBD_CDC_DataIn)
    USBD_CDC_DataIn                          0x0800242b   Thumb Code    70  usbd_cdc.o(i.USBD_CDC_DataIn)
    i.USBD_CDC_DataOut                       0x08002470   Section        0  usbd_cdc.o(i.USBD_CDC_DataOut)
    USBD_CDC_DataOut                         0x08002471   Thumb Code    46  usbd_cdc.o(i.USBD_CDC_DataOut)
    i.USBD_CDC_DeInit                        0x0800249e   Section        0  usbd_cdc.o(i.USBD_CDC_DeInit)
    USBD_CDC_DeInit                          0x0800249f   Thumb Code    68  usbd_cdc.o(i.USBD_CDC_DeInit)
    i.USBD_CDC_EP0_RxReady                   0x080024e2   Section        0  usbd_cdc.o(i.USBD_CDC_EP0_RxReady)
    USBD_CDC_EP0_RxReady                     0x080024e3   Thumb Code    36  usbd_cdc.o(i.USBD_CDC_EP0_RxReady)
    i.USBD_CDC_GetDeviceQualifierDescriptor  0x08002508   Section        0  usbd_cdc.o(i.USBD_CDC_GetDeviceQualifierDescriptor)
    i.USBD_CDC_GetFSCfgDesc                  0x08002514   Section        0  usbd_cdc.o(i.USBD_CDC_GetFSCfgDesc)
    USBD_CDC_GetFSCfgDesc                    0x08002515   Thumb Code     8  usbd_cdc.o(i.USBD_CDC_GetFSCfgDesc)
    i.USBD_CDC_GetHSCfgDesc                  0x08002520   Section        0  usbd_cdc.o(i.USBD_CDC_GetHSCfgDesc)
    USBD_CDC_GetHSCfgDesc                    0x08002521   Thumb Code     8  usbd_cdc.o(i.USBD_CDC_GetHSCfgDesc)
    i.USBD_CDC_GetOtherSpeedCfgDesc          0x0800252c   Section        0  usbd_cdc.o(i.USBD_CDC_GetOtherSpeedCfgDesc)
    USBD_CDC_GetOtherSpeedCfgDesc            0x0800252d   Thumb Code     8  usbd_cdc.o(i.USBD_CDC_GetOtherSpeedCfgDesc)
    i.USBD_CDC_Init                          0x08002538   Section        0  usbd_cdc.o(i.USBD_CDC_Init)
    USBD_CDC_Init                            0x08002539   Thumb Code   148  usbd_cdc.o(i.USBD_CDC_Init)
    i.USBD_CDC_ReceivePacket                 0x080025cc   Section        0  usbd_cdc.o(i.USBD_CDC_ReceivePacket)
    i.USBD_CDC_RegisterInterface             0x080025f4   Section        0  usbd_cdc.o(i.USBD_CDC_RegisterInterface)
    i.USBD_CDC_SetRxBuffer                   0x08002604   Section        0  usbd_cdc.o(i.USBD_CDC_SetRxBuffer)
    i.USBD_CDC_SetTxBuffer                   0x08002610   Section        0  usbd_cdc.o(i.USBD_CDC_SetTxBuffer)
    i.USBD_CDC_Setup                         0x08002620   Section        0  usbd_cdc.o(i.USBD_CDC_Setup)
    USBD_CDC_Setup                           0x08002621   Thumb Code   172  usbd_cdc.o(i.USBD_CDC_Setup)
    i.USBD_CDC_TransmitPacket                0x080026cc   Section        0  usbd_cdc.o(i.USBD_CDC_TransmitPacket)
    i.USBD_ClrClassConfig                    0x08002702   Section        0  usbd_core.o(i.USBD_ClrClassConfig)
    i.USBD_CtlContinueRx                     0x08002710   Section        0  usbd_ioreq.o(i.USBD_CtlContinueRx)
    i.USBD_CtlContinueSendData               0x08002720   Section        0  usbd_ioreq.o(i.USBD_CtlContinueSendData)
    i.USBD_CtlError                          0x08002730   Section        0  usbd_ctlreq.o(i.USBD_CtlError)
    i.USBD_CtlPrepareRx                      0x08002746   Section        0  usbd_ioreq.o(i.USBD_CtlPrepareRx)
    i.USBD_CtlReceiveStatus                  0x08002764   Section        0  usbd_ioreq.o(i.USBD_CtlReceiveStatus)
    i.USBD_CtlSendData                       0x0800277a   Section        0  usbd_ioreq.o(i.USBD_CtlSendData)
    i.USBD_CtlSendStatus                     0x08002794   Section        0  usbd_ioreq.o(i.USBD_CtlSendStatus)
    i.USBD_FS_ConfigStrDescriptor            0x080027ac   Section        0  usbd_desc.o(i.USBD_FS_ConfigStrDescriptor)
    i.USBD_FS_DeviceDescriptor               0x080027cc   Section        0  usbd_desc.o(i.USBD_FS_DeviceDescriptor)
    i.USBD_FS_InterfaceStrDescriptor         0x080027d8   Section        0  usbd_desc.o(i.USBD_FS_InterfaceStrDescriptor)
    i.USBD_FS_LangIDStrDescriptor            0x080027fc   Section        0  usbd_desc.o(i.USBD_FS_LangIDStrDescriptor)
    i.USBD_FS_ManufacturerStrDescriptor      0x08002808   Section        0  usbd_desc.o(i.USBD_FS_ManufacturerStrDescriptor)
    i.USBD_FS_ProductStrDescriptor           0x08002830   Section        0  usbd_desc.o(i.USBD_FS_ProductStrDescriptor)
    i.USBD_FS_SerialStrDescriptor            0x0800285c   Section        0  usbd_desc.o(i.USBD_FS_SerialStrDescriptor)
    i.USBD_GetDescriptor                     0x08002894   Section        0  usbd_ctlreq.o(i.USBD_GetDescriptor)
    USBD_GetDescriptor                       0x08002895   Thumb Code   232  usbd_ctlreq.o(i.USBD_GetDescriptor)
    i.USBD_GetString                         0x0800297c   Section        0  usbd_ctlreq.o(i.USBD_GetString)
    i.USBD_Get_USB_Status                    0x080029c4   Section        0  usbd_conf.o(i.USBD_Get_USB_Status)
    USBD_Get_USB_Status                      0x080029c5   Thumb Code    24  usbd_conf.o(i.USBD_Get_USB_Status)
    i.USBD_Init                              0x080029dc   Section        0  usbd_core.o(i.USBD_Init)
    i.USBD_LL_ClearStallEP                   0x08002a06   Section        0  usbd_conf.o(i.USBD_LL_ClearStallEP)
    i.USBD_LL_CloseEP                        0x08002a18   Section        0  usbd_conf.o(i.USBD_LL_CloseEP)
    i.USBD_LL_DataInStage                    0x08002a2a   Section        0  usbd_core.o(i.USBD_LL_DataInStage)
    i.USBD_LL_DataOutStage                   0x08002af0   Section        0  usbd_core.o(i.USBD_LL_DataOutStage)
    i.USBD_LL_GetRxDataSize                  0x08002b72   Section        0  usbd_conf.o(i.USBD_LL_GetRxDataSize)
    i.USBD_LL_Init                           0x08002b7c   Section        0  usbd_conf.o(i.USBD_LL_Init)
    i.USBD_LL_IsStallEP                      0x08002bfc   Section        0  usbd_conf.o(i.USBD_LL_IsStallEP)
    i.USBD_LL_OpenEP                         0x08002c1c   Section        0  usbd_conf.o(i.USBD_LL_OpenEP)
    i.USBD_LL_PrepareReceive                 0x08002c34   Section        0  usbd_conf.o(i.USBD_LL_PrepareReceive)
    i.USBD_LL_Reset                          0x08002c46   Section        0  usbd_core.o(i.USBD_LL_Reset)
    i.USBD_LL_Resume                         0x08002c96   Section        0  usbd_core.o(i.USBD_LL_Resume)
    i.USBD_LL_SOF                            0x08002caa   Section        0  usbd_core.o(i.USBD_LL_SOF)
    i.USBD_LL_SetSpeed                       0x08002cc2   Section        0  usbd_core.o(i.USBD_LL_SetSpeed)
    i.USBD_LL_SetUSBAddress                  0x08002cc8   Section        0  usbd_conf.o(i.USBD_LL_SetUSBAddress)
    i.USBD_LL_SetupStage                     0x08002cda   Section        0  usbd_core.o(i.USBD_LL_SetupStage)
    i.USBD_LL_StallEP                        0x08002d34   Section        0  usbd_conf.o(i.USBD_LL_StallEP)
    i.USBD_LL_Start                          0x08002d46   Section        0  usbd_conf.o(i.USBD_LL_Start)
    i.USBD_LL_Suspend                        0x08002d58   Section        0  usbd_core.o(i.USBD_LL_Suspend)
    i.USBD_LL_Transmit                       0x08002d6a   Section        0  usbd_conf.o(i.USBD_LL_Transmit)
    i.USBD_ParseSetupRequest                 0x08002d7c   Section        0  usbd_ctlreq.o(i.USBD_ParseSetupRequest)
    i.USBD_RegisterClass                     0x08002da4   Section        0  usbd_core.o(i.USBD_RegisterClass)
    i.USBD_SetClassConfig                    0x08002db4   Section        0  usbd_core.o(i.USBD_SetClassConfig)
    i.USBD_SetConfig                         0x08002dcc   Section        0  usbd_ctlreq.o(i.USBD_SetConfig)
    USBD_SetConfig                           0x08002dcd   Thumb Code   128  usbd_ctlreq.o(i.USBD_SetConfig)
    i.USBD_Start                             0x08002e50   Section        0  usbd_core.o(i.USBD_Start)
    i.USBD_StdDevReq                         0x08002e5a   Section        0  usbd_ctlreq.o(i.USBD_StdDevReq)
    i.USBD_StdEPReq                          0x08002f6c   Section        0  usbd_ctlreq.o(i.USBD_StdEPReq)
    i.USBD_StdItfReq                         0x080030bc   Section        0  usbd_ctlreq.o(i.USBD_StdItfReq)
    i.USBD_static_free                       0x0800310a   Section        0  usbd_conf.o(i.USBD_static_free)
    i.USBD_static_malloc                     0x0800310c   Section        0  usbd_conf.o(i.USBD_static_malloc)
    i.USB_ActivateEndpoint                   0x08003114   Section        0  stm32f1xx_ll_usb.o(i.USB_ActivateEndpoint)
    i.USB_CoreInit                           0x0800336c   Section        0  stm32f1xx_ll_usb.o(i.USB_CoreInit)
    i.USB_DeactivateEndpoint                 0x08003370   Section        0  stm32f1xx_ll_usb.o(i.USB_DeactivateEndpoint)
    i.USB_DevConnect                         0x0800347e   Section        0  stm32f1xx_ll_usb.o(i.USB_DevConnect)
    i.USB_DevDisconnect                      0x08003482   Section        0  stm32f1xx_ll_usb.o(i.USB_DevDisconnect)
    i.USB_DevInit                            0x08003486   Section        0  stm32f1xx_ll_usb.o(i.USB_DevInit)
    i.USB_DisableGlobalInt                   0x08003498   Section        0  stm32f1xx_ll_usb.o(i.USB_DisableGlobalInt)
    i.USB_EP0_OutStart                       0x080034a6   Section        0  stm32f1xx_ll_usb.o(i.USB_EP0_OutStart)
    i.USB_EPClearStall                       0x080034aa   Section        0  stm32f1xx_ll_usb.o(i.USB_EPClearStall)
    i.USB_EPSetStall                         0x08003522   Section        0  stm32f1xx_ll_usb.o(i.USB_EPSetStall)
    i.USB_EPStartXfer                        0x08003554   Section        0  stm32f1xx_ll_usb.o(i.USB_EPStartXfer)
    i.USB_EnableGlobalInt                    0x08003b60   Section        0  stm32f1xx_ll_usb.o(i.USB_EnableGlobalInt)
    i.USB_LP_CAN1_RX0_IRQHandler             0x08003b74   Section        0  stm32f1xx_it.o(i.USB_LP_CAN1_RX0_IRQHandler)
    i.USB_ReadInterrupts                     0x08003b80   Section        0  stm32f1xx_ll_usb.o(i.USB_ReadInterrupts)
    i.USB_ReadPMA                            0x08003b88   Section        0  stm32f1xx_ll_usb.o(i.USB_ReadPMA)
    i.USB_SetCurrentMode                     0x08003bb4   Section        0  stm32f1xx_ll_usb.o(i.USB_SetCurrentMode)
    i.USB_SetDevAddress                      0x08003bb8   Section        0  stm32f1xx_ll_usb.o(i.USB_SetDevAddress)
    i.USB_WritePMA                           0x08003bc4   Section        0  stm32f1xx_ll_usb.o(i.USB_WritePMA)
    i.UsageFault_Handler                     0x08003bea   Section        0  stm32f1xx_it.o(i.UsageFault_Handler)
    i.VCP_retrieveInputData                  0x08003bec   Section        0  usbd_cdc_if.o(i.VCP_retrieveInputData)
    i.__NVIC_SetPriority                     0x08003c38   Section        0  stm32f1xx_hal_cortex.o(i.__NVIC_SetPriority)
    __NVIC_SetPriority                       0x08003c39   Thumb Code    32  stm32f1xx_hal_cortex.o(i.__NVIC_SetPriority)
    i.main                                   0x08003c58   Section        0  main.o(i.main)
    x$fpl$fdiv                               0x08003da4   Section      388  fdiv.o(x$fpl$fdiv)
    _fdiv1                                   0x08003da5   Thumb Code     0  fdiv.o(x$fpl$fdiv)
    x$fpl$ffixu                              0x08003f28   Section       62  ffixu.o(x$fpl$ffixu)
    x$fpl$ffltu                              0x08003f68   Section       38  fflt_clz.o(x$fpl$ffltu)
    x$fpl$fmul                               0x08003f90   Section      258  fmul.o(x$fpl$fmul)
    x$fpl$fnaninf                            0x08004092   Section      140  fnaninf.o(x$fpl$fnaninf)
    x$fpl$fretinf                            0x0800411e   Section       10  fretinf.o(x$fpl$fretinf)
    .constdata                               0x08004128   Section       16  system_stm32f1xx.o(.constdata)
    x$fpl$usenofp                            0x08004128   Section        0  usenofp.o(x$fpl$usenofp)
    .data                                    0x20000000   Section       24  main.o(.data)
    .data                                    0x20000018   Section       28  usbd_desc.o(.data)
    .data                                    0x20000034   Section       50  usbd_desc.o(.data)
    .data                                    0x20000068   Section       16  usbd_cdc_if.o(.data)
    .data                                    0x20000078   Section       12  stm32f1xx_hal.o(.data)
    .data                                    0x20000084   Section        4  system_stm32f1xx.o(.data)
    .data                                    0x20000088   Section        1  usbd_ctlreq.o(.data)
    cfgidx                                   0x20000088   Data           1  usbd_ctlreq.o(.data)
    .data                                    0x2000008c   Section      215  usbd_cdc.o(.data)
    USBD_CDC_DeviceQualifierDesc             0x2000008c   Data          10  usbd_cdc.o(.data)
    .data                                    0x20000164   Section       56  usbd_cdc.o(.data)
    .data                                    0x2000019c   Section        1  ad7606.o(.data)
    a                                        0x2000019c   Data           1  ad7606.o(.data)
    .bss                                     0x200001a0   Section     1140  main.o(.bss)
    .bss                                     0x20000614   Section      708  usb_device.o(.bss)
    .bss                                     0x200008d8   Section      512  usbd_desc.o(.bss)
    .bss                                     0x20000ad8   Section     7016  usbd_cdc_if.o(.bss)
    s_RxBuffers                              0x20000ad8   Data        5016  usbd_cdc_if.o(.bss)
    .bss                                     0x20002640   Section     1292  usbd_conf.o(.bss)
    mem                                      0x20002640   Data         544  usbd_conf.o(.bss)
    .bss                                     0x20002b4c   Section       96  libspace.o(.bss)
    HEAP                                     0x20002bb0   Section      512  startup_stm32f103xe.o(HEAP)
    Heap_Mem                                 0x20002bb0   Data         512  startup_stm32f103xe.o(HEAP)
    STACK                                    0x20002db0   Section     1024  startup_stm32f103xe.o(STACK)
    Stack_Mem                                0x20002db0   Data        1024  startup_stm32f103xe.o(STACK)
    __initial_sp                             0x200031b0   Data           0  startup_stm32f103xe.o(STACK)

    Global Symbols

    Symbol Name                              Value     Ov Type        Size  Object(Section)

    BuildAttributes$$THM_ISAv4$P$D$K$B$S$PE$A:L22UL41UL21$X:L11$S22US41US21$IEEE1$IW$USESV6$~STKCKD$USESV7$~SHL$OSPACE$ROPI$EBA8$UX$STANDARDLIB$REQ8$PRES8$EABIv2 0x00000000   Number         0  anon$$obj.o ABSOLUTE
    __ARM_use_no_argv                        0x00000000   Number         0  main.o ABSOLUTE
    __ARM_exceptions_init                     - Undefined Weak Reference
    __alloca_initialize                       - Undefined Weak Reference
    __arm_preinit_                            - Undefined Weak Reference
    __cpp_initialize__aeabi_                  - Undefined Weak Reference
    __cxa_finalize                            - Undefined Weak Reference
    __rt_locale                               - Undefined Weak Reference
    __sigvec_lookup                           - Undefined Weak Reference
    _atexit_init                              - Undefined Weak Reference
    _call_atexit_fns                          - Undefined Weak Reference
    _clock_init                               - Undefined Weak Reference
    _fp_trap_init                             - Undefined Weak Reference
    _fp_trap_shutdown                         - Undefined Weak Reference
    _get_lc_collate                           - Undefined Weak Reference
    _get_lc_ctype                             - Undefined Weak Reference
    _get_lc_monetary                          - Undefined Weak Reference
    _get_lc_numeric                           - Undefined Weak Reference
    _get_lc_time                              - Undefined Weak Reference
    _getenv_init                              - Undefined Weak Reference
    _handle_redirection                       - Undefined Weak Reference
    _init_alloc                               - Undefined Weak Reference
    _init_user_alloc                          - Undefined Weak Reference
    _initio                                   - Undefined Weak Reference
    _printf_post_padding                      - Undefined Weak Reference
    _printf_pre_padding                       - Undefined Weak Reference
    _printf_truncate_signed                   - Undefined Weak Reference
    _printf_truncate_unsigned                 - Undefined Weak Reference
    _rand_init                                - Undefined Weak Reference
    _signal_finish                            - Undefined Weak Reference
    _signal_init                              - Undefined Weak Reference
    _terminate_alloc                          - Undefined Weak Reference
    _terminate_user_alloc                     - Undefined Weak Reference
    _terminateio                              - Undefined Weak Reference
    __Vectors_Size                           0x00000130   Number         0  startup_stm32f103xe.o ABSOLUTE
    __Vectors                                0x08000000   Data           4  startup_stm32f103xe.o(RESET)
    __Vectors_End                            0x08000130   Data           0  startup_stm32f103xe.o(RESET)
    __main                                   0x08000131   Thumb Code     8  __main.o(!!!main)
    __scatterload                            0x08000139   Thumb Code     0  __scatter.o(!!!scatter)
    __scatterload_rt2                        0x08000139   Thumb Code    44  __scatter.o(!!!scatter)
    __scatterload_rt2_thumb_only             0x08000139   Thumb Code     0  __scatter.o(!!!scatter)
    __scatterload_null                       0x08000147   Thumb Code     0  __scatter.o(!!!scatter)
    __decompress                             0x0800016d   Thumb Code    90  __dczerorl2.o(!!dczerorl2)
    __decompress1                            0x0800016d   Thumb Code     0  __dczerorl2.o(!!dczerorl2)
    __scatterload_zeroinit                   0x080001c9   Thumb Code    28  __scatter_zi.o(!!handler_zi)
    _printf_d                                0x080001e5   Thumb Code     0  _printf_d.o(.ARM.Collect$$_printf_percent$$00000009)
    _printf_percent                          0x080001e5   Thumb Code     0  _printf_percent.o(.ARM.Collect$$_printf_percent$$00000000)
    _printf_percent_end                      0x080001eb   Thumb Code     0  _printf_percent_end.o(.ARM.Collect$$_printf_percent$$00000017)
    __rt_lib_init                            0x080001ef   Thumb Code     0  libinit.o(.ARM.Collect$$libinit$$00000000)
    __rt_lib_init_alloca_1                   0x080001f1   Thumb Code     0  libinit2.o(.ARM.Collect$$libinit$$0000002E)
    __rt_lib_init_argv_1                     0x080001f1   Thumb Code     0  libinit2.o(.ARM.Collect$$libinit$$0000002C)
    __rt_lib_init_atexit_1                   0x080001f1   Thumb Code     0  libinit2.o(.ARM.Collect$$libinit$$0000001B)
    __rt_lib_init_clock_1                    0x080001f1   Thumb Code     0  libinit2.o(.ARM.Collect$$libinit$$00000021)
    __rt_lib_init_cpp_1                      0x080001f1   Thumb Code     0  libinit2.o(.ARM.Collect$$libinit$$00000032)
    __rt_lib_init_exceptions_1               0x080001f1   Thumb Code     0  libinit2.o(.ARM.Collect$$libinit$$00000030)
    __rt_lib_init_fp_1                       0x080001f1   Thumb Code     0  libinit2.o(.ARM.Collect$$libinit$$00000002)
    __rt_lib_init_fp_trap_1                  0x080001f1   Thumb Code     0  libinit2.o(.ARM.Collect$$libinit$$0000001F)
    __rt_lib_init_getenv_1                   0x080001f1   Thumb Code     0  libinit2.o(.ARM.Collect$$libinit$$00000023)
    __rt_lib_init_heap_1                     0x080001f1   Thumb Code     0  libinit2.o(.ARM.Collect$$libinit$$0000000A)
    __rt_lib_init_lc_collate_1               0x080001f1   Thumb Code     0  libinit2.o(.ARM.Collect$$libinit$$00000011)
    __rt_lib_init_lc_ctype_1                 0x080001f1   Thumb Code     0  libinit2.o(.ARM.Collect$$libinit$$00000013)
    __rt_lib_init_lc_monetary_1              0x080001f1   Thumb Code     0  libinit2.o(.ARM.Collect$$libinit$$00000015)
    __rt_lib_init_lc_numeric_1               0x080001f1   Thumb Code     0  libinit2.o(.ARM.Collect$$libinit$$00000017)
    __rt_lib_init_lc_time_1                  0x080001f1   Thumb Code     0  libinit2.o(.ARM.Collect$$libinit$$00000019)
    __rt_lib_init_preinit_1                  0x080001f1   Thumb Code     0  libinit2.o(.ARM.Collect$$libinit$$00000004)
    __rt_lib_init_rand_1                     0x080001f1   Thumb Code     0  libinit2.o(.ARM.Collect$$libinit$$0000000E)
    __rt_lib_init_return                     0x080001f1   Thumb Code     0  libinit2.o(.ARM.Collect$$libinit$$00000033)
    __rt_lib_init_signal_1                   0x080001f1   Thumb Code     0  libinit2.o(.ARM.Collect$$libinit$$0000001D)
    __rt_lib_init_stdio_1                    0x080001f1   Thumb Code     0  libinit2.o(.ARM.Collect$$libinit$$00000025)
    __rt_lib_init_user_alloc_1               0x080001f1   Thumb Code     0  libinit2.o(.ARM.Collect$$libinit$$0000000C)
    __rt_lib_shutdown                        0x080001f3   Thumb Code     0  libshutdown.o(.ARM.Collect$$libshutdown$$00000000)
    __rt_lib_shutdown_cpp_1                  0x080001f5   Thumb Code     0  libshutdown2.o(.ARM.Collect$$libshutdown$$00000002)
    __rt_lib_shutdown_fp_trap_1              0x080001f5   Thumb Code     0  libshutdown2.o(.ARM.Collect$$libshutdown$$00000007)
    __rt_lib_shutdown_heap_1                 0x080001f5   Thumb Code     0  libshutdown2.o(.ARM.Collect$$libshutdown$$0000000F)
    __rt_lib_shutdown_return                 0x080001f5   Thumb Code     0  libshutdown2.o(.ARM.Collect$$libshutdown$$00000010)
    __rt_lib_shutdown_signal_1               0x080001f5   Thumb Code     0  libshutdown2.o(.ARM.Collect$$libshutdown$$0000000A)
    __rt_lib_shutdown_stdio_1                0x080001f5   Thumb Code     0  libshutdown2.o(.ARM.Collect$$libshutdown$$00000004)
    __rt_lib_shutdown_user_alloc_1           0x080001f5   Thumb Code     0  libshutdown2.o(.ARM.Collect$$libshutdown$$0000000C)
    __rt_entry                               0x080001f7   Thumb Code     0  __rtentry.o(.ARM.Collect$$rtentry$$00000000)
    __rt_entry_presh_1                       0x080001f7   Thumb Code     0  __rtentry2.o(.ARM.Collect$$rtentry$$00000002)
    __rt_entry_sh                            0x080001f7   Thumb Code     0  __rtentry4.o(.ARM.Collect$$rtentry$$00000004)
    __rt_entry_li                            0x080001fd   Thumb Code     0  __rtentry2.o(.ARM.Collect$$rtentry$$0000000A)
    __rt_entry_postsh_1                      0x080001fd   Thumb Code     0  __rtentry2.o(.ARM.Collect$$rtentry$$00000009)
    __rt_entry_main                          0x08000201   Thumb Code     0  __rtentry2.o(.ARM.Collect$$rtentry$$0000000D)
    __rt_entry_postli_1                      0x08000201   Thumb Code     0  __rtentry2.o(.ARM.Collect$$rtentry$$0000000C)
    __rt_exit                                0x08000209   Thumb Code     0  rtexit.o(.ARM.Collect$$rtexit$$00000000)
    __rt_exit_ls                             0x0800020b   Thumb Code     0  rtexit2.o(.ARM.Collect$$rtexit$$00000003)
    __rt_exit_prels_1                        0x0800020b   Thumb Code     0  rtexit2.o(.ARM.Collect$$rtexit$$00000002)
    __rt_exit_exit                           0x0800020f   Thumb Code     0  rtexit2.o(.ARM.Collect$$rtexit$$00000004)
    Reset_Handler                            0x08000215   Thumb Code     8  startup_stm32f103xe.o(.text)
    ADC1_2_IRQHandler                        0x0800022f   Thumb Code     0  startup_stm32f103xe.o(.text)
    ADC3_IRQHandler                          0x0800022f   Thumb Code     0  startup_stm32f103xe.o(.text)
    CAN1_RX1_IRQHandler                      0x0800022f   Thumb Code     0  startup_stm32f103xe.o(.text)
    CAN1_SCE_IRQHandler                      0x0800022f   Thumb Code     0  startup_stm32f103xe.o(.text)
    DMA1_Channel1_IRQHandler                 0x0800022f   Thumb Code     0  startup_stm32f103xe.o(.text)
    DMA1_Channel2_IRQHandler                 0x0800022f   Thumb Code     0  startup_stm32f103xe.o(.text)
    DMA1_Channel3_IRQHandler                 0x0800022f   Thumb Code     0  startup_stm32f103xe.o(.text)
    DMA1_Channel4_IRQHandler                 0x0800022f   Thumb Code     0  startup_stm32f103xe.o(.text)
    DMA1_Channel5_IRQHandler                 0x0800022f   Thumb Code     0  startup_stm32f103xe.o(.text)
    DMA1_Channel6_IRQHandler                 0x0800022f   Thumb Code     0  startup_stm32f103xe.o(.text)
    DMA1_Channel7_IRQHandler                 0x0800022f   Thumb Code     0  startup_stm32f103xe.o(.text)
    DMA2_Channel1_IRQHandler                 0x0800022f   Thumb Code     0  startup_stm32f103xe.o(.text)
    DMA2_Channel2_IRQHandler                 0x0800022f   Thumb Code     0  startup_stm32f103xe.o(.text)
    DMA2_Channel3_IRQHandler                 0x0800022f   Thumb Code     0  startup_stm32f103xe.o(.text)
    DMA2_Channel4_5_IRQHandler               0x0800022f   Thumb Code     0  startup_stm32f103xe.o(.text)
    EXTI0_IRQHandler                         0x0800022f   Thumb Code     0  startup_stm32f103xe.o(.text)
    EXTI15_10_IRQHandler                     0x0800022f   Thumb Code     0  startup_stm32f103xe.o(.text)
    EXTI1_IRQHandler                         0x0800022f   Thumb Code     0  startup_stm32f103xe.o(.text)
    EXTI2_IRQHandler                         0x0800022f   Thumb Code     0  startup_stm32f103xe.o(.text)
    EXTI3_IRQHandler                         0x0800022f   Thumb Code     0  startup_stm32f103xe.o(.text)
    EXTI4_IRQHandler                         0x0800022f   Thumb Code     0  startup_stm32f103xe.o(.text)
    EXTI9_5_IRQHandler                       0x0800022f   Thumb Code     0  startup_stm32f103xe.o(.text)
    FLASH_IRQHandler                         0x0800022f   Thumb Code     0  startup_stm32f103xe.o(.text)
    FSMC_IRQHandler                          0x0800022f   Thumb Code     0  startup_stm32f103xe.o(.text)
    I2C1_ER_IRQHandler                       0x0800022f   Thumb Code     0  startup_stm32f103xe.o(.text)
    I2C1_EV_IRQHandler                       0x0800022f   Thumb Code     0  startup_stm32f103xe.o(.text)
    I2C2_ER_IRQHandler                       0x0800022f   Thumb Code     0  startup_stm32f103xe.o(.text)
    I2C2_EV_IRQHandler                       0x0800022f   Thumb Code     0  startup_stm32f103xe.o(.text)
    PVD_IRQHandler                           0x0800022f   Thumb Code     0  startup_stm32f103xe.o(.text)
    RCC_IRQHandler                           0x0800022f   Thumb Code     0  startup_stm32f103xe.o(.text)
    RTC_Alarm_IRQHandler                     0x0800022f   Thumb Code     0  startup_stm32f103xe.o(.text)
    RTC_IRQHandler                           0x0800022f   Thumb Code     0  startup_stm32f103xe.o(.text)
    SDIO_IRQHandler                          0x0800022f   Thumb Code     0  startup_stm32f103xe.o(.text)
    SPI1_IRQHandler                          0x0800022f   Thumb Code     0  startup_stm32f103xe.o(.text)
    SPI2_IRQHandler                          0x0800022f   Thumb Code     0  startup_stm32f103xe.o(.text)
    SPI3_IRQHandler                          0x0800022f   Thumb Code     0  startup_stm32f103xe.o(.text)
    TAMPER_IRQHandler                        0x0800022f   Thumb Code     0  startup_stm32f103xe.o(.text)
    TIM1_BRK_IRQHandler                      0x0800022f   Thumb Code     0  startup_stm32f103xe.o(.text)
    TIM1_CC_IRQHandler                       0x0800022f   Thumb Code     0  startup_stm32f103xe.o(.text)
    TIM1_TRG_COM_IRQHandler                  0x0800022f   Thumb Code     0  startup_stm32f103xe.o(.text)
    TIM1_UP_IRQHandler                       0x0800022f   Thumb Code     0  startup_stm32f103xe.o(.text)
    TIM2_IRQHandler                          0x0800022f   Thumb Code     0  startup_stm32f103xe.o(.text)
    TIM3_IRQHandler                          0x0800022f   Thumb Code     0  startup_stm32f103xe.o(.text)
    TIM4_IRQHandler                          0x0800022f   Thumb Code     0  startup_stm32f103xe.o(.text)
    TIM5_IRQHandler                          0x0800022f   Thumb Code     0  startup_stm32f103xe.o(.text)
    TIM6_IRQHandler                          0x0800022f   Thumb Code     0  startup_stm32f103xe.o(.text)
    TIM7_IRQHandler                          0x0800022f   Thumb Code     0  startup_stm32f103xe.o(.text)
    TIM8_BRK_IRQHandler                      0x0800022f   Thumb Code     0  startup_stm32f103xe.o(.text)
    TIM8_CC_IRQHandler                       0x0800022f   Thumb Code     0  startup_stm32f103xe.o(.text)
    TIM8_TRG_COM_IRQHandler                  0x0800022f   Thumb Code     0  startup_stm32f103xe.o(.text)
    TIM8_UP_IRQHandler                       0x0800022f   Thumb Code     0  startup_stm32f103xe.o(.text)
    UART4_IRQHandler                         0x0800022f   Thumb Code     0  startup_stm32f103xe.o(.text)
    UART5_IRQHandler                         0x0800022f   Thumb Code     0  startup_stm32f103xe.o(.text)
    USART1_IRQHandler                        0x0800022f   Thumb Code     0  startup_stm32f103xe.o(.text)
    USART2_IRQHandler                        0x0800022f   Thumb Code     0  startup_stm32f103xe.o(.text)
    USART3_IRQHandler                        0x0800022f   Thumb Code     0  startup_stm32f103xe.o(.text)
    USBWakeUp_IRQHandler                     0x0800022f   Thumb Code     0  startup_stm32f103xe.o(.text)
    USB_HP_CAN1_TX_IRQHandler                0x0800022f   Thumb Code     0  startup_stm32f103xe.o(.text)
    WWDG_IRQHandler                          0x0800022f   Thumb Code     0  startup_stm32f103xe.o(.text)
    __user_initial_stackheap                 0x08000231   Thumb Code     0  startup_stm32f103xe.o(.text)
    __2sprintf                               0x08000255   Thumb Code    34  noretval__2sprintf.o(.text)
    __printf                                 0x0800027d   Thumb Code   104  __printf.o(.text)
    _printf_int_dec                          0x080002e5   Thumb Code   104  _printf_dec.o(.text)
    strlen                                   0x0800035d   Thumb Code    62  strlen.o(.text)
    __aeabi_memcpy                           0x0800039b   Thumb Code     0  rt_memcpy_v6.o(.text)
    __rt_memcpy                              0x0800039b   Thumb Code   138  rt_memcpy_v6.o(.text)
    _memcpy_lastbytes                        0x08000401   Thumb Code     0  rt_memcpy_v6.o(.text)
    __aeabi_memcpy4                          0x08000425   Thumb Code     0  rt_memcpy_w.o(.text)
    __aeabi_memcpy8                          0x08000425   Thumb Code     0  rt_memcpy_w.o(.text)
    __rt_memcpy_w                            0x08000425   Thumb Code   100  rt_memcpy_w.o(.text)
    _memcpy_lastbytes_aligned                0x0800046d   Thumb Code     0  rt_memcpy_w.o(.text)
    __aeabi_memclr4                          0x08000489   Thumb Code     0  rt_memclr_w.o(.text)
    __aeabi_memclr8                          0x08000489   Thumb Code     0  rt_memclr_w.o(.text)
    __rt_memclr_w                            0x08000489   Thumb Code    78  rt_memclr_w.o(.text)
    _memset_w                                0x0800048d   Thumb Code     0  rt_memclr_w.o(.text)
    __use_two_region_memory                  0x080004d7   Thumb Code     2  heapauxi.o(.text)
    __rt_heap_escrow$2region                 0x080004d9   Thumb Code     2  heapauxi.o(.text)
    __rt_heap_expand$2region                 0x080004db   Thumb Code     2  heapauxi.o(.text)
    _printf_int_common                       0x080004dd   Thumb Code   178  _printf_intcommon.o(.text)
    _printf_char_common                      0x0800059b   Thumb Code    32  _printf_char_common.o(.text)
    _sputc                                   0x080005c1   Thumb Code    10  _sputc.o(.text)
    __user_setup_stackheap                   0x080005cb   Thumb Code    74  sys_stackheap_outer.o(.text)
    exit                                     0x08000615   Thumb Code    18  exit.o(.text)
    __user_libspace                          0x08000629   Thumb Code     8  libspace.o(.text)
    __user_perproc_libspace                  0x08000629   Thumb Code     0  libspace.o(.text)
    __user_perthread_libspace                0x08000629   Thumb Code     0  libspace.o(.text)
    _sys_exit                                0x08000631   Thumb Code     8  sys_exit.o(.text)
    __I$use$semihosting                      0x0800063d   Thumb Code     0  use_no_semi.o(.text)
    __use_no_semihosting_swi                 0x0800063d   Thumb Code     2  use_no_semi.o(.text)
    __semihosting_library_function           0x0800063f   Thumb Code     0  indicate_semi.o(.text)
    AD7606_ReadData                          0x08000641   Thumb Code   212  ad7606.o(i.AD7606_ReadData)
    AD7606_SampleRate                        0x08000725   Thumb Code   118  ad7606.o(i.AD7606_SampleRate)
    AD7606_config                            0x080007a1   Thumb Code    74  ad7606.o(i.AD7606_config)
    AD7606_readConversionValue               0x080007f1   Thumb Code   320  ad7606.o(i.AD7606_readConversionValue)
    AD7606_reset                             0x0800093d   Thumb Code    40  ad7606.o(i.AD7606_reset)
    AD7606_startConv                         0x08000969   Thumb Code    98  ad7606.o(i.AD7606_startConv)
    BusFault_Handler                         0x080009d1   Thumb Code     2  stm32f1xx_it.o(i.BusFault_Handler)
    CDC_Transmit_FS                          0x08000a49   Thumb Code    38  usbd_cdc_if.o(i.CDC_Transmit_FS)
    DWT_Delay_Init                           0x08000a75   Thumb Code    58  dwt_stm32_delay.o(i.DWT_Delay_Init)
    DebugMon_Handler                         0x08000ae5   Thumb Code     2  stm32f1xx_it.o(i.DebugMon_Handler)
    Error_Handler                            0x08000ae7   Thumb Code     4  main.o(i.Error_Handler)
    HAL_DAC_ConfigChannel                    0x08000aeb   Thumb Code    70  stm32f1xx_hal_dac.o(i.HAL_DAC_ConfigChannel)
    HAL_DAC_Init                             0x08000b31   Thumb Code    40  stm32f1xx_hal_dac.o(i.HAL_DAC_Init)
    HAL_DAC_MspInit                          0x08000b59   Thumb Code    76  stm32f1xx_hal_msp.o(i.HAL_DAC_MspInit)
    HAL_DAC_SetValue                         0x08000bb1   Thumb Code    26  stm32f1xx_hal_dac.o(i.HAL_DAC_SetValue)
    HAL_DAC_Start                            0x08000bcb   Thumb Code    92  stm32f1xx_hal_dac.o(i.HAL_DAC_Start)
    HAL_Delay                                0x08000c29   Thumb Code    32  stm32f1xx_hal.o(i.HAL_Delay)
    HAL_GPIO_Init                            0x08000c4d   Thumb Code   462  stm32f1xx_hal_gpio.o(i.HAL_GPIO_Init)
    HAL_GPIO_ReadPin                         0x08000e45   Thumb Code    10  stm32f1xx_hal_gpio.o(i.HAL_GPIO_ReadPin)
    HAL_GPIO_WritePin                        0x08000e4f   Thumb Code    10  stm32f1xx_hal_gpio.o(i.HAL_GPIO_WritePin)
    HAL_GetTick                              0x08000e59   Thumb Code     6  stm32f1xx_hal.o(i.HAL_GetTick)
    HAL_IncTick                              0x08000e65   Thumb Code    12  stm32f1xx_hal.o(i.HAL_IncTick)
    HAL_Init                                 0x08000e75   Thumb Code    32  stm32f1xx_hal.o(i.HAL_Init)
    HAL_InitTick                             0x08000e99   Thumb Code    54  stm32f1xx_hal.o(i.HAL_InitTick)
    HAL_MspInit                              0x08000ed9   Thumb Code    52  stm32f1xx_hal_msp.o(i.HAL_MspInit)
    HAL_NVIC_EnableIRQ                       0x08000f15   Thumb Code    26  stm32f1xx_hal_cortex.o(i.HAL_NVIC_EnableIRQ)
    HAL_NVIC_SetPriority                     0x08000f31   Thumb Code    60  stm32f1xx_hal_cortex.o(i.HAL_NVIC_SetPriority)
    HAL_NVIC_SetPriorityGrouping             0x08000f71   Thumb Code    26  stm32f1xx_hal_cortex.o(i.HAL_NVIC_SetPriorityGrouping)
    HAL_PCDEx_PMAConfig                      0x08000f95   Thumb Code    60  stm32f1xx_hal_pcd_ex.o(i.HAL_PCDEx_PMAConfig)
    HAL_PCDEx_SetConnectionState             0x08000fd1   Thumb Code     2  usbd_conf.o(i.HAL_PCDEx_SetConnectionState)
    HAL_PCD_DataInStageCallback              0x08000fd3   Thumb Code    18  usbd_conf.o(i.HAL_PCD_DataInStageCallback)
    HAL_PCD_DataOutStageCallback             0x08000fe5   Thumb Code    20  usbd_conf.o(i.HAL_PCD_DataOutStageCallback)
    HAL_PCD_EP_Close                         0x08000ff9   Thumb Code    76  stm32f1xx_hal_pcd.o(i.HAL_PCD_EP_Close)
    HAL_PCD_EP_ClrStall                      0x08001045   Thumb Code    92  stm32f1xx_hal_pcd.o(i.HAL_PCD_EP_ClrStall)
    HAL_PCD_EP_GetRxCount                    0x080014b7   Thumb Code    18  stm32f1xx_hal_pcd.o(i.HAL_PCD_EP_GetRxCount)
    HAL_PCD_EP_Open                          0x080014c9   Thumb Code    96  stm32f1xx_hal_pcd.o(i.HAL_PCD_EP_Open)
    HAL_PCD_EP_Receive                       0x08001529   Thumb Code    50  stm32f1xx_hal_pcd.o(i.HAL_PCD_EP_Receive)
    HAL_PCD_EP_SetStall                      0x0800155b   Thumb Code   114  stm32f1xx_hal_pcd.o(i.HAL_PCD_EP_SetStall)
    HAL_PCD_EP_Transmit                      0x080015cd   Thumb Code    52  stm32f1xx_hal_pcd.o(i.HAL_PCD_EP_Transmit)
    HAL_PCD_IRQHandler                       0x08001601   Thumb Code   340  stm32f1xx_hal_pcd.o(i.HAL_PCD_IRQHandler)
    HAL_PCD_Init                             0x08001755   Thumb Code   218  stm32f1xx_hal_pcd.o(i.HAL_PCD_Init)
    HAL_PCD_MspInit                          0x08001831   Thumb Code    50  usbd_conf.o(i.HAL_PCD_MspInit)
    HAL_PCD_ResetCallback                    0x0800186d   Thumb Code    38  usbd_conf.o(i.HAL_PCD_ResetCallback)
    HAL_PCD_ResumeCallback                   0x08001893   Thumb Code     8  usbd_conf.o(i.HAL_PCD_ResumeCallback)
    HAL_PCD_SOFCallback                      0x0800189b   Thumb Code     8  usbd_conf.o(i.HAL_PCD_SOFCallback)
    HAL_PCD_SetAddress                       0x080018a3   Thumb Code    40  stm32f1xx_hal_pcd.o(i.HAL_PCD_SetAddress)
    HAL_PCD_SetupStageCallback               0x080018cb   Thumb Code    14  usbd_conf.o(i.HAL_PCD_SetupStageCallback)
    HAL_PCD_Start                            0x080018d9   Thumb Code    50  stm32f1xx_hal_pcd.o(i.HAL_PCD_Start)
    HAL_PCD_SuspendCallback                  0x0800190d   Thumb Code    30  usbd_conf.o(i.HAL_PCD_SuspendCallback)
    HAL_RCCEx_PeriphCLKConfig                0x08001931   Thumb Code   224  stm32f1xx_hal_rcc_ex.o(i.HAL_RCCEx_PeriphCLKConfig)
    HAL_RCC_ClockConfig                      0x08001a1d   Thumb Code   280  stm32f1xx_hal_rcc.o(i.HAL_RCC_ClockConfig)
    HAL_RCC_GetHCLKFreq                      0x08001b49   Thumb Code     6  stm32f1xx_hal_rcc.o(i.HAL_RCC_GetHCLKFreq)
    HAL_RCC_GetSysClockFreq                  0x08001b55   Thumb Code    74  stm32f1xx_hal_rcc.o(i.HAL_RCC_GetSysClockFreq)
    HAL_RCC_OscConfig                        0x08001bc1   Thumb Code   778  stm32f1xx_hal_rcc.o(i.HAL_RCC_OscConfig)
    HAL_SYSTICK_Config                       0x08001ee1   Thumb Code    40  stm32f1xx_hal_cortex.o(i.HAL_SYSTICK_Config)
    HardFault_Handler                        0x08001f09   Thumb Code     2  stm32f1xx_it.o(i.HardFault_Handler)
    MX_USB_DEVICE_Init                       0x0800203d   Thumb Code    66  usb_device.o(i.MX_USB_DEVICE_Init)
    MemManage_Handler                        0x08002091   Thumb Code     2  stm32f1xx_it.o(i.MemManage_Handler)
    NMI_Handler                              0x08002093   Thumb Code     2  stm32f1xx_it.o(i.NMI_Handler)
    PendSV_Handler                           0x080023a9   Thumb Code     2  stm32f1xx_it.o(i.PendSV_Handler)
    SVC_Handler                              0x080023ab   Thumb Code     2  stm32f1xx_it.o(i.SVC_Handler)
    SysTick_Handler                          0x080023ad   Thumb Code     4  stm32f1xx_it.o(i.SysTick_Handler)
    SystemClock_Config                       0x080023b1   Thumb Code   120  main.o(i.SystemClock_Config)
    SystemInit                               0x08002429   Thumb Code     2  system_stm32f1xx.o(i.SystemInit)
    USBD_CDC_GetDeviceQualifierDescriptor    0x08002509   Thumb Code     8  usbd_cdc.o(i.USBD_CDC_GetDeviceQualifierDescriptor)
    USBD_CDC_ReceivePacket                   0x080025cd   Thumb Code    40  usbd_cdc.o(i.USBD_CDC_ReceivePacket)
    USBD_CDC_RegisterInterface               0x080025f5   Thumb Code    16  usbd_cdc.o(i.USBD_CDC_RegisterInterface)
    USBD_CDC_SetRxBuffer                     0x08002605   Thumb Code    12  usbd_cdc.o(i.USBD_CDC_SetRxBuffer)
    USBD_CDC_SetTxBuffer                     0x08002611   Thumb Code    16  usbd_cdc.o(i.USBD_CDC_SetTxBuffer)
    USBD_CDC_TransmitPacket                  0x080026cd   Thumb Code    54  usbd_cdc.o(i.USBD_CDC_TransmitPacket)
    USBD_ClrClassConfig                      0x08002703   Thumb Code    14  usbd_core.o(i.USBD_ClrClassConfig)
    USBD_CtlContinueRx                       0x08002711   Thumb Code    16  usbd_ioreq.o(i.USBD_CtlContinueRx)
    USBD_CtlContinueSendData                 0x08002721   Thumb Code    16  usbd_ioreq.o(i.USBD_CtlContinueSendData)
    USBD_CtlError                            0x08002731   Thumb Code    22  usbd_ctlreq.o(i.USBD_CtlError)
    USBD_CtlPrepareRx                        0x08002747   Thumb Code    30  usbd_ioreq.o(i.USBD_CtlPrepareRx)
    USBD_CtlReceiveStatus                    0x08002765   Thumb Code    22  usbd_ioreq.o(i.USBD_CtlReceiveStatus)
    USBD_CtlSendData                         0x0800277b   Thumb Code    26  usbd_ioreq.o(i.USBD_CtlSendData)
    USBD_CtlSendStatus                       0x08002795   Thumb Code    22  usbd_ioreq.o(i.USBD_CtlSendStatus)
    USBD_FS_ConfigStrDescriptor              0x080027ad   Thumb Code    16  usbd_desc.o(i.USBD_FS_ConfigStrDescriptor)
    USBD_FS_DeviceDescriptor                 0x080027cd   Thumb Code     8  usbd_desc.o(i.USBD_FS_DeviceDescriptor)
    USBD_FS_InterfaceStrDescriptor           0x080027d9   Thumb Code    16  usbd_desc.o(i.USBD_FS_InterfaceStrDescriptor)
    USBD_FS_LangIDStrDescriptor              0x080027fd   Thumb Code     8  usbd_desc.o(i.USBD_FS_LangIDStrDescriptor)
    USBD_FS_ManufacturerStrDescriptor        0x08002809   Thumb Code    16  usbd_desc.o(i.USBD_FS_ManufacturerStrDescriptor)
    USBD_FS_ProductStrDescriptor             0x08002831   Thumb Code    16  usbd_desc.o(i.USBD_FS_ProductStrDescriptor)
    USBD_FS_SerialStrDescriptor              0x0800285d   Thumb Code    48  usbd_desc.o(i.USBD_FS_SerialStrDescriptor)
    USBD_GetString                           0x0800297d   Thumb Code    72  usbd_ctlreq.o(i.USBD_GetString)
    USBD_Init                                0x080029dd   Thumb Code    42  usbd_core.o(i.USBD_Init)
    USBD_LL_ClearStallEP                     0x08002a07   Thumb Code    18  usbd_conf.o(i.USBD_LL_ClearStallEP)
    USBD_LL_CloseEP                          0x08002a19   Thumb Code    18  usbd_conf.o(i.USBD_LL_CloseEP)
    USBD_LL_DataInStage                      0x08002a2b   Thumb Code   198  usbd_core.o(i.USBD_LL_DataInStage)
    USBD_LL_DataOutStage                     0x08002af1   Thumb Code   130  usbd_core.o(i.USBD_LL_DataOutStage)
    USBD_LL_GetRxDataSize                    0x08002b73   Thumb Code     8  usbd_conf.o(i.USBD_LL_GetRxDataSize)
    USBD_LL_Init                             0x08002b7d   Thumb Code   118  usbd_conf.o(i.USBD_LL_Init)
    USBD_LL_IsStallEP                        0x08002bfd   Thumb Code    32  usbd_conf.o(i.USBD_LL_IsStallEP)
    USBD_LL_OpenEP                           0x08002c1d   Thumb Code    24  usbd_conf.o(i.USBD_LL_OpenEP)
    USBD_LL_PrepareReceive                   0x08002c35   Thumb Code    18  usbd_conf.o(i.USBD_LL_PrepareReceive)
    USBD_LL_Reset                            0x08002c47   Thumb Code    80  usbd_core.o(i.USBD_LL_Reset)
    USBD_LL_Resume                           0x08002c97   Thumb Code    20  usbd_core.o(i.USBD_LL_Resume)
    USBD_LL_SOF                              0x08002cab   Thumb Code    24  usbd_core.o(i.USBD_LL_SOF)
    USBD_LL_SetSpeed                         0x08002cc3   Thumb Code     6  usbd_core.o(i.USBD_LL_SetSpeed)
    USBD_LL_SetUSBAddress                    0x08002cc9   Thumb Code    18  usbd_conf.o(i.USBD_LL_SetUSBAddress)
    USBD_LL_SetupStage                       0x08002cdb   Thumb Code    90  usbd_core.o(i.USBD_LL_SetupStage)
    USBD_LL_StallEP                          0x08002d35   Thumb Code    18  usbd_conf.o(i.USBD_LL_StallEP)
    USBD_LL_Start                            0x08002d47   Thumb Code    18  usbd_conf.o(i.USBD_LL_Start)
    USBD_LL_Suspend                          0x08002d59   Thumb Code    18  usbd_core.o(i.USBD_LL_Suspend)
    USBD_LL_Transmit                         0x08002d6b   Thumb Code    18  usbd_conf.o(i.USBD_LL_Transmit)
    USBD_ParseSetupRequest                   0x08002d7d   Thumb Code    40  usbd_ctlreq.o(i.USBD_ParseSetupRequest)
    USBD_RegisterClass                       0x08002da5   Thumb Code    16  usbd_core.o(i.USBD_RegisterClass)
    USBD_SetClassConfig                      0x08002db5   Thumb Code    22  usbd_core.o(i.USBD_SetClassConfig)
    USBD_Start                               0x08002e51   Thumb Code    10  usbd_core.o(i.USBD_Start)
    USBD_StdDevReq                           0x08002e5b   Thumb Code   274  usbd_ctlreq.o(i.USBD_StdDevReq)
    USBD_StdEPReq                            0x08002f6d   Thumb Code   336  usbd_ctlreq.o(i.USBD_StdEPReq)
    USBD_StdItfReq                           0x080030bd   Thumb Code    78  usbd_ctlreq.o(i.USBD_StdItfReq)
    USBD_static_free                         0x0800310b   Thumb Code     2  usbd_conf.o(i.USBD_static_free)
    USBD_static_malloc                       0x0800310d   Thumb Code     4  usbd_conf.o(i.USBD_static_malloc)
    USB_ActivateEndpoint                     0x08003115   Thumb Code   600  stm32f1xx_ll_usb.o(i.USB_ActivateEndpoint)
    USB_CoreInit                             0x0800336d   Thumb Code     4  stm32f1xx_ll_usb.o(i.USB_CoreInit)
    USB_DeactivateEndpoint                   0x08003371   Thumb Code   270  stm32f1xx_ll_usb.o(i.USB_DeactivateEndpoint)
    USB_DevConnect                           0x0800347f   Thumb Code     4  stm32f1xx_ll_usb.o(i.USB_DevConnect)
    USB_DevDisconnect                        0x08003483   Thumb Code     4  stm32f1xx_ll_usb.o(i.USB_DevDisconnect)
    USB_DevInit                              0x08003487   Thumb Code    18  stm32f1xx_ll_usb.o(i.USB_DevInit)
    USB_DisableGlobalInt                     0x08003499   Thumb Code    14  stm32f1xx_ll_usb.o(i.USB_DisableGlobalInt)
    USB_EP0_OutStart                         0x080034a7   Thumb Code     4  stm32f1xx_ll_usb.o(i.USB_EP0_OutStart)
    USB_EPClearStall                         0x080034ab   Thumb Code   120  stm32f1xx_ll_usb.o(i.USB_EPClearStall)
    USB_EPSetStall                           0x08003523   Thumb Code    50  stm32f1xx_ll_usb.o(i.USB_EPSetStall)
    USB_EPStartXfer                          0x08003555   Thumb Code  1548  stm32f1xx_ll_usb.o(i.USB_EPStartXfer)
    USB_EnableGlobalInt                      0x08003b61   Thumb Code    18  stm32f1xx_ll_usb.o(i.USB_EnableGlobalInt)
    USB_LP_CAN1_RX0_IRQHandler               0x08003b75   Thumb Code     6  stm32f1xx_it.o(i.USB_LP_CAN1_RX0_IRQHandler)
    USB_ReadInterrupts                       0x08003b81   Thumb Code     6  stm32f1xx_ll_usb.o(i.USB_ReadInterrupts)
    USB_ReadPMA                              0x08003b89   Thumb Code    44  stm32f1xx_ll_usb.o(i.USB_ReadPMA)
    USB_SetCurrentMode                       0x08003bb5   Thumb Code     4  stm32f1xx_ll_usb.o(i.USB_SetCurrentMode)
    USB_SetDevAddress                        0x08003bb9   Thumb Code    12  stm32f1xx_ll_usb.o(i.USB_SetDevAddress)
    USB_WritePMA                             0x08003bc5   Thumb Code    38  stm32f1xx_ll_usb.o(i.USB_WritePMA)
    UsageFault_Handler                       0x08003beb   Thumb Code     2  stm32f1xx_it.o(i.UsageFault_Handler)
    VCP_retrieveInputData                    0x08003bed   Thumb Code    72  usbd_cdc_if.o(i.VCP_retrieveInputData)
    main                                     0x08003c59   Thumb Code   274  main.o(i.main)
    __aeabi_fdiv                             0x08003da5   Thumb Code     0  fdiv.o(x$fpl$fdiv)
    _fdiv                                    0x08003da5   Thumb Code   384  fdiv.o(x$fpl$fdiv)
    __aeabi_f2uiz                            0x08003f29   Thumb Code     0  ffixu.o(x$fpl$ffixu)
    _ffixu                                   0x08003f29   Thumb Code    62  ffixu.o(x$fpl$ffixu)
    __aeabi_ui2f                             0x08003f69   Thumb Code     0  fflt_clz.o(x$fpl$ffltu)
    _ffltu                                   0x08003f69   Thumb Code    38  fflt_clz.o(x$fpl$ffltu)
    __aeabi_fmul                             0x08003f91   Thumb Code     0  fmul.o(x$fpl$fmul)
    _fmul                                    0x08003f91   Thumb Code   258  fmul.o(x$fpl$fmul)
    __fpl_fnaninf                            0x08004093   Thumb Code   140  fnaninf.o(x$fpl$fnaninf)
    __fpl_fretinf                            0x0800411f   Thumb Code    10  fretinf.o(x$fpl$fretinf)
    AHBPrescTable                            0x08004128   Data          16  system_stm32f1xx.o(.constdata)
    __I$use$fp                               0x08004128   Number         0  usenofp.o(x$fpl$usenofp)
    Region$$Table$$Base                      0x08004138   Number         0  anon$$obj.o(Region$$Table)
    Region$$Table$$Limit                     0x08004158   Number         0  anon$$obj.o(Region$$Table)
    k                                        0x20000000   Data           1  main.o(.data)
    FRE                                      0x20000004   Data           4  main.o(.data)
    FRE1                                     0x20000008   Data           4  main.o(.data)
    FRE2                                     0x2000000c   Data           4  main.o(.data)
    len                                      0x20000010   Data           4  main.o(.data)
    t                                        0x20000014   Data           4  main.o(.data)
    FS_Desc                                  0x20000018   Data          28  usbd_desc.o(.data)
    USBD_LangIDDesc                          0x20000034   Data           4  usbd_desc.o(.data)
    USBD_FS_DeviceDesc                       0x20000038   Data          18  usbd_desc.o(.data)
    USBD_StringSerial                        0x2000004c   Data          26  usbd_desc.o(.data)
    USBD_Interface_fops_FS                   0x20000068   Data          16  usbd_cdc_if.o(.data)
    uwTickFreq                               0x20000078   Data           1  stm32f1xx_hal.o(.data)
    uwTickPrio                               0x2000007c   Data           4  stm32f1xx_hal.o(.data)
    uwTick                                   0x20000080   Data           4  stm32f1xx_hal.o(.data)
    SystemCoreClock                          0x20000084   Data           4  system_stm32f1xx.o(.data)
    USBD_CDC_CfgHSDesc                       0x20000098   Data          67  usbd_cdc.o(.data)
    USBD_CDC_CfgFSDesc                       0x200000dc   Data          67  usbd_cdc.o(.data)
    USBD_CDC_OtherSpeedCfgDesc               0x20000120   Data          67  usbd_cdc.o(.data)
    USBD_CDC                                 0x20000164   Data          56  usbd_cdc.o(.data)
    hdac                                     0x200001a0   Data          20  main.o(.bss)
    data                                     0x200001b4   Data        1000  main.o(.bss)
    adc                                      0x2000059c   Data          20  main.o(.bss)
    buffer                                   0x200005b0   Data         100  main.o(.bss)
    hUsbDeviceFS                             0x20000614   Data         708  usb_device.o(.bss)
    USBD_StrDesc                             0x200008d8   Data         512  usbd_desc.o(.bss)
    UserRxBufferFS                           0x20001e70   Data        1000  usbd_cdc_if.o(.bss)
    UserTxBufferFS                           0x20002258   Data        1000  usbd_cdc_if.o(.bss)
    hpcd_USB_FS                              0x20002860   Data         748  usbd_conf.o(.bss)
    __libspace_start                         0x20002b4c   Data          96  libspace.o(.bss)
    __temporary_stack_top$libspace           0x20002bac   Data           0  libspace.o(.bss)



==============================================================================

Memory Map of the image

  Image Entry point : 0x08000131

  Load Region LR_IROM1 (Base: 0x08000000, Size: 0x000042f8, Max: 0x00040000, ABSOLUTE, COMPRESSED[0x0000421c])

    Execution Region ER_IROM1 (Exec base: 0x08000000, Load base: 0x08000000, Size: 0x00004158, Max: 0x00040000, ABSOLUTE)

    Exec Addr    Load Addr    Size         Type   Attr      Idx    E Section Name        Object

    0x08000000   0x08000000   0x00000130   Data   RO            3    RESET               startup_stm32f103xe.o
    0x08000130   0x08000130   0x00000008   Code   RO         2981  * !!!main             c_w.l(__main.o)
    0x08000138   0x08000138   0x00000034   Code   RO         3170    !!!scatter          c_w.l(__scatter.o)
    0x0800016c   0x0800016c   0x0000005a   Code   RO         3168    !!dczerorl2         c_w.l(__dczerorl2.o)
    0x080001c6   0x080001c6   0x00000002   PAD
    0x080001c8   0x080001c8   0x0000001c   Code   RO         3172    !!handler_zi        c_w.l(__scatter_zi.o)
    0x080001e4   0x080001e4   0x00000000   Code   RO         2970    .ARM.Collect$$_printf_percent$$00000000  c_w.l(_printf_percent.o)
    0x080001e4   0x080001e4   0x00000006   Code   RO         2969    .ARM.Collect$$_printf_percent$$00000009  c_w.l(_printf_d.o)
    0x080001ea   0x080001ea   0x00000004   Code   RO         3006    .ARM.Collect$$_printf_percent$$00000017  c_w.l(_printf_percent_end.o)
    0x080001ee   0x080001ee   0x00000002   Code   RO         3038    .ARM.Collect$$libinit$$00000000  c_w.l(libinit.o)
    0x080001f0   0x080001f0   0x00000000   Code   RO         3045    .ARM.Collect$$libinit$$00000002  c_w.l(libinit2.o)
    0x080001f0   0x080001f0   0x00000000   Code   RO         3047    .ARM.Collect$$libinit$$00000004  c_w.l(libinit2.o)
    0x080001f0   0x080001f0   0x00000000   Code   RO         3050    .ARM.Collect$$libinit$$0000000A  c_w.l(libinit2.o)
    0x080001f0   0x080001f0   0x00000000   Code   RO         3052    .ARM.Collect$$libinit$$0000000C  c_w.l(libinit2.o)
    0x080001f0   0x080001f0   0x00000000   Code   RO         3054    .ARM.Collect$$libinit$$0000000E  c_w.l(libinit2.o)
    0x080001f0   0x080001f0   0x00000000   Code   RO         3057    .ARM.Collect$$libinit$$00000011  c_w.l(libinit2.o)
    0x080001f0   0x080001f0   0x00000000   Code   RO         3059    .ARM.Collect$$libinit$$00000013  c_w.l(libinit2.o)
    0x080001f0   0x080001f0   0x00000000   Code   RO         3061    .ARM.Collect$$libinit$$00000015  c_w.l(libinit2.o)
    0x080001f0   0x080001f0   0x00000000   Code   RO         3063    .ARM.Collect$$libinit$$00000017  c_w.l(libinit2.o)
    0x080001f0   0x080001f0   0x00000000   Code   RO         3065    .ARM.Collect$$libinit$$00000019  c_w.l(libinit2.o)
    0x080001f0   0x080001f0   0x00000000   Code   RO         3067    .ARM.Collect$$libinit$$0000001B  c_w.l(libinit2.o)
    0x080001f0   0x080001f0   0x00000000   Code   RO         3069    .ARM.Collect$$libinit$$0000001D  c_w.l(libinit2.o)
    0x080001f0   0x080001f0   0x00000000   Code   RO         3071    .ARM.Collect$$libinit$$0000001F  c_w.l(libinit2.o)
    0x080001f0   0x080001f0   0x00000000   Code   RO         3073    .ARM.Collect$$libinit$$00000021  c_w.l(libinit2.o)
    0x080001f0   0x080001f0   0x00000000   Code   RO         3075    .ARM.Collect$$libinit$$00000023  c_w.l(libinit2.o)
    0x080001f0   0x080001f0   0x00000000   Code   RO         3077    .ARM.Collect$$libinit$$00000025  c_w.l(libinit2.o)
    0x080001f0   0x080001f0   0x00000000   Code   RO         3081    .ARM.Collect$$libinit$$0000002C  c_w.l(libinit2.o)
    0x080001f0   0x080001f0   0x00000000   Code   RO         3083    .ARM.Collect$$libinit$$0000002E  c_w.l(libinit2.o)
    0x080001f0   0x080001f0   0x00000000   Code   RO         3085    .ARM.Collect$$libinit$$00000030  c_w.l(libinit2.o)
    0x080001f0   0x080001f0   0x00000000   Code   RO         3087    .ARM.Collect$$libinit$$00000032  c_w.l(libinit2.o)
    0x080001f0   0x080001f0   0x00000002   Code   RO         3088    .ARM.Collect$$libinit$$00000033  c_w.l(libinit2.o)
    0x080001f2   0x080001f2   0x00000002   Code   RO         3108    .ARM.Collect$$libshutdown$$00000000  c_w.l(libshutdown.o)
    0x080001f4   0x080001f4   0x00000000   Code   RO         3121    .ARM.Collect$$libshutdown$$00000002  c_w.l(libshutdown2.o)
    0x080001f4   0x080001f4   0x00000000   Code   RO         3123    .ARM.Collect$$libshutdown$$00000004  c_w.l(libshutdown2.o)
    0x080001f4   0x080001f4   0x00000000   Code   RO         3126    .ARM.Collect$$libshutdown$$00000007  c_w.l(libshutdown2.o)
    0x080001f4   0x080001f4   0x00000000   Code   RO         3129    .ARM.Collect$$libshutdown$$0000000A  c_w.l(libshutdown2.o)
    0x080001f4   0x080001f4   0x00000000   Code   RO         3131    .ARM.Collect$$libshutdown$$0000000C  c_w.l(libshutdown2.o)
    0x080001f4   0x080001f4   0x00000000   Code   RO         3134    .ARM.Collect$$libshutdown$$0000000F  c_w.l(libshutdown2.o)
    0x080001f4   0x080001f4   0x00000002   Code   RO         3135    .ARM.Collect$$libshutdown$$00000010  c_w.l(libshutdown2.o)
    0x080001f6   0x080001f6   0x00000000   Code   RO         2999    .ARM.Collect$$rtentry$$00000000  c_w.l(__rtentry.o)
    0x080001f6   0x080001f6   0x00000000   Code   RO         3013    .ARM.Collect$$rtentry$$00000002  c_w.l(__rtentry2.o)
    0x080001f6   0x080001f6   0x00000006   Code   RO         3025    .ARM.Collect$$rtentry$$00000004  c_w.l(__rtentry4.o)
    0x080001fc   0x080001fc   0x00000000   Code   RO         3015    .ARM.Collect$$rtentry$$00000009  c_w.l(__rtentry2.o)
    0x080001fc   0x080001fc   0x00000004   Code   RO         3016    .ARM.Collect$$rtentry$$0000000A  c_w.l(__rtentry2.o)
    0x08000200   0x08000200   0x00000000   Code   RO         3018    .ARM.Collect$$rtentry$$0000000C  c_w.l(__rtentry2.o)
    0x08000200   0x08000200   0x00000008   Code   RO         3019    .ARM.Collect$$rtentry$$0000000D  c_w.l(__rtentry2.o)
    0x08000208   0x08000208   0x00000002   Code   RO         3042    .ARM.Collect$$rtexit$$00000000  c_w.l(rtexit.o)
    0x0800020a   0x0800020a   0x00000000   Code   RO         3090    .ARM.Collect$$rtexit$$00000002  c_w.l(rtexit2.o)
    0x0800020a   0x0800020a   0x00000004   Code   RO         3091    .ARM.Collect$$rtexit$$00000003  c_w.l(rtexit2.o)
    0x0800020e   0x0800020e   0x00000006   Code   RO         3092    .ARM.Collect$$rtexit$$00000004  c_w.l(rtexit2.o)
    0x08000214   0x08000214   0x00000040   Code   RO            4    .text               startup_stm32f103xe.o
    0x08000254   0x08000254   0x00000028   Code   RO         2943    .text               c_w.l(noretval__2sprintf.o)
    0x0800027c   0x0800027c   0x00000068   Code   RO         2945    .text               c_w.l(__printf.o)
    0x080002e4   0x080002e4   0x00000078   Code   RO         2947    .text               c_w.l(_printf_dec.o)
    0x0800035c   0x0800035c   0x0000003e   Code   RO         2971    .text               c_w.l(strlen.o)
    0x0800039a   0x0800039a   0x0000008a   Code   RO         2973    .text               c_w.l(rt_memcpy_v6.o)
    0x08000424   0x08000424   0x00000064   Code   RO         2975    .text               c_w.l(rt_memcpy_w.o)
    0x08000488   0x08000488   0x0000004e   Code   RO         2977    .text               c_w.l(rt_memclr_w.o)
    0x080004d6   0x080004d6   0x00000006   Code   RO         2979    .text               c_w.l(heapauxi.o)
    0x080004dc   0x080004dc   0x000000b2   Code   RO         3000    .text               c_w.l(_printf_intcommon.o)
    0x0800058e   0x0800058e   0x00000002   PAD
    0x08000590   0x08000590   0x00000030   Code   RO         3002    .text               c_w.l(_printf_char_common.o)
    0x080005c0   0x080005c0   0x0000000a   Code   RO         3004    .text               c_w.l(_sputc.o)
    0x080005ca   0x080005ca   0x0000004a   Code   RO         3029    .text               c_w.l(sys_stackheap_outer.o)
    0x08000614   0x08000614   0x00000012   Code   RO         3031    .text               c_w.l(exit.o)
    0x08000626   0x08000626   0x00000002   PAD
    0x08000628   0x08000628   0x00000008   Code   RO         3039    .text               c_w.l(libspace.o)
    0x08000630   0x08000630   0x0000000c   Code   RO         3100    .text               c_w.l(sys_exit.o)
    0x0800063c   0x0800063c   0x00000002   Code   RO         3111    .text               c_w.l(use_no_semi.o)
    0x0800063e   0x0800063e   0x00000000   Code   RO         3113    .text               c_w.l(indicate_semi.o)
    0x0800063e   0x0800063e   0x00000002   PAD
    0x08000640   0x08000640   0x000000e4   Code   RO         2877    i.AD7606_ReadData   ad7606.o
    0x08000724   0x08000724   0x0000007c   Code   RO         2878    i.AD7606_SampleRate  ad7606.o
    0x080007a0   0x080007a0   0x00000050   Code   RO         2879    i.AD7606_config     ad7606.o
    0x080007f0   0x080007f0   0x0000014c   Code   RO         2880    i.AD7606_readConversionValue  ad7606.o
    0x0800093c   0x0800093c   0x0000002c   Code   RO         2881    i.AD7606_reset      ad7606.o
    0x08000968   0x08000968   0x00000068   Code   RO         2882    i.AD7606_startConv  ad7606.o
    0x080009d0   0x080009d0   0x00000002   Code   RO          196    i.BusFault_Handler  stm32f1xx_it.o
    0x080009d2   0x080009d2   0x00000004   Code   RO          431    i.CDC_Control_FS    usbd_cdc_if.o
    0x080009d6   0x080009d6   0x00000004   Code   RO          432    i.CDC_DeInit_FS     usbd_cdc_if.o
    0x080009da   0x080009da   0x00000002   PAD
    0x080009dc   0x080009dc   0x00000024   Code   RO          433    i.CDC_Init_FS       usbd_cdc_if.o
    0x08000a00   0x08000a00   0x00000048   Code   RO          434    i.CDC_Receive_FS    usbd_cdc_if.o
    0x08000a48   0x08000a48   0x0000002c   Code   RO          435    i.CDC_Transmit_FS   usbd_cdc_if.o
    0x08000a74   0x08000a74   0x00000044   Code   RO         2853    i.DWT_Delay_Init    dwt_stm32_delay.o
    0x08000ab8   0x08000ab8   0x0000002c   Code   RO         2883    i.DWT_Delay_us      ad7606.o
    0x08000ae4   0x08000ae4   0x00000002   Code   RO          197    i.DebugMon_Handler  stm32f1xx_it.o
    0x08000ae6   0x08000ae6   0x00000004   Code   RO           13    i.Error_Handler     main.o
    0x08000aea   0x08000aea   0x00000046   Code   RO         2173    i.HAL_DAC_ConfigChannel  stm32f1xx_hal_dac.o
    0x08000b30   0x08000b30   0x00000028   Code   RO         2183    i.HAL_DAC_Init      stm32f1xx_hal_dac.o
    0x08000b58   0x08000b58   0x00000058   Code   RO          279    i.HAL_DAC_MspInit   stm32f1xx_hal_msp.o
    0x08000bb0   0x08000bb0   0x0000001a   Code   RO         2186    i.HAL_DAC_SetValue  stm32f1xx_hal_dac.o
    0x08000bca   0x08000bca   0x0000005c   Code   RO         2187    i.HAL_DAC_Start     stm32f1xx_hal_dac.o
    0x08000c26   0x08000c26   0x00000002   PAD
    0x08000c28   0x08000c28   0x00000024   Code   RO         1202    i.HAL_Delay         stm32f1xx_hal.o
    0x08000c4c   0x08000c4c   0x000001f8   Code   RO         1510    i.HAL_GPIO_Init     stm32f1xx_hal_gpio.o
    0x08000e44   0x08000e44   0x0000000a   Code   RO         1512    i.HAL_GPIO_ReadPin  stm32f1xx_hal_gpio.o
    0x08000e4e   0x08000e4e   0x0000000a   Code   RO         1514    i.HAL_GPIO_WritePin  stm32f1xx_hal_gpio.o
    0x08000e58   0x08000e58   0x0000000c   Code   RO         1206    i.HAL_GetTick       stm32f1xx_hal.o
    0x08000e64   0x08000e64   0x00000010   Code   RO         1212    i.HAL_IncTick       stm32f1xx_hal.o
    0x08000e74   0x08000e74   0x00000024   Code   RO         1213    i.HAL_Init          stm32f1xx_hal.o
    0x08000e98   0x08000e98   0x00000040   Code   RO         1214    i.HAL_InitTick      stm32f1xx_hal.o
    0x08000ed8   0x08000ed8   0x0000003c   Code   RO          280    i.HAL_MspInit       stm32f1xx_hal_msp.o
    0x08000f14   0x08000f14   0x0000001a   Code   RO         1670    i.HAL_NVIC_EnableIRQ  stm32f1xx_hal_cortex.o
    0x08000f2e   0x08000f2e   0x00000002   PAD
    0x08000f30   0x08000f30   0x00000040   Code   RO         1676    i.HAL_NVIC_SetPriority  stm32f1xx_hal_cortex.o
    0x08000f70   0x08000f70   0x00000024   Code   RO         1677    i.HAL_NVIC_SetPriorityGrouping  stm32f1xx_hal_cortex.o
    0x08000f94   0x08000f94   0x0000003c   Code   RO          975    i.HAL_PCDEx_PMAConfig  stm32f1xx_hal_pcd_ex.o
    0x08000fd0   0x08000fd0   0x00000002   Code   RO          494    i.HAL_PCDEx_SetConnectionState  usbd_conf.o
    0x08000fd2   0x08000fd2   0x00000012   Code   RO          496    i.HAL_PCD_DataInStageCallback  usbd_conf.o
    0x08000fe4   0x08000fe4   0x00000014   Code   RO          497    i.HAL_PCD_DataOutStageCallback  usbd_conf.o
    0x08000ff8   0x08000ff8   0x0000004c   Code   RO          751    i.HAL_PCD_EP_Close  stm32f1xx_hal_pcd.o
    0x08001044   0x08001044   0x0000005c   Code   RO          752    i.HAL_PCD_EP_ClrStall  stm32f1xx_hal_pcd.o
    0x080010a0   0x080010a0   0x000000e6   Code   RO          753    i.HAL_PCD_EP_DB_Receive  stm32f1xx_hal_pcd.o
    0x08001186   0x08001186   0x00000330   Code   RO          754    i.HAL_PCD_EP_DB_Transmit  stm32f1xx_hal_pcd.o
    0x080014b6   0x080014b6   0x00000012   Code   RO          756    i.HAL_PCD_EP_GetRxCount  stm32f1xx_hal_pcd.o
    0x080014c8   0x080014c8   0x00000060   Code   RO          757    i.HAL_PCD_EP_Open   stm32f1xx_hal_pcd.o
    0x08001528   0x08001528   0x00000032   Code   RO          758    i.HAL_PCD_EP_Receive  stm32f1xx_hal_pcd.o
    0x0800155a   0x0800155a   0x00000072   Code   RO          759    i.HAL_PCD_EP_SetStall  stm32f1xx_hal_pcd.o
    0x080015cc   0x080015cc   0x00000034   Code   RO          760    i.HAL_PCD_EP_Transmit  stm32f1xx_hal_pcd.o
    0x08001600   0x08001600   0x00000154   Code   RO          762    i.HAL_PCD_IRQHandler  stm32f1xx_hal_pcd.o
    0x08001754   0x08001754   0x000000da   Code   RO          765    i.HAL_PCD_Init      stm32f1xx_hal_pcd.o
    0x0800182e   0x0800182e   0x00000002   PAD
    0x08001830   0x08001830   0x0000003c   Code   RO          502    i.HAL_PCD_MspInit   usbd_conf.o
    0x0800186c   0x0800186c   0x00000026   Code   RO          503    i.HAL_PCD_ResetCallback  usbd_conf.o
    0x08001892   0x08001892   0x00000008   Code   RO          504    i.HAL_PCD_ResumeCallback  usbd_conf.o
    0x0800189a   0x0800189a   0x00000008   Code   RO          505    i.HAL_PCD_SOFCallback  usbd_conf.o
    0x080018a2   0x080018a2   0x00000028   Code   RO          771    i.HAL_PCD_SetAddress  stm32f1xx_hal_pcd.o
    0x080018ca   0x080018ca   0x0000000e   Code   RO          506    i.HAL_PCD_SetupStageCallback  usbd_conf.o
    0x080018d8   0x080018d8   0x00000032   Code   RO          773    i.HAL_PCD_Start     stm32f1xx_hal_pcd.o
    0x0800190a   0x0800190a   0x00000002   PAD
    0x0800190c   0x0800190c   0x00000024   Code   RO          507    i.HAL_PCD_SuspendCallback  usbd_conf.o
    0x08001930   0x08001930   0x000000ec   Code   RO         1473    i.HAL_RCCEx_PeriphCLKConfig  stm32f1xx_hal_rcc_ex.o
    0x08001a1c   0x08001a1c   0x0000012c   Code   RO         1370    i.HAL_RCC_ClockConfig  stm32f1xx_hal_rcc.o
    0x08001b48   0x08001b48   0x0000000c   Code   RO         1375    i.HAL_RCC_GetHCLKFreq  stm32f1xx_hal_rcc.o
    0x08001b54   0x08001b54   0x0000006c   Code   RO         1379    i.HAL_RCC_GetSysClockFreq  stm32f1xx_hal_rcc.o
    0x08001bc0   0x08001bc0   0x00000320   Code   RO         1382    i.HAL_RCC_OscConfig  stm32f1xx_hal_rcc.o
    0x08001ee0   0x08001ee0   0x00000028   Code   RO         1681    i.HAL_SYSTICK_Config  stm32f1xx_hal_cortex.o
    0x08001f08   0x08001f08   0x00000002   Code   RO          198    i.HardFault_Handler  stm32f1xx_it.o
    0x08001f0a   0x08001f0a   0x00000002   PAD
    0x08001f0c   0x08001f0c   0x00000038   Code   RO          345    i.IntToUnicode      usbd_desc.o
    0x08001f44   0x08001f44   0x000000f8   Code   RO           14    i.MX_GPIO_Init      main.o
    0x0800203c   0x0800203c   0x00000054   Code   RO          314    i.MX_USB_DEVICE_Init  usb_device.o
    0x08002090   0x08002090   0x00000002   Code   RO          199    i.MemManage_Handler  stm32f1xx_it.o
    0x08002092   0x08002092   0x00000002   Code   RO          200    i.NMI_Handler       stm32f1xx_it.o
    0x08002094   0x08002094   0x00000314   Code   RO          777    i.PCD_EP_ISR_Handler  stm32f1xx_hal_pcd.o
    0x080023a8   0x080023a8   0x00000002   Code   RO          201    i.PendSV_Handler    stm32f1xx_it.o
    0x080023aa   0x080023aa   0x00000002   Code   RO          202    i.SVC_Handler       stm32f1xx_it.o
    0x080023ac   0x080023ac   0x00000004   Code   RO          203    i.SysTick_Handler   stm32f1xx_it.o
    0x080023b0   0x080023b0   0x00000078   Code   RO           15    i.SystemClock_Config  main.o
    0x08002428   0x08002428   0x00000002   Code   RO         2447    i.SystemInit        system_stm32f1xx.o
    0x0800242a   0x0800242a   0x00000046   Code   RO         2747    i.USBD_CDC_DataIn   usbd_cdc.o
    0x08002470   0x08002470   0x0000002e   Code   RO         2748    i.USBD_CDC_DataOut  usbd_cdc.o
    0x0800249e   0x0800249e   0x00000044   Code   RO         2749    i.USBD_CDC_DeInit   usbd_cdc.o
    0x080024e2   0x080024e2   0x00000024   Code   RO         2750    i.USBD_CDC_EP0_RxReady  usbd_cdc.o
    0x08002506   0x08002506   0x00000002   PAD
    0x08002508   0x08002508   0x0000000c   Code   RO         2751    i.USBD_CDC_GetDeviceQualifierDescriptor  usbd_cdc.o
    0x08002514   0x08002514   0x0000000c   Code   RO         2752    i.USBD_CDC_GetFSCfgDesc  usbd_cdc.o
    0x08002520   0x08002520   0x0000000c   Code   RO         2753    i.USBD_CDC_GetHSCfgDesc  usbd_cdc.o
    0x0800252c   0x0800252c   0x0000000c   Code   RO         2754    i.USBD_CDC_GetOtherSpeedCfgDesc  usbd_cdc.o
    0x08002538   0x08002538   0x00000094   Code   RO         2755    i.USBD_CDC_Init     usbd_cdc.o
    0x080025cc   0x080025cc   0x00000028   Code   RO         2756    i.USBD_CDC_ReceivePacket  usbd_cdc.o
    0x080025f4   0x080025f4   0x00000010   Code   RO         2757    i.USBD_CDC_RegisterInterface  usbd_cdc.o
    0x08002604   0x08002604   0x0000000c   Code   RO         2758    i.USBD_CDC_SetRxBuffer  usbd_cdc.o
    0x08002610   0x08002610   0x00000010   Code   RO         2759    i.USBD_CDC_SetTxBuffer  usbd_cdc.o
    0x08002620   0x08002620   0x000000ac   Code   RO         2760    i.USBD_CDC_Setup    usbd_cdc.o
    0x080026cc   0x080026cc   0x00000036   Code   RO         2761    i.USBD_CDC_TransmitPacket  usbd_cdc.o
    0x08002702   0x08002702   0x0000000e   Code   RO         2484    i.USBD_ClrClassConfig  usbd_core.o
    0x08002710   0x08002710   0x00000010   Code   RO         2687    i.USBD_CtlContinueRx  usbd_ioreq.o
    0x08002720   0x08002720   0x00000010   Code   RO         2688    i.USBD_CtlContinueSendData  usbd_ioreq.o
    0x08002730   0x08002730   0x00000016   Code   RO         2622    i.USBD_CtlError     usbd_ctlreq.o
    0x08002746   0x08002746   0x0000001e   Code   RO         2689    i.USBD_CtlPrepareRx  usbd_ioreq.o
    0x08002764   0x08002764   0x00000016   Code   RO         2690    i.USBD_CtlReceiveStatus  usbd_ioreq.o
    0x0800277a   0x0800277a   0x0000001a   Code   RO         2691    i.USBD_CtlSendData  usbd_ioreq.o
    0x08002794   0x08002794   0x00000016   Code   RO         2692    i.USBD_CtlSendStatus  usbd_ioreq.o
    0x080027aa   0x080027aa   0x00000002   PAD
    0x080027ac   0x080027ac   0x00000020   Code   RO          346    i.USBD_FS_ConfigStrDescriptor  usbd_desc.o
    0x080027cc   0x080027cc   0x0000000c   Code   RO          347    i.USBD_FS_DeviceDescriptor  usbd_desc.o
    0x080027d8   0x080027d8   0x00000024   Code   RO          348    i.USBD_FS_InterfaceStrDescriptor  usbd_desc.o
    0x080027fc   0x080027fc   0x0000000c   Code   RO          349    i.USBD_FS_LangIDStrDescriptor  usbd_desc.o
    0x08002808   0x08002808   0x00000028   Code   RO          350    i.USBD_FS_ManufacturerStrDescriptor  usbd_desc.o
    0x08002830   0x08002830   0x0000002c   Code   RO          351    i.USBD_FS_ProductStrDescriptor  usbd_desc.o
    0x0800285c   0x0800285c   0x00000038   Code   RO          352    i.USBD_FS_SerialStrDescriptor  usbd_desc.o
    0x08002894   0x08002894   0x000000e8   Code   RO         2623    i.USBD_GetDescriptor  usbd_ctlreq.o
    0x0800297c   0x0800297c   0x00000048   Code   RO         2624    i.USBD_GetString    usbd_ctlreq.o
    0x080029c4   0x080029c4   0x00000018   Code   RO          508    i.USBD_Get_USB_Status  usbd_conf.o
    0x080029dc   0x080029dc   0x0000002a   Code   RO         2486    i.USBD_Init         usbd_core.o
    0x08002a06   0x08002a06   0x00000012   Code   RO          509    i.USBD_LL_ClearStallEP  usbd_conf.o
    0x08002a18   0x08002a18   0x00000012   Code   RO          510    i.USBD_LL_CloseEP   usbd_conf.o
    0x08002a2a   0x08002a2a   0x000000c6   Code   RO         2487    i.USBD_LL_DataInStage  usbd_core.o
    0x08002af0   0x08002af0   0x00000082   Code   RO         2488    i.USBD_LL_DataOutStage  usbd_core.o
    0x08002b72   0x08002b72   0x00000008   Code   RO          514    i.USBD_LL_GetRxDataSize  usbd_conf.o
    0x08002b7a   0x08002b7a   0x00000002   PAD
    0x08002b7c   0x08002b7c   0x00000080   Code   RO          515    i.USBD_LL_Init      usbd_conf.o
    0x08002bfc   0x08002bfc   0x00000020   Code   RO          516    i.USBD_LL_IsStallEP  usbd_conf.o
    0x08002c1c   0x08002c1c   0x00000018   Code   RO          517    i.USBD_LL_OpenEP    usbd_conf.o
    0x08002c34   0x08002c34   0x00000012   Code   RO          518    i.USBD_LL_PrepareReceive  usbd_conf.o
    0x08002c46   0x08002c46   0x00000050   Code   RO         2493    i.USBD_LL_Reset     usbd_core.o
    0x08002c96   0x08002c96   0x00000014   Code   RO         2494    i.USBD_LL_Resume    usbd_core.o
    0x08002caa   0x08002caa   0x00000018   Code   RO         2495    i.USBD_LL_SOF       usbd_core.o
    0x08002cc2   0x08002cc2   0x00000006   Code   RO         2496    i.USBD_LL_SetSpeed  usbd_core.o
    0x08002cc8   0x08002cc8   0x00000012   Code   RO          519    i.USBD_LL_SetUSBAddress  usbd_conf.o
    0x08002cda   0x08002cda   0x0000005a   Code   RO         2497    i.USBD_LL_SetupStage  usbd_core.o
    0x08002d34   0x08002d34   0x00000012   Code   RO          520    i.USBD_LL_StallEP   usbd_conf.o
    0x08002d46   0x08002d46   0x00000012   Code   RO          521    i.USBD_LL_Start     usbd_conf.o
    0x08002d58   0x08002d58   0x00000012   Code   RO         2498    i.USBD_LL_Suspend   usbd_core.o
    0x08002d6a   0x08002d6a   0x00000012   Code   RO          523    i.USBD_LL_Transmit  usbd_conf.o
    0x08002d7c   0x08002d7c   0x00000028   Code   RO         2625    i.USBD_ParseSetupRequest  usbd_ctlreq.o
    0x08002da4   0x08002da4   0x00000010   Code   RO         2499    i.USBD_RegisterClass  usbd_core.o
    0x08002db4   0x08002db4   0x00000016   Code   RO         2501    i.USBD_SetClassConfig  usbd_core.o
    0x08002dca   0x08002dca   0x00000002   PAD
    0x08002dcc   0x08002dcc   0x00000084   Code   RO         2626    i.USBD_SetConfig    usbd_ctlreq.o
    0x08002e50   0x08002e50   0x0000000a   Code   RO         2502    i.USBD_Start        usbd_core.o
    0x08002e5a   0x08002e5a   0x00000112   Code   RO         2627    i.USBD_StdDevReq    usbd_ctlreq.o
    0x08002f6c   0x08002f6c   0x00000150   Code   RO         2628    i.USBD_StdEPReq     usbd_ctlreq.o
    0x080030bc   0x080030bc   0x0000004e   Code   RO         2629    i.USBD_StdItfReq    usbd_ctlreq.o
    0x0800310a   0x0800310a   0x00000002   Code   RO          524    i.USBD_static_free  usbd_conf.o
    0x0800310c   0x0800310c   0x00000008   Code   RO          525    i.USBD_static_malloc  usbd_conf.o
    0x08003114   0x08003114   0x00000258   Code   RO         1015    i.USB_ActivateEndpoint  stm32f1xx_ll_usb.o
    0x0800336c   0x0800336c   0x00000004   Code   RO         1018    i.USB_CoreInit      stm32f1xx_ll_usb.o
    0x08003370   0x08003370   0x0000010e   Code   RO         1020    i.USB_DeactivateEndpoint  stm32f1xx_ll_usb.o
    0x0800347e   0x0800347e   0x00000004   Code   RO         1021    i.USB_DevConnect    stm32f1xx_ll_usb.o
    0x08003482   0x08003482   0x00000004   Code   RO         1022    i.USB_DevDisconnect  stm32f1xx_ll_usb.o
    0x08003486   0x08003486   0x00000012   Code   RO         1023    i.USB_DevInit       stm32f1xx_ll_usb.o
    0x08003498   0x08003498   0x0000000e   Code   RO         1024    i.USB_DisableGlobalInt  stm32f1xx_ll_usb.o
    0x080034a6   0x080034a6   0x00000004   Code   RO         1025    i.USB_EP0_OutStart  stm32f1xx_ll_usb.o
    0x080034aa   0x080034aa   0x00000078   Code   RO         1026    i.USB_EPClearStall  stm32f1xx_ll_usb.o
    0x08003522   0x08003522   0x00000032   Code   RO         1027    i.USB_EPSetStall    stm32f1xx_ll_usb.o
    0x08003554   0x08003554   0x0000060c   Code   RO         1028    i.USB_EPStartXfer   stm32f1xx_ll_usb.o
    0x08003b60   0x08003b60   0x00000012   Code   RO         1029    i.USB_EnableGlobalInt  stm32f1xx_ll_usb.o
    0x08003b72   0x08003b72   0x00000002   PAD
    0x08003b74   0x08003b74   0x0000000c   Code   RO          204    i.USB_LP_CAN1_RX0_IRQHandler  stm32f1xx_it.o
    0x08003b80   0x08003b80   0x00000006   Code   RO         1036    i.USB_ReadInterrupts  stm32f1xx_ll_usb.o
    0x08003b86   0x08003b86   0x00000002   PAD
    0x08003b88   0x08003b88   0x0000002c   Code   RO         1037    i.USB_ReadPMA       stm32f1xx_ll_usb.o
    0x08003bb4   0x08003bb4   0x00000004   Code   RO         1038    i.USB_SetCurrentMode  stm32f1xx_ll_usb.o
    0x08003bb8   0x08003bb8   0x0000000c   Code   RO         1039    i.USB_SetDevAddress  stm32f1xx_ll_usb.o
    0x08003bc4   0x08003bc4   0x00000026   Code   RO         1041    i.USB_WritePMA      stm32f1xx_ll_usb.o
    0x08003bea   0x08003bea   0x00000002   Code   RO          205    i.UsageFault_Handler  stm32f1xx_it.o
    0x08003bec   0x08003bec   0x0000004c   Code   RO          436    i.VCP_retrieveInputData  usbd_cdc_if.o
    0x08003c38   0x08003c38   0x00000020   Code   RO         1683    i.__NVIC_SetPriority  stm32f1xx_hal_cortex.o
    0x08003c58   0x08003c58   0x0000014c   Code   RO           16    i.main              main.o
    0x08003da4   0x08003da4   0x00000184   Code   RO         2984    x$fpl$fdiv          fz_ws.l(fdiv.o)
    0x08003f28   0x08003f28   0x0000003e   Code   RO         2987    x$fpl$ffixu         fz_ws.l(ffixu.o)
    0x08003f66   0x08003f66   0x00000002   PAD
    0x08003f68   0x08003f68   0x00000026   Code   RO         2991    x$fpl$ffltu         fz_ws.l(fflt_clz.o)
    0x08003f8e   0x08003f8e   0x00000002   PAD
    0x08003f90   0x08003f90   0x00000102   Code   RO         2997    x$fpl$fmul          fz_ws.l(fmul.o)
    0x08004092   0x08004092   0x0000008c   Code   RO         3007    x$fpl$fnaninf       fz_ws.l(fnaninf.o)
    0x0800411e   0x0800411e   0x0000000a   Code   RO         3009    x$fpl$fretinf       fz_ws.l(fretinf.o)
    0x08004128   0x08004128   0x00000000   Code   RO         3011    x$fpl$usenofp       fz_ws.l(usenofp.o)
    0x08004128   0x08004128   0x00000010   Data   RO         2448    .constdata          system_stm32f1xx.o
    0x08004138   0x08004138   0x00000020   Data   RO         3166    Region$$Table       anon$$obj.o


    Execution Region RW_IRAM1 (Exec base: 0x20000000, Load base: 0x08004158, Size: 0x000031b0, Max: 0x0000c000, ABSOLUTE, COMPRESSED[0x000000c4])

    Exec Addr    Load Addr    Size         Type   Attr      Idx    E Section Name        Object

    0x20000000   COMPRESSED   0x00000018   Data   RW           19    .data               main.o
    0x20000018   COMPRESSED   0x0000001c   Data   RW          354    .data               usbd_desc.o
    0x20000034   COMPRESSED   0x00000032   Data   RW          355    .data               usbd_desc.o
    0x20000066   COMPRESSED   0x00000002   PAD
    0x20000068   COMPRESSED   0x00000010   Data   RW          442    .data               usbd_cdc_if.o
    0x20000078   COMPRESSED   0x0000000c   Data   RW         1220    .data               stm32f1xx_hal.o
    0x20000084   COMPRESSED   0x00000004   Data   RW         2450    .data               system_stm32f1xx.o
    0x20000088   COMPRESSED   0x00000001   Data   RW         2630    .data               usbd_ctlreq.o
    0x20000089   COMPRESSED   0x00000003   PAD
    0x2000008c   COMPRESSED   0x000000d7   Data   RW         2762    .data               usbd_cdc.o
    0x20000163   COMPRESSED   0x00000001   PAD
    0x20000164   COMPRESSED   0x00000038   Data   RW         2763    .data               usbd_cdc.o
    0x2000019c   COMPRESSED   0x00000001   Data   RW         2884    .data               ad7606.o
    0x2000019d   COMPRESSED   0x00000003   PAD
    0x200001a0        -       0x00000474   Zero   RW           17    .bss                main.o
    0x20000614        -       0x000002c4   Zero   RW          315    .bss                usb_device.o
    0x200008d8        -       0x00000200   Zero   RW          353    .bss                usbd_desc.o
    0x20000ad8        -       0x00001b68   Zero   RW          438    .bss                usbd_cdc_if.o
    0x20002640        -       0x0000050c   Zero   RW          526    .bss                usbd_conf.o
    0x20002b4c        -       0x00000060   Zero   RW         3040    .bss                c_w.l(libspace.o)
    0x20002bac   COMPRESSED   0x00000004   PAD
    0x20002bb0        -       0x00000200   Zero   RW            2    HEAP                startup_stm32f103xe.o
    0x20002db0        -       0x00000400   Zero   RW            1    STACK               startup_stm32f103xe.o


==============================================================================

Image component sizes


      Code (inc. data)   RO Data    RW Data    ZI Data      Debug   Object Name

       956         68          0          1          0       4613   ad7606.o
        68         10          0          0          0        545   dwt_stm32_delay.o
       704         80          0         24       1140     470415   main.o
        64         26        304          0       1536        812   startup_stm32f103xe.o
       164         28          0         12          0       6529   stm32f1xx_hal.o
       198         14          0          0          0      28963   stm32f1xx_hal_cortex.o
       228          0          0          0          0       3350   stm32f1xx_hal_dac.o
       524         42          0          0          0       3543   stm32f1xx_hal_gpio.o
       148         20          0          0          0       1548   stm32f1xx_hal_msp.o
      2980          0          0          0          0      13933   stm32f1xx_hal_pcd.o
        60          0          0          0          0       1182   stm32f1xx_hal_pcd_ex.o
      1220         82          0          0          0       4530   stm32f1xx_hal_rcc.o
       236         12          0          0          0       1388   stm32f1xx_hal_rcc_ex.o
        32          6          0          0          0       4359   stm32f1xx_it.o
      2758          0          0          0          0      16619   stm32f1xx_ll_usb.o
         2          0         16          4          0       1127   system_stm32f1xx.o
        84         18          0          0        708        796   usb_device.o
       726         16          0        271          0      13098   usbd_cdc.o
       236         34          0         16       7016       4841   usbd_cdc_if.o
       556         30          0          0       1292      14265   usbd_conf.o
       670          0          0          0          0       9507   usbd_core.o
      1186         28          0          1          0       7940   usbd_ctlreq.o
       288        104          0         78        512       5949   usbd_desc.o
       132          0          0          0          0       4344   usbd_ioreq.o

    ----------------------------------------------------------------------
     14244        618        352        416      12204     624196   Object Totals
         0          0         32          0          0          0   (incl. Generated)
        24          0          0          9          0          0   (incl. Padding)

    ----------------------------------------------------------------------

      Code (inc. data)   RO Data    RW Data    ZI Data      Debug   Library Member Name

        90          0          0          0          0          0   __dczerorl2.o
         8          0          0          0          0         68   __main.o
       104          0          0          0          0         84   __printf.o
         0          0          0          0          0          0   __rtentry.o
        12          0          0          0          0          0   __rtentry2.o
         6          0          0          0          0          0   __rtentry4.o
        52          8          0          0          0          0   __scatter.o
        28          0          0          0          0          0   __scatter_zi.o
        48          6          0          0          0         96   _printf_char_common.o
         6          0          0          0          0          0   _printf_d.o
       120         16          0          0          0         92   _printf_dec.o
       178          0          0          0          0         88   _printf_intcommon.o
         0          0          0          0          0          0   _printf_percent.o
         4          0          0          0          0          0   _printf_percent_end.o
        10          0          0          0          0         68   _sputc.o
        18          0          0          0          0         80   exit.o
         6          0          0          0          0        152   heapauxi.o
         0          0          0          0          0          0   indicate_semi.o
         2          0          0          0          0          0   libinit.o
         2          0          0          0          0          0   libinit2.o
         2          0          0          0          0          0   libshutdown.o
         2          0          0          0          0          0   libshutdown2.o
         8          4          0          0         96         68   libspace.o
        40          6          0          0          0         84   noretval__2sprintf.o
        78          0          0          0          0         80   rt_memclr_w.o
       138          0          0          0          0         68   rt_memcpy_v6.o
       100          0          0          0          0         80   rt_memcpy_w.o
         2          0          0          0          0          0   rtexit.o
        10          0          0          0          0          0   rtexit2.o
        62          0          0          0          0         76   strlen.o
        12          4          0          0          0         68   sys_exit.o
        74          0          0          0          0         80   sys_stackheap_outer.o
         2          0          0          0          0         68   use_no_semi.o
       388         76          0          0          0         96   fdiv.o
        62          4          0          0          0         84   ffixu.o
        38          0          0          0          0         68   fflt_clz.o
       258          4          0          0          0         84   fmul.o
       140          4          0          0          0         84   fnaninf.o
        10          0          0          0          0         68   fretinf.o
         0          0          0          0          0          0   usenofp.o

    ----------------------------------------------------------------------
      2132        132          0          0        100       1884   Library Totals
        12          0          0          0          4          0   (incl. Padding)

    ----------------------------------------------------------------------

      Code (inc. data)   RO Data    RW Data    ZI Data      Debug   Library Name

      1224         44          0          0         96       1400   c_w.l
       896         88          0          0          0        484   fz_ws.l

    ----------------------------------------------------------------------
      2132        132          0          0        100       1884   Library Totals

    ----------------------------------------------------------------------

==============================================================================


      Code (inc. data)   RO Data    RW Data    ZI Data      Debug   

     16376        750        352        416      12304     617132   Grand Totals
     16376        750        352        196      12304     617132   ELF Image Totals (compressed)
     16376        750        352        196          0          0   ROM Totals

==============================================================================

    Total RO  Size (Code + RO Data)                16728 (  16.34kB)
    Total RW  Size (RW Data + ZI Data)             12720 (  12.42kB)
    Total ROM Size (Code + RO Data + RW Data)      16924 (  16.53kB)

==============================================================================

